
There are no discarded input sections

Memory Configuration

Name             Origin             Length             Attributes
*default*        0x0000000000000000 0xffffffffffffffff

Linker script and memory map


.text           0x0000000000100000     0x767a
                0x0000000000100000                text = .
 *(.text*)
 .text          0x0000000000100000       0x11 dist/loader.o
                0x0000000000100000                loader
 .text          0x0000000000100011        0x0 dist/modules/memory/memoryBuddy.o
 .text          0x0000000000100011        0x0 dist/modules/memory/memoryOwn.o
 .text          0x0000000000100011       0xf5 dist/modules/memory/memoryNaive.o
                0x0000000000100011                initializeMemoryManager
                0x0000000000100057                malloc
                0x00000000001000b8                free
                0x00000000001000d2                getTotalMemory
                0x00000000001000ec                getUsedMemory
 .text          0x0000000000100106      0x3a6 dist/modules/interruptions/exceptions.o
                0x0000000000100106                exceptionDispatcher
 .text          0x00000000001004ac       0x58 dist/modules/interruptions/irqDispatcher.o
                0x00000000001004ac                irqDispatcher
 .text          0x0000000000100504      0x155 dist/modules/interruptions/idtLoader.o
                0x0000000000100504                load_idt
 .text          0x0000000000100659      0x270 dist/modules/loader/moduleLoader.o
                0x0000000000100659                loadModules
 .text          0x00000000001008c9      0x6f1 dist/modules/comunication/pipes.o
                0x0000000000100a42                create_pipe
 .text          0x0000000000100fba      0xe8f dist/modules/terminal/terminal.o
                0x0000000000100fba                selectStyle
                0x0000000000100fd4                setTextSize
                0x000000000010103c                textMode
                0x0000000000101085                clearTextBuffer
                0x00000000001010dc                print
                0x0000000000101166                printChar
                0x00000000001011d4                deleteChar
                0x0000000000101247                scrollDown
                0x00000000001012b0                scrollUp
                0x0000000000101335                printHex64
                0x00000000001013a9                printHex32
                0x000000000010141b                printHex16
                0x0000000000101491                printDec
                0x0000000000101aee                get_foreground_pid
                0x0000000000101afb                set_foreground_pid
                0x0000000000101b28                write_terminal_fd
                0x0000000000101c05                read_terminal_fd
                0x0000000000101d6d                close_terminal_fd
                0x0000000000101dca                create_terminal_fd
                0x0000000000101e16                get_terminal_fd
                0x0000000000101e23                initialize_terminal
 .text          0x0000000000101e49     0x11cc dist/modules/processes/processes.o
                0x0000000000101fc6                initializeScheduler
                0x0000000000102115                scheduler
                0x0000000000102328                create_process
                0x0000000000102ceb                kill_process
                0x0000000000102d9c                exit_current_process
                0x0000000000102def                wait_pid
                0x0000000000102edb                yield
                0x0000000000102efe                modify_process_priority_by_pid
                0x0000000000102f10                block_process
                0x0000000000102f51                unblock_process
                0x0000000000102f92                sleep_process
                0x0000000000102fa5                wait_for_process
                0x0000000000102fb8                get_processes
                0x0000000000102fc3                get_actual_pid
                0x0000000000102fd0                get_actual_process
 .text          0x0000000000103015      0x49e dist/modules/processes/registers.o
                0x0000000000103015                printHexToBuffer
                0x000000000010306f                printHex16ToBuffer
                0x00000000001030a0                printHex64ToBuffer
                0x000000000010318c                printStruct
                0x000000000010348d                dump_registers
                0x00000000001034a8                get_register_dump
 .text          0x00000000001034b3      0x2e8 dist/modules/lib/lib.o
                0x00000000001034b3                memset
                0x000000000010356e                memcpy
                0x0000000000103649                uintToBase
                0x0000000000103728                strcpy
                0x000000000010376b                strlen
 .text          0x000000000010379b      0xb9d dist/modules/syscalls.o
                0x00000000001037f8                sysCallDispatcher
 .text          0x0000000000104338      0x644 dist/kernel.o
                0x0000000000104379                clearBSS
                0x00000000001043a1                getStackBase
                0x00000000001043c0                initializeKernelBinary
                0x000000000010455b                sleep
                0x0000000000104599                MusicSO
                0x0000000000104862                main
 .text          0x000000000010497c      0x2a1 dist/drivers/screen.o
                0x000000000010497c                ncPrint
                0x00000000001049e7                ncPrintChar
                0x0000000000104a2c                ncNewline
                0x0000000000104a66                ncPrintDec
                0x0000000000104a86                ncPrintHex
                0x0000000000104aa6                ncPrintBin
                0x0000000000104ac6                ncPrintBase
                0x0000000000104af6                ncDelChar
                0x0000000000104b96                ncClear
                0x0000000000104c03                ncSetStyle
 .text          0x0000000000104c1d      0x1bf dist/drivers/time.o
                0x0000000000104c1d                calibrateMilis
                0x0000000000104ccb                getMilisFromBoot
                0x0000000000104d5f                getTime
 .text          0x0000000000104ddc     0x10f5 dist/drivers/video.o
                0x0000000000104ddc                getCharWidth
                0x0000000000104e0f                getMaxCols
                0x0000000000104e6b                getMaxRows
                0x0000000000104eb2                isTextMode
                0x0000000000104ebf                setTextMode
                0x0000000000104f8c                setFpsOverlayEnabled
                0x0000000000104fdc                swapBuffers
                0x0000000000105044                canvasMode
                0x000000000010505c                clearCanvas
                0x0000000000105097                drawPixel
                0x00000000001050c4                abs
                0x00000000001050db                drawLine
                0x000000000010521c                fillScreen
                0x000000000010535e                drawRectangle
                0x000000000010541c                drawFilledRectangle
                0x00000000001056b1                drawCircle
                0x000000000010577a                drawFilledCircle
                0x0000000000105814                drawText
                0x00000000001059ab                drawStyledChar
                0x0000000000105c88                getScreenWidth
                0x0000000000105c99                getScreenHeight
 .text          0x0000000000105ed1       0x5b dist/drivers/tick.o
                0x0000000000105ed1                timer_handler
                0x0000000000105efe                ticks_elapsed
                0x0000000000105f0b                seconds_elapsed
 .text          0x0000000000105f2c      0x2b7 dist/drivers/audio.o
                0x0000000000105f40                isAudioBufferEmpty
                0x0000000000105ffb                getNextAudioEvent
                0x0000000000106054                audio_timer_handler
                0x000000000010616d                play_sound
                0x000000000010619e                clearAudioBuffer
 .text          0x00000000001061e3      0x2ad dist/drivers/keyboard.o
                0x00000000001061e3                isFull
                0x00000000001061f5                isKeyBufferEmpty
                0x0000000000106207                clearKeyBuffer
                0x000000000010622a                keyboard_set_enabled
                0x000000000010625c                keyboard_is_enabled
                0x0000000000106269                queue
                0x00000000001062ed                getNextKey
                0x000000000010636e                keyboard_handler
 .text          0x0000000000106490       0x51 dist/asm/audio.o
                0x0000000000106490                output_audio_start
                0x00000000001064c9                stop_audio
                0x00000000001064d2                start_T
 *fill*         0x00000000001064e1        0xf 
 .text          0x00000000001064f0      0x2d9 dist/asm/interrupts.o
                0x00000000001064f0                _hlt
                0x00000000001064f3                _cli
                0x00000000001064f5                _sti
                0x00000000001064f7                picMasterMask
                0x0000000000106502                picSlaveMask
                0x000000000010650d                _irq00Handler
                0x000000000010655d                _irq01Handler
                0x00000000001065ad                _irq02Handler
                0x00000000001065fd                _irq03Handler
                0x000000000010664d                _irq04Handler
                0x000000000010669d                _irq05Handler
                0x00000000001066ed                _exception0Handler
                0x000000000010672a                _exception6Handler
                0x0000000000106767                _sysCallHandler
                0x00000000001067c6                haltcpu
 *fill*         0x00000000001067c9        0x7 
 .text          0x00000000001067d0        0xa dist/asm/keyboard.o
                0x00000000001067d0                get_keyboard_output
 *fill*         0x00000000001067da        0x6 
 .text          0x00000000001067e0       0x82 dist/asm/libasm.o
                0x00000000001067e0                cpuVendor
                0x0000000000106801                fast_memcpy
                0x000000000010681b                fast_memset
                0x0000000000106858                get_rsp
                0x000000000010685c                set_rsp
                0x0000000000106860                halt
 *fill*         0x0000000000106862        0xe 
 .text          0x0000000000106870      0x115 dist/asm/regs.o
                0x0000000000106870                addregs
 *fill*         0x0000000000106985        0xb 
 .text          0x0000000000106990       0x3b dist/asm/time.o
                0x0000000000106990                getRDTSC
                0x000000000010699a                getSeconds
                0x00000000001069a1                getMinutes
                0x00000000001069a8                getHour
                0x00000000001069af                getDayOfWeek
                0x00000000001069b6                getDayOfMonth
                0x00000000001069bd                getMonth
                0x00000000001069c4                getYear
 *fill*         0x00000000001069cb        0x5 
 .text          0x00000000001069d0       0x1f dist/asm/processes.o
                0x00000000001069d0                trampoline
                0x00000000001069d4                switch_rsp
                0x0000000000107000                . = ALIGN (0x1000)
 *fill*         0x00000000001069ef      0x611 
                0x0000000000107000                rodata = .
 *(.rodata*)
 .rodata        0x0000000000107000      0x166 dist/modules/interruptions/exceptions.o
 .rodata        0x0000000000107166       0x8c dist/modules/loader/moduleLoader.o
 .rodata        0x00000000001071f2       0x16 dist/modules/terminal/terminal.o
 .rodata        0x0000000000107208      0x11d dist/modules/processes/registers.o
 *fill*         0x0000000000107325        0x3 
 .rodata        0x0000000000107328      0x118 dist/modules/syscalls.o
 .rodata        0x0000000000107440       0xe2 dist/kernel.o
 *fill*         0x0000000000107522        0x6 
 .rodata        0x0000000000107528       0x10 dist/drivers/screen.o
 *fill*         0x0000000000107538        0x8 
 .rodata        0x0000000000107540       0x30 dist/drivers/time.o
 .rodata        0x0000000000107570       0x80 dist/drivers/video.o
 *fill*         0x00000000001075f0       0x10 
 .rodata        0x0000000000107600       0x7a dist/drivers/keyboard.o

.data           0x0000000000108000      0x94c
                0x0000000000108000                data = .
 *(.data*)
 .data          0x0000000000108000        0x0 dist/modules/memory/memoryBuddy.o
 .data          0x0000000000108000        0x0 dist/modules/memory/memoryOwn.o
 .data          0x0000000000108000        0x0 dist/modules/memory/memoryNaive.o
 .data          0x0000000000108000        0x0 dist/modules/interruptions/exceptions.o
 .data          0x0000000000108000        0x0 dist/modules/interruptions/irqDispatcher.o
 .data          0x0000000000108000        0x0 dist/modules/interruptions/idtLoader.o
 .data          0x0000000000108000        0x0 dist/modules/loader/moduleLoader.o
 .data          0x0000000000108000       0x38 dist/modules/comunication/pipes.o
 *fill*         0x0000000000108038        0x8 
 .data          0x0000000000108040       0x28 dist/modules/terminal/terminal.o
 .data          0x0000000000108068       0x10 dist/modules/processes/processes.o
                0x0000000000108068                pid_count
                0x0000000000108070                actual_index
 .data          0x0000000000108078        0x0 dist/modules/processes/registers.o
 .data          0x0000000000108078        0x0 dist/modules/lib/lib.o
 .data          0x0000000000108078        0x0 dist/modules/syscalls.o
 .data          0x0000000000108078        0x8 dist/kernel.o
                0x0000000000108078                ramAmount
 .data          0x0000000000108080       0x49 dist/drivers/screen.o
 .data          0x00000000001080c9        0x0 dist/drivers/time.o
 *fill*         0x00000000001080c9       0x17 
 .data          0x00000000001080e0      0x840 dist/drivers/video.o
                0x00000000001080e0                font8x16
                0x00000000001088e0                VBE_mode_info
                0x00000000001088e8                backbuffer
 .data          0x0000000000108920        0x0 dist/drivers/tick.o
 .data          0x0000000000108920        0x0 dist/drivers/audio.o
 .data          0x0000000000108920        0x1 dist/drivers/keyboard.o
 *fill*         0x0000000000108921        0x3 
 .data          0x0000000000108924       0x28 dist/asm/interrupts.o
                0x000000000010894c                endOfKernelBinary = .

.bss            0x0000000000109000    0x1323c
                0x0000000000109000                bss = .
 *(.bss*)
 .bss           0x0000000000109000        0x0 dist/modules/memory/memoryBuddy.o
 .bss           0x0000000000109000        0x0 dist/modules/memory/memoryOwn.o
 .bss           0x0000000000109000       0x20 dist/modules/memory/memoryNaive.o
                0x0000000000109000                initialized
                0x0000000000109008                baseAddress
                0x0000000000109010                nextAddress
                0x0000000000109018                finalAddress
 .bss           0x0000000000109020        0x0 dist/modules/interruptions/exceptions.o
 .bss           0x0000000000109020        0x0 dist/modules/interruptions/irqDispatcher.o
 .bss           0x0000000000109020        0x8 dist/modules/interruptions/idtLoader.o
                0x0000000000109020                idt
 .bss           0x0000000000109028        0x0 dist/modules/loader/moduleLoader.o
 .bss           0x0000000000109028        0x0 dist/modules/comunication/pipes.o
 *fill*         0x0000000000109028       0x18 
 .bss           0x0000000000109040     0x8020 dist/modules/terminal/terminal.o
 .bss           0x0000000000111060     0xa058 dist/modules/processes/processes.o
                0x0000000000111060                proccess_count
                0x0000000000111080                processes
                0x0000000000118880                priority_lists
                0x000000000011b080                priority_index
                0x000000000011b0a8                actual_pid
                0x000000000011b0b0                actual_process_start_time
 *fill*         0x000000000011b0b8        0x8 
 .bss           0x000000000011b0c0      0x8c4 dist/modules/processes/registers.o
 *fill*         0x000000000011b984        0x4 
 .bss           0x000000000011b988        0x8 dist/modules/lib/lib.o
 .bss           0x000000000011b990        0x4 dist/modules/syscalls.o
 *fill*         0x000000000011b994        0x4 
 .bss           0x000000000011b998        0x8 dist/kernel.o
 .bss           0x000000000011b9a0        0x0 dist/drivers/screen.o
 .bss           0x000000000011b9a0        0x8 dist/drivers/time.o
                0x000000000011b9a0                ticksPerMs
 .bss           0x000000000011b9a8       0x18 dist/drivers/video.o
 .bss           0x000000000011b9c0        0x8 dist/drivers/tick.o
 *fill*         0x000000000011b9c8       0x18 
 .bss           0x000000000011b9e0      0x40c dist/drivers/audio.o
 *fill*         0x000000000011bdec       0x14 
 .bss           0x000000000011be00      0x404 dist/drivers/keyboard.o
                0x000000000011be00                buffer
                0x000000000011c1fc                size
                0x000000000011c1fd                head
                0x000000000011c1fe                tail
                0x000000000011c1ff                isShiftPressed
                0x000000000011c200                null
 .bss           0x000000000011c204        0x8 dist/asm/interrupts.o
 .bss           0x000000000011c20c       0x30 dist/asm/regs.o
                0x000000000011c22c                saved_stack_ptr
                0x000000000011c234                initial_saved_stack_ptr
 *(EXCLUDE_FILE(*.o) COMMON)
                0x000000000011d000                . = ALIGN (0x1000)
                0x000000000011d000                endOfKernel = .
LOAD dist/loader.o
LOAD dist/modules/memory/memoryBuddy.o
LOAD dist/modules/memory/memoryOwn.o
LOAD dist/modules/memory/memoryNaive.o
LOAD dist/modules/interruptions/exceptions.o
LOAD dist/modules/interruptions/irqDispatcher.o
LOAD dist/modules/interruptions/idtLoader.o
LOAD dist/modules/loader/moduleLoader.o
LOAD dist/modules/comunication/pipes.o
LOAD dist/modules/terminal/terminal.o
LOAD dist/modules/processes/processes.o
LOAD dist/modules/processes/registers.o
LOAD dist/modules/lib/lib.o
LOAD dist/modules/syscalls.o
LOAD dist/kernel.o
LOAD dist/drivers/screen.o
LOAD dist/drivers/time.o
LOAD dist/drivers/video.o
LOAD dist/drivers/tick.o
LOAD dist/drivers/audio.o
LOAD dist/drivers/keyboard.o
LOAD dist/asm/audio.o
LOAD dist/asm/interrupts.o
LOAD dist/asm/keyboard.o
LOAD dist/asm/libasm.o
LOAD dist/asm/regs.o
LOAD dist/asm/time.o
LOAD dist/asm/processes.o
OUTPUT(kernel.bin binary)

.comment        0x0000000000000000      0x280
 .comment       0x0000000000000000       0x20 dist/modules/memory/memoryBuddy.o
 .comment       0x0000000000000020       0x20 dist/modules/memory/memoryOwn.o
 .comment       0x0000000000000040       0x20 dist/modules/memory/memoryNaive.o
 .comment       0x0000000000000060       0x20 dist/modules/interruptions/exceptions.o
 .comment       0x0000000000000080       0x20 dist/modules/interruptions/irqDispatcher.o
 .comment       0x00000000000000a0       0x20 dist/modules/interruptions/idtLoader.o
 .comment       0x00000000000000c0       0x20 dist/modules/loader/moduleLoader.o
 .comment       0x00000000000000e0       0x20 dist/modules/comunication/pipes.o
 .comment       0x0000000000000100       0x20 dist/modules/terminal/terminal.o
 .comment       0x0000000000000120       0x20 dist/modules/processes/processes.o
 .comment       0x0000000000000140       0x20 dist/modules/processes/registers.o
 .comment       0x0000000000000160       0x20 dist/modules/lib/lib.o
 .comment       0x0000000000000180       0x20 dist/modules/syscalls.o
 .comment       0x00000000000001a0       0x20 dist/kernel.o
 .comment       0x00000000000001c0       0x20 dist/drivers/screen.o
 .comment       0x00000000000001e0       0x20 dist/drivers/time.o
 .comment       0x0000000000000200       0x20 dist/drivers/video.o
 .comment       0x0000000000000220       0x20 dist/drivers/tick.o
 .comment       0x0000000000000240       0x20 dist/drivers/audio.o
 .comment       0x0000000000000260       0x20 dist/drivers/keyboard.o

.note.GNU-stack
                0x0000000000000000        0x0
 .note.GNU-stack
                0x0000000000000000        0x0 dist/modules/memory/memoryBuddy.o
 .note.GNU-stack
                0x0000000000000000        0x0 dist/modules/memory/memoryOwn.o
 .note.GNU-stack
                0x0000000000000000        0x0 dist/modules/memory/memoryNaive.o
 .note.GNU-stack
                0x0000000000000000        0x0 dist/modules/interruptions/exceptions.o
 .note.GNU-stack
                0x0000000000000000        0x0 dist/modules/interruptions/irqDispatcher.o
 .note.GNU-stack
                0x0000000000000000        0x0 dist/modules/interruptions/idtLoader.o
 .note.GNU-stack
                0x0000000000000000        0x0 dist/modules/loader/moduleLoader.o
 .note.GNU-stack
                0x0000000000000000        0x0 dist/modules/comunication/pipes.o
 .note.GNU-stack
                0x0000000000000000        0x0 dist/modules/terminal/terminal.o
 .note.GNU-stack
                0x0000000000000000        0x0 dist/modules/processes/processes.o
 .note.GNU-stack
                0x0000000000000000        0x0 dist/modules/processes/registers.o
 .note.GNU-stack
                0x0000000000000000        0x0 dist/modules/lib/lib.o
 .note.GNU-stack
                0x0000000000000000        0x0 dist/modules/syscalls.o
 .note.GNU-stack
                0x0000000000000000        0x0 dist/kernel.o
 .note.GNU-stack
                0x0000000000000000        0x0 dist/drivers/screen.o
 .note.GNU-stack
                0x0000000000000000        0x0 dist/drivers/time.o
 .note.GNU-stack
                0x0000000000000000        0x0 dist/drivers/video.o
 .note.GNU-stack
                0x0000000000000000        0x0 dist/drivers/tick.o
 .note.GNU-stack
                0x0000000000000000        0x0 dist/drivers/audio.o
 .note.GNU-stack
                0x0000000000000000        0x0 dist/drivers/keyboard.o
