
There are no discarded input sections

Memory Configuration

Name             Origin             Length             Attributes
*default*        0x0000000000000000 0xffffffffffffffff

Linker script and memory map


.text           0x0000000000100000     0x5654
                0x0000000000100000                text = .
 *(.text*)
 .text          0x0000000000100000       0x11 loader.o
                0x0000000000100000                loader
 .text          0x0000000000100011      0x3be exceptions.o
                0x0000000000100011                exceptionDispatcher
 .text          0x00000000001003cf      0x155 idtLoader.o
                0x00000000001003cf                load_idt
 .text          0x0000000000100524       0x58 irqDispatcher.o
                0x0000000000100524                irqDispatcher
 .text          0x000000000010057c      0x63c kernel.o
                0x00000000001005bd                getShellAddress
                0x00000000001005c8                getShellRSP
                0x00000000001005d5                clearBSS
                0x00000000001005fd                getStackBase
                0x000000000010061c                initializeKernelBinary
                0x00000000001007b7                sleep
                0x00000000001007f5                MusicSO
                0x0000000000100abe                main
 .text          0x0000000000100bb8      0x2e4 lib.o
                0x0000000000100bb8                memset
                0x0000000000100c73                memcpy
                0x0000000000100d4e                alloc
                0x0000000000100dbd                uintToBase
 .text          0x0000000000100e9c      0x270 moduleLoader.o
                0x0000000000100e9c                loadModules
 .text          0x000000000010110c      0x49e registers.o
                0x000000000010110c                printHexToBuffer
                0x0000000000101166                printHex16ToBuffer
                0x0000000000101197                printHex64ToBuffer
                0x0000000000101283                printStruct
                0x0000000000101584                dump_registers
                0x000000000010159f                get_register_dump
 .text          0x00000000001015aa      0x7a2 syscalls.o
                0x00000000001015aa                sysCallDispatcher
 .text          0x0000000000101d4c      0x2b7 drivers/audio.o
                0x0000000000101d60                isAudioBufferEmpty
                0x0000000000101e1b                getNextAudioEvent
                0x0000000000101e74                audio_timer_handler
                0x0000000000101f8d                play_sound
                0x0000000000101fbe                clearAudioBuffer
 .text          0x0000000000102003      0x2ad drivers/keyboard.o
                0x0000000000102003                isFull
                0x0000000000102015                isKeyBufferEmpty
                0x0000000000102027                clearKeyBuffer
                0x000000000010204a                keyboard_set_enabled
                0x000000000010207c                keyboard_is_enabled
                0x0000000000102089                queue
                0x000000000010210d                getNextKey
                0x000000000010218e                keyboard_handler
 .text          0x00000000001022b0        0x0 drivers/memoryBuddy.o
 .text          0x00000000001022b0        0x0 drivers/memoryNaive.o
 .text          0x00000000001022b0       0xa7 drivers/memoryOwn.o
                0x00000000001022b0                initializeMemoryManager
                0x00000000001022f6                malloc
                0x0000000000102309                free
                0x0000000000102323                getTotalMemory
                0x000000000010233d                getUsedMemory
 .text          0x0000000000102357      0x2a1 drivers/screen.o
                0x0000000000102357                ncPrint
                0x00000000001023c2                ncPrintChar
                0x0000000000102407                ncNewline
                0x0000000000102441                ncPrintDec
                0x0000000000102461                ncPrintHex
                0x0000000000102481                ncPrintBin
                0x00000000001024a1                ncPrintBase
                0x00000000001024d1                ncDelChar
                0x0000000000102571                ncClear
                0x00000000001025de                ncSetStyle
 .text          0x00000000001025f8       0x51 drivers/tick.o
                0x00000000001025f8                timer_handler
                0x000000000010261b                ticks_elapsed
                0x0000000000102628                seconds_elapsed
 .text          0x0000000000102649      0x1bf drivers/time.o
                0x0000000000102649                calibrateMilis
                0x00000000001026f7                getMilisFromBoot
                0x000000000010278b                getTime
 .text          0x0000000000102808     0x1b89 drivers/video.o
                0x0000000000102991                setFpsOverlayEnabled
                0x00000000001029e1                swapBuffers
                0x0000000000102a49                canvasMode
                0x0000000000102a61                clearCanvas
                0x0000000000102a9c                drawPixel
                0x0000000000102ae0                drawLine
                0x0000000000102c21                fillScreen
                0x0000000000102d63                drawRectangle
                0x0000000000102e21                drawFilledRectangle
                0x00000000001030b6                drawCircle
                0x000000000010317f                drawFilledCircle
                0x0000000000103219                drawText
                0x00000000001034ef                getScreenWidth
                0x0000000000103500                getScreenHeight
                0x0000000000103511                textMode
                0x0000000000103557                selectStyle
                0x0000000000103571                setTextSize
                0x00000000001035d9                clearTextBuffer
                0x0000000000103dc9                print
                0x0000000000103e50                printChar
                0x0000000000103ebb                deleteChar
                0x0000000000103f2e                scrollDown
                0x0000000000103f94                scrollUp
                0x0000000000104183                printHex64
                0x00000000001041f7                printHex32
                0x0000000000104269                printHex16
                0x00000000001042df                printDec
 *fill*         0x0000000000104391        0xf 
 .text          0x00000000001043a0       0x51 asm/audio.o
                0x00000000001043a0                output_audio_start
                0x00000000001043d9                stop_audio
                0x00000000001043e2                start_T
 *fill*         0x00000000001043f1        0xf 
 .text          0x0000000000104400      0x2d1 asm/interrupts.o
                0x0000000000104400                _hlt
                0x0000000000104403                _cli
                0x0000000000104405                _sti
                0x0000000000104407                picMasterMask
                0x0000000000104412                picSlaveMask
                0x000000000010441d                _irq00Handler
                0x000000000010446d                _irq01Handler
                0x00000000001044bd                _irq02Handler
                0x000000000010450d                _irq03Handler
                0x000000000010455d                _irq04Handler
                0x00000000001045ad                _irq05Handler
                0x00000000001045fd                _exception0Handler
                0x000000000010463a                _exception6Handler
                0x0000000000104677                _sysCallHandler
                0x00000000001046ce                haltcpu
 *fill*         0x00000000001046d1        0xf 
 .text          0x00000000001046e0        0xa asm/keyboard.o
                0x00000000001046e0                get_keyboard_output
 *fill*         0x00000000001046ea        0x6 
 .text          0x00000000001046f0       0x7c asm/libasm.o
                0x00000000001046f0                cpuVendor
                0x0000000000104711                fast_memcpy
                0x000000000010472b                fast_memset
                0x0000000000104768                get_rsp
 *fill*         0x000000000010476c        0x4 
 .text          0x0000000000104770      0x115 asm/regs.o
                0x0000000000104770                addregs
 *fill*         0x0000000000104885        0xb 
 .text          0x0000000000104890       0x3b asm/time.o
                0x0000000000104890                getRDTSC
                0x000000000010489a                getSeconds
                0x00000000001048a1                getMinutes
                0x00000000001048a8                getHour
                0x00000000001048af                getDayOfWeek
                0x00000000001048b6                getDayOfMonth
                0x00000000001048bd                getMonth
                0x00000000001048c4                getYear
                0x0000000000105000                . = ALIGN (0x1000)
 *fill*         0x00000000001048cb      0x735 
                0x0000000000105000                rodata = .
 *(.rodata*)
 .rodata        0x0000000000105000      0x162 exceptions.o
 *fill*         0x0000000000105162        0x6 
 .rodata        0x0000000000105168      0x102 kernel.o
 .rodata        0x000000000010526a       0x8c moduleLoader.o
 *fill*         0x00000000001052f6        0x2 
 .rodata        0x00000000001052f8      0x11d registers.o
 *fill*         0x0000000000105415        0x3 
 .rodata        0x0000000000105418       0xda syscalls.o
 *fill*         0x00000000001054f2        0xe 
 .rodata        0x0000000000105500       0x7a drivers/keyboard.o
 *fill*         0x000000000010557a        0x6 
 .rodata        0x0000000000105580       0x10 drivers/screen.o
 .rodata        0x0000000000105590       0x30 drivers/time.o
 .rodata        0x00000000001055c0       0x94 drivers/video.o

.data           0x0000000000106000      0x8e4
                0x0000000000106000                data = .
 *(.data*)
 .data          0x0000000000106000        0x0 exceptions.o
 .data          0x0000000000106000        0x0 idtLoader.o
 .data          0x0000000000106000        0x0 irqDispatcher.o
 .data          0x0000000000106000        0x8 kernel.o
                0x0000000000106000                ramAmount
 .data          0x0000000000106008        0x0 lib.o
 .data          0x0000000000106008        0x0 moduleLoader.o
 .data          0x0000000000106008        0x0 registers.o
 .data          0x0000000000106008        0x0 syscalls.o
 .data          0x0000000000106008        0x0 drivers/audio.o
 .data          0x0000000000106008        0x1 drivers/keyboard.o
 .data          0x0000000000106009        0x0 drivers/memoryBuddy.o
 .data          0x0000000000106009        0x0 drivers/memoryNaive.o
 .data          0x0000000000106009        0x0 drivers/memoryOwn.o
 *fill*         0x0000000000106009       0x17 
 .data          0x0000000000106020       0x49 drivers/screen.o
 .data          0x0000000000106069        0x0 drivers/tick.o
 .data          0x0000000000106069        0x0 drivers/time.o
 *fill*         0x0000000000106069       0x17 
 .data          0x0000000000106080      0x841 drivers/video.o
                0x0000000000106080                font8x16
                0x0000000000106880                VBE_mode_info
                0x0000000000106888                backbuffer
                0x0000000000106890                text_mode_enabled
                0x00000000001068c0                selected_style
 *fill*         0x00000000001068c1        0x3 
 .data          0x00000000001068c4       0x20 asm/interrupts.o
                0x00000000001068e4                endOfKernelBinary = .

.bss            0x0000000000107000     0x91b8
                0x0000000000107000                bss = .
 *(.bss*)
 .bss           0x0000000000107000        0x0 exceptions.o
 .bss           0x0000000000107000        0x8 idtLoader.o
                0x0000000000107000                idt
 .bss           0x0000000000107008        0x0 irqDispatcher.o
 .bss           0x0000000000107008       0x10 kernel.o
 .bss           0x0000000000107018        0x8 lib.o
 .bss           0x0000000000107020        0x0 moduleLoader.o
 .bss           0x0000000000107020      0x8c4 registers.o
 .bss           0x00000000001078e4        0x4 syscalls.o
 *fill*         0x00000000001078e8       0x18 
 .bss           0x0000000000107900      0x40c drivers/audio.o
 *fill*         0x0000000000107d0c       0x14 
 .bss           0x0000000000107d20      0x404 drivers/keyboard.o
                0x0000000000107d20                buffer
                0x000000000010811c                size
                0x000000000010811d                head
                0x000000000010811e                tail
                0x000000000010811f                isShiftPressed
                0x0000000000108120                null
 .bss           0x0000000000108124        0x0 drivers/memoryBuddy.o
 .bss           0x0000000000108124        0x0 drivers/memoryNaive.o
 *fill*         0x0000000000108124        0x4 
 .bss           0x0000000000108128       0x20 drivers/memoryOwn.o
                0x0000000000108128                initialized
                0x0000000000108130                baseAddress
                0x0000000000108138                nextAddress
                0x0000000000108140                finalAddress
 .bss           0x0000000000108148        0x0 drivers/screen.o
 .bss           0x0000000000108148        0x8 drivers/tick.o
 .bss           0x0000000000108150        0x8 drivers/time.o
                0x0000000000108150                ticksPerMs
 *fill*         0x0000000000108158        0x8 
 .bss           0x0000000000108160     0x8020 drivers/video.o
                0x0000000000108160                text_buffer
                0x0000000000110160                cursor
                0x0000000000110164                offset
 .bss           0x0000000000110180        0x8 asm/interrupts.o
 .bss           0x0000000000110188       0x30 asm/regs.o
                0x00000000001101a8                saved_stack_ptr
                0x00000000001101b0                initial_saved_stack_ptr
 *(EXCLUDE_FILE(*.o) COMMON)
                0x0000000000111000                . = ALIGN (0x1000)
                0x0000000000111000                endOfKernel = .
LOAD loader.o
LOAD exceptions.o
LOAD idtLoader.o
LOAD irqDispatcher.o
LOAD kernel.o
LOAD lib.o
LOAD moduleLoader.o
LOAD registers.o
LOAD syscalls.o
LOAD drivers/audio.o
LOAD drivers/keyboard.o
LOAD drivers/memoryBuddy.o
LOAD drivers/memoryNaive.o
LOAD drivers/memoryOwn.o
LOAD drivers/screen.o
LOAD drivers/tick.o
LOAD drivers/time.o
LOAD drivers/video.o
LOAD asm/audio.o
LOAD asm/interrupts.o
LOAD asm/keyboard.o
LOAD asm/libasm.o
LOAD asm/regs.o
LOAD asm/time.o
OUTPUT(kernel.bin binary)

.comment        0x0000000000000000      0x220
 .comment       0x0000000000000000       0x20 exceptions.o
 .comment       0x0000000000000020       0x20 idtLoader.o
 .comment       0x0000000000000040       0x20 irqDispatcher.o
 .comment       0x0000000000000060       0x20 kernel.o
 .comment       0x0000000000000080       0x20 lib.o
 .comment       0x00000000000000a0       0x20 moduleLoader.o
 .comment       0x00000000000000c0       0x20 registers.o
 .comment       0x00000000000000e0       0x20 syscalls.o
 .comment       0x0000000000000100       0x20 drivers/audio.o
 .comment       0x0000000000000120       0x20 drivers/keyboard.o
 .comment       0x0000000000000140       0x20 drivers/memoryBuddy.o
 .comment       0x0000000000000160       0x20 drivers/memoryNaive.o
 .comment       0x0000000000000180       0x20 drivers/memoryOwn.o
 .comment       0x00000000000001a0       0x20 drivers/screen.o
 .comment       0x00000000000001c0       0x20 drivers/tick.o
 .comment       0x00000000000001e0       0x20 drivers/time.o
 .comment       0x0000000000000200       0x20 drivers/video.o

.note.GNU-stack
                0x0000000000000000        0x0
 .note.GNU-stack
                0x0000000000000000        0x0 exceptions.o
 .note.GNU-stack
                0x0000000000000000        0x0 idtLoader.o
 .note.GNU-stack
                0x0000000000000000        0x0 irqDispatcher.o
 .note.GNU-stack
                0x0000000000000000        0x0 kernel.o
 .note.GNU-stack
                0x0000000000000000        0x0 lib.o
 .note.GNU-stack
                0x0000000000000000        0x0 moduleLoader.o
 .note.GNU-stack
                0x0000000000000000        0x0 registers.o
 .note.GNU-stack
                0x0000000000000000        0x0 syscalls.o
 .note.GNU-stack
                0x0000000000000000        0x0 drivers/audio.o
 .note.GNU-stack
                0x0000000000000000        0x0 drivers/keyboard.o
 .note.GNU-stack
                0x0000000000000000        0x0 drivers/memoryBuddy.o
 .note.GNU-stack
                0x0000000000000000        0x0 drivers/memoryNaive.o
 .note.GNU-stack
                0x0000000000000000        0x0 drivers/memoryOwn.o
 .note.GNU-stack
                0x0000000000000000        0x0 drivers/screen.o
 .note.GNU-stack
                0x0000000000000000        0x0 drivers/tick.o
 .note.GNU-stack
                0x0000000000000000        0x0 drivers/time.o
 .note.GNU-stack
                0x0000000000000000        0x0 drivers/video.o
