
Memory Configuration

Name             Origin             Length             Attributes
*default*        0x0000000000000000 0xffffffffffffffff

Linker script and memory map


.text           0x0000000000100000     0x4444
                0x0000000000100000                text = .
 *(.text*)
 .text          0x0000000000100000       0x11 loader.o
                0x0000000000100000                loader
 .text          0x0000000000100011       0xa6 exceptions.o
                0x0000000000100011                exceptionDispatcher
 .text          0x00000000001000b7      0x155 idtLoader.o
                0x00000000001000b7                load_idt
 .text          0x000000000010020c       0x58 irqDispatcher.o
                0x000000000010020c                irqDispatcher
 .text          0x0000000000100264      0x224 kernel.o
                0x0000000000100264                getShellAddress
                0x000000000010026f                clearBSS
                0x0000000000100297                getStackBase
                0x00000000001002b6                initializeKernelBinary
                0x000000000010043c                main
 .text          0x0000000000100488      0x2e4 lib.o
                0x0000000000100488                memset
                0x0000000000100543                memcpy
                0x000000000010061e                alloc
                0x000000000010068d                uintToBase
 .text          0x000000000010076c      0x19c moduleLoader.o
                0x000000000010076c                loadModules
 .text          0x0000000000100908      0x61b registers.o
                0x0000000000100908                printHexToBuffer
                0x000000000010096c                printHex16ToBuffer
                0x000000000010099d                printHex64ToBuffer
                0x00000000001009e8                append
                0x0000000000100a47                appendChar
                0x0000000000100a8e                DoArray
                0x0000000000100e52                dump_registers
                0x0000000000100f18                get_register_dump
 .text          0x0000000000100f23      0x5d3 syscalls.o
                0x0000000000100f23                sysCallDispatcher
 .text          0x00000000001014f6      0x23c drivers/keyboard.o
                0x00000000001014f6                isFull
                0x0000000000101508                isKeyBufferEmpty
                0x000000000010151a                clearKeyBuffer
                0x0000000000101536                queue
                0x00000000001015ba                getNextKey
                0x0000000000101625                keyboard_handler
 .text          0x0000000000101732        0x0 drivers/mouse.o
 .text          0x0000000000101732      0x2a1 drivers/screen.o
                0x0000000000101732                ncPrint
                0x000000000010179d                ncPrintChar
                0x00000000001017e2                ncNewline
                0x000000000010181c                ncPrintDec
                0x000000000010183c                ncPrintHex
                0x000000000010185c                ncPrintBin
                0x000000000010187c                ncPrintBase
                0x00000000001018ac                ncDelChar
                0x000000000010194c                ncClear
                0x00000000001019b9                ncSetStyle
 .text          0x00000000001019d3       0x53 drivers/tick.o
                0x00000000001019d3                timer_handler
                0x00000000001019f0                ticks_elapsed
                0x0000000000101a01                seconds_elapsed
 .text          0x0000000000101a26      0x125 drivers/time.o
                0x0000000000101a26                calibrateMilis
                0x0000000000101a99                getMilisFromBoot
                0x0000000000101aba                getTime
 .text          0x0000000000101b4b     0x11e4 drivers/video.o
                0x0000000000101bfe                swapBuffers
                0x0000000000101c4d                canvasMode
                0x0000000000101c65                clearCanvas
                0x0000000000101ca0                drawPixel
                0x0000000000101ce4                drawLine
                0x0000000000101e25                drawRectangle
                0x0000000000101ee3                drawFilledRectangle
                0x0000000000102173                drawCircle
                0x000000000010223c                drawFilledCircle
                0x00000000001022d6                drawText
                0x00000000001024f1                textMode
                0x000000000010252d                selectStyle
                0x0000000000102547                clearTextBuffer
                0x000000000010299b                print
                0x0000000000102a22                printChar
                0x0000000000102a90                deleteChar
                0x0000000000102af5                scrollDown
                0x0000000000102b56                scrollUp
                0x0000000000102bd3                printHex64
                0x0000000000102c47                printHex32
                0x0000000000102cb9                printHex16
 *fill*         0x0000000000102d2f        0x1 
 .text          0x0000000000102d30      0x265 asm/interrupts.o
                0x0000000000102d30                _hlt
                0x0000000000102d33                _cli
                0x0000000000102d35                _sti
                0x0000000000102d37                picMasterMask
                0x0000000000102d42                picSlaveMask
                0x0000000000102d4d                _irq00Handler
                0x0000000000102d8b                _irq01Handler
                0x0000000000102dc9                _irq02Handler
                0x0000000000102e07                _irq03Handler
                0x0000000000102e45                _irq04Handler
                0x0000000000102e83                _irq05Handler
                0x0000000000102ec1                _exception0Handler
                0x0000000000102efe                _exception6Handler
                0x0000000000102f3b                _sysCallHandler
                0x0000000000102f92                haltcpu
 *fill*         0x0000000000102f95        0xb 
 .text          0x0000000000102fa0        0xa asm/keyboard.o
                0x0000000000102fa0                get_keyboard_output
 *fill*         0x0000000000102faa        0x6 
 .text          0x0000000000102fb0       0x21 asm/libasm.o
                0x0000000000102fb0                cpuVendor
 *fill*         0x0000000000102fd1        0xf 
 .text          0x0000000000102fe0       0x3b asm/time.o
                0x0000000000102fe0                getMilis
                0x0000000000102fea                getSeconds
                0x0000000000102ff1                getMinutes
                0x0000000000102ff8                getHour
                0x0000000000102fff                getDayOfWeek
                0x0000000000103006                getDayOfMonth
                0x000000000010300d                getMonth
                0x0000000000103014                getYear
 *fill*         0x000000000010301b        0x5 
 .text          0x0000000000103020        0xf asm/video.o
                0x0000000000103020                vsync_wait
                0x0000000000104000                . = ALIGN (0x1000)
 *fill*         0x000000000010302f      0xfd1 
                0x0000000000104000                rodata = .
 *(.rodata*)
 .rodata        0x0000000000104000       0x38 exceptions.o
 .rodata        0x0000000000104038       0xc9 kernel.o
 .rodata        0x0000000000104101       0x3d moduleLoader.o
 *fill*         0x000000000010413e        0x2 
 .rodata        0x0000000000104140      0x12d registers.o
 *fill*         0x000000000010426d        0x3 
 .rodata        0x0000000000104270       0xa9 syscalls.o
 *fill*         0x0000000000104319        0x7 
 .rodata        0x0000000000104320       0x7a drivers/keyboard.o
 *fill*         0x000000000010439a        0x6 
 .rodata        0x00000000001043a0       0x10 drivers/screen.o
 .rodata        0x00000000001043b0       0x94 drivers/video.o

.note.gnu.property
                0x0000000000104448       0x40
 .note.gnu.property
                0x0000000000104448       0x20 drivers/mouse.o
 .note.gnu.property
                0x0000000000104468       0x20 drivers/tick.o

.data           0x0000000000105000      0x894
                0x0000000000105000                data = .
 *(.data*)
 .data          0x0000000000105000        0x0 exceptions.o
 .data          0x0000000000105000        0x0 idtLoader.o
 .data          0x0000000000105000        0x0 irqDispatcher.o
 .data          0x0000000000105000        0x0 kernel.o
 .data          0x0000000000105000        0x0 lib.o
 .data          0x0000000000105000        0x0 moduleLoader.o
 .data          0x0000000000105000        0x0 registers.o
 .data          0x0000000000105000        0x0 syscalls.o
 .data          0x0000000000105000        0x0 drivers/keyboard.o
 .data          0x0000000000105000        0x0 drivers/mouse.o
 .data          0x0000000000105000       0x49 drivers/screen.o
 .data          0x0000000000105049        0x0 drivers/tick.o
 .data          0x0000000000105049        0x0 drivers/time.o
 *fill*         0x0000000000105049       0x17 
 .data          0x0000000000105060      0x814 drivers/video.o
                0x0000000000105060                font8x16
                0x0000000000105860                VBE_mode_info
                0x0000000000105868                backbuffer
                0x0000000000105870                text_mode_enabled
                0x0000000000105871                selected_style
                0x0000000000105872                text_size
 .data          0x0000000000105874       0x20 asm/interrupts.o
                0x0000000000105894                endOfKernelBinary = .

.bss            0x0000000000106000     0x1d30
                0x0000000000106000                bss = .
 *(.bss*)
 .bss           0x0000000000106000        0x0 exceptions.o
 .bss           0x0000000000106000        0x8 idtLoader.o
                0x0000000000106000                idt
 .bss           0x0000000000106008        0x0 irqDispatcher.o
 .bss           0x0000000000106008        0x0 kernel.o
 .bss           0x0000000000106008        0x8 lib.o
 .bss           0x0000000000106010        0x4 moduleLoader.o
 *fill*         0x0000000000106014        0xc 
 .bss           0x0000000000106020      0x8c4 registers.o
 .bss           0x00000000001068e4        0x4 syscalls.o
 *fill*         0x00000000001068e8       0x18 
 .bss           0x0000000000106900      0x400 drivers/keyboard.o
                0x0000000000106900                buffer
                0x0000000000106cfc                size
                0x0000000000106cfd                head
                0x0000000000106cfe                tail
                0x0000000000106cff                isShiftPressed
 .bss           0x0000000000106d00        0x0 drivers/mouse.o
 .bss           0x0000000000106d00        0x0 drivers/screen.o
 .bss           0x0000000000106d00        0x8 drivers/tick.o
 .bss           0x0000000000106d08        0x4 drivers/time.o
                0x0000000000106d08                ticksPerMs
 *fill*         0x0000000000106d0c       0x14 
 .bss           0x0000000000106d20     0x1008 drivers/video.o
                0x0000000000106d20                text_buffer
                0x0000000000107d20                cursor
                0x0000000000107d24                offset
 .bss           0x0000000000107d28        0x8 asm/interrupts.o
 *(EXCLUDE_FILE(*.o) COMMON)
                0x0000000000108000                . = ALIGN (0x1000)
                0x0000000000108000                endOfKernel = .
LOAD loader.o
LOAD exceptions.o
LOAD idtLoader.o
LOAD irqDispatcher.o
LOAD kernel.o
LOAD lib.o
LOAD moduleLoader.o
LOAD registers.o
LOAD syscalls.o
LOAD drivers/keyboard.o
LOAD drivers/mouse.o
LOAD drivers/screen.o
LOAD drivers/tick.o
LOAD drivers/time.o
LOAD drivers/video.o
LOAD asm/interrupts.o
LOAD asm/keyboard.o
LOAD asm/libasm.o
LOAD asm/mouse.o
LOAD asm/time.o
LOAD asm/video.o
OUTPUT(kernel.bin binary)

.comment        0x0000000000000000      0x1d8
 .comment       0x0000000000000000       0x20 exceptions.o
 .comment       0x0000000000000020       0x20 idtLoader.o
 .comment       0x0000000000000040       0x20 irqDispatcher.o
 .comment       0x0000000000000060       0x20 kernel.o
 .comment       0x0000000000000080       0x20 lib.o
 .comment       0x00000000000000a0       0x20 moduleLoader.o
 .comment       0x00000000000000c0       0x20 registers.o
 .comment       0x00000000000000e0       0x20 syscalls.o
 .comment       0x0000000000000100       0x20 drivers/keyboard.o
 .comment       0x0000000000000120       0x2c drivers/mouse.o
 .comment       0x000000000000014c       0x20 drivers/screen.o
 .comment       0x000000000000016c       0x2c drivers/tick.o
 .comment       0x0000000000000198       0x20 drivers/time.o
 .comment       0x00000000000001b8       0x20 drivers/video.o

.note.GNU-stack
                0x0000000000000000        0x0
 .note.GNU-stack
                0x0000000000000000        0x0 exceptions.o
 .note.GNU-stack
                0x0000000000000000        0x0 idtLoader.o
 .note.GNU-stack
                0x0000000000000000        0x0 irqDispatcher.o
 .note.GNU-stack
                0x0000000000000000        0x0 kernel.o
 .note.GNU-stack
                0x0000000000000000        0x0 lib.o
 .note.GNU-stack
                0x0000000000000000        0x0 moduleLoader.o
 .note.GNU-stack
                0x0000000000000000        0x0 registers.o
 .note.GNU-stack
                0x0000000000000000        0x0 syscalls.o
 .note.GNU-stack
                0x0000000000000000        0x0 drivers/keyboard.o
 .note.GNU-stack
                0x0000000000000000        0x0 drivers/mouse.o
 .note.GNU-stack
                0x0000000000000000        0x0 drivers/screen.o
 .note.GNU-stack
                0x0000000000000000        0x0 drivers/tick.o
 .note.GNU-stack
                0x0000000000000000        0x0 drivers/time.o
 .note.GNU-stack
                0x0000000000000000        0x0 drivers/video.o
