
Memory Configuration

Name             Origin             Length             Attributes
*default*        0x0000000000000000 0xffffffffffffffff

Linker script and memory map


.text           0x0000000000100000     0x47a4
                0x0000000000100000                text = .
 *(.text*)
 .text          0x0000000000100000       0x11 loader.o
                0x0000000000100000                loader
 .text          0x0000000000100011      0x3c2 exceptions.o
                0x0000000000100011                exceptionDispatcher
 .text          0x00000000001003d3      0x155 idtLoader.o
                0x00000000001003d3                load_idt
 .text          0x0000000000100528       0x62 irqDispatcher.o
                0x0000000000100528                irqDispatcher
 .text          0x000000000010058a      0x363 kernel.o
                0x000000000010058a                getShellAddress
                0x0000000000100595                clearBSS
                0x00000000001005bd                getStackBase
                0x00000000001005dc                initializeKernelBinary
                0x0000000000100762                MusicSO
                0x0000000000100804                imagenSO
                0x000000000010088d                main
 .text          0x00000000001008ed      0x2e4 lib.o
                0x00000000001008ed                memset
                0x00000000001009a8                memcpy
                0x0000000000100a83                alloc
                0x0000000000100af2                uintToBase
 .text          0x0000000000100bd1      0x19c moduleLoader.o
                0x0000000000100bd1                loadModules
 .text          0x0000000000100d6d      0x582 registers.o
                0x0000000000100d6d                printHexToBuffer
                0x0000000000100dd1                printHex16ToBuffer
                0x0000000000100e02                printHex64ToBuffer
                0x0000000000100e4d                append
                0x0000000000100eac                appendChar
                0x0000000000100ef3                DoArray
                0x00000000001012b7                dump_registers
                0x00000000001012e4                get_register_dump
 .text          0x00000000001012ef      0x5d3 syscalls.o
                0x00000000001012ef                sysCallDispatcher
 .text          0x00000000001018c2      0x185 drivers/audio.o
                0x00000000001018d4                isAudioBufferEmpty
                0x00000000001018e6                clearAudioBuffer
                0x000000000010197e                getNextAudioEvent
                0x00000000001019d5                audio_handler
                0x0000000000101a0a                play_sound
                0x0000000000101a3b                stop_current_sound
 .text          0x0000000000101a47      0x23c drivers/keyboard.o
                0x0000000000101a47                isFull
                0x0000000000101a59                isKeyBufferEmpty
                0x0000000000101a6b                clearKeyBuffer
                0x0000000000101a87                queue
                0x0000000000101b0b                getNextKey
                0x0000000000101b76                keyboard_handler
 .text          0x0000000000101c83        0x0 drivers/mouse.o
 .text          0x0000000000101c83      0x2a1 drivers/screen.o
                0x0000000000101c83                ncPrint
                0x0000000000101cee                ncPrintChar
                0x0000000000101d33                ncNewline
                0x0000000000101d6d                ncPrintDec
                0x0000000000101d8d                ncPrintHex
                0x0000000000101dad                ncPrintBin
                0x0000000000101dcd                ncPrintBase
                0x0000000000101dfd                ncDelChar
                0x0000000000101e9d                ncClear
                0x0000000000101f0a                ncSetStyle
 .text          0x0000000000101f24       0x47 drivers/tick.o
                0x0000000000101f24                timer_handler
                0x0000000000101f3d                ticks_elapsed
                0x0000000000101f4a                seconds_elapsed
 .text          0x0000000000101f6b      0x125 drivers/time.o
                0x0000000000101f6b                calibrateMilis
                0x0000000000101fde                getMilisFromBoot
                0x0000000000101fff                getTime
 .text          0x0000000000102090     0x11e4 drivers/video.o
                0x0000000000102143                swapBuffers
                0x0000000000102192                canvasMode
                0x00000000001021aa                clearCanvas
                0x00000000001021e5                drawPixel
                0x0000000000102229                drawLine
                0x000000000010236a                drawRectangle
                0x0000000000102428                drawFilledRectangle
                0x00000000001026b8                drawCircle
                0x0000000000102781                drawFilledCircle
                0x000000000010281b                drawText
                0x0000000000102a36                textMode
                0x0000000000102a72                selectStyle
                0x0000000000102a8c                clearTextBuffer
                0x0000000000102ee0                print
                0x0000000000102f67                printChar
                0x0000000000102fd5                deleteChar
                0x000000000010303a                scrollDown
                0x000000000010309b                scrollUp
                0x0000000000103118                printHex64
                0x000000000010318c                printHex32
                0x00000000001031fe                printHex16
 *fill*         0x0000000000103274        0xc 
 .text          0x0000000000103280       0x53 asm/audio.o
                0x0000000000103280                output_audio
                0x00000000001032ca                stop_audio
 *fill*         0x00000000001032d3        0xd 
 .text          0x00000000001032e0      0x295 asm/interrupts.o
                0x00000000001032e0                _hlt
                0x00000000001032e3                _cli
                0x00000000001032e5                _sti
                0x00000000001032e7                picMasterMask
                0x00000000001032f2                picSlaveMask
                0x00000000001032fd                _irq00Handler
                0x0000000000103343                _irq01Handler
                0x0000000000103389                _irq02Handler
                0x00000000001033cf                _irq03Handler
                0x0000000000103415                _irq04Handler
                0x000000000010345b                _irq05Handler
                0x00000000001034a1                _exception0Handler
                0x00000000001034de                _exception6Handler
                0x000000000010351b                _sysCallHandler
                0x0000000000103572                haltcpu
 *fill*         0x0000000000103575        0xb 
 .text          0x0000000000103580        0xa asm/keyboard.o
                0x0000000000103580                get_keyboard_output
 *fill*         0x000000000010358a        0x6 
 .text          0x0000000000103590       0x21 asm/libasm.o
                0x0000000000103590                cpuVendor
 *fill*         0x00000000001035b1        0xf 
 .text          0x00000000001035c0      0x109 asm/regs.o
                0x00000000001035c0                backupregs
                0x00000000001035e1                addregs
 *fill*         0x00000000001036c9        0x7 
 .text          0x00000000001036d0       0x3b asm/time.o
                0x00000000001036d0                getMilis
                0x00000000001036da                getSeconds
                0x00000000001036e1                getMinutes
                0x00000000001036e8                getHour
                0x00000000001036ef                getDayOfWeek
                0x00000000001036f6                getDayOfMonth
                0x00000000001036fd                getMonth
                0x0000000000103704                getYear
 *fill*         0x000000000010370b        0x5 
 .text          0x0000000000103710        0xf asm/video.o
                0x0000000000103710                vsync_wait
                0x0000000000104000                . = ALIGN (0x1000)
 *fill*         0x000000000010371f      0x8e1 
                0x0000000000104000                rodata = .
 *(.rodata*)
 .rodata        0x0000000000104000      0x162 exceptions.o
 *fill*         0x0000000000104162        0x6 
 .rodata        0x0000000000104168      0x2f2 kernel.o
 .rodata        0x000000000010445a       0x3d moduleLoader.o
 *fill*         0x0000000000104497        0x1 
 .rodata        0x0000000000104498      0x12d registers.o
 *fill*         0x00000000001045c5        0x3 
 .rodata        0x00000000001045c8       0xa9 syscalls.o
 *fill*         0x0000000000104671        0xf 
 .rodata        0x0000000000104680       0x7a drivers/keyboard.o
 *fill*         0x00000000001046fa        0x6 
 .rodata        0x0000000000104700       0x10 drivers/screen.o
 .rodata        0x0000000000104710       0x94 drivers/video.o

.data           0x0000000000105000      0x894
                0x0000000000105000                data = .
 *(.data*)
 .data          0x0000000000105000        0x0 exceptions.o
 .data          0x0000000000105000        0x0 idtLoader.o
 .data          0x0000000000105000        0x0 irqDispatcher.o
 .data          0x0000000000105000        0x0 kernel.o
 .data          0x0000000000105000        0x0 lib.o
 .data          0x0000000000105000        0x0 moduleLoader.o
 .data          0x0000000000105000        0x0 registers.o
 .data          0x0000000000105000        0x0 syscalls.o
 .data          0x0000000000105000        0x0 drivers/audio.o
 .data          0x0000000000105000        0x0 drivers/keyboard.o
 .data          0x0000000000105000        0x0 drivers/mouse.o
 .data          0x0000000000105000       0x49 drivers/screen.o
 .data          0x0000000000105049        0x0 drivers/tick.o
 .data          0x0000000000105049        0x0 drivers/time.o
 *fill*         0x0000000000105049       0x17 
 .data          0x0000000000105060      0x814 drivers/video.o
                0x0000000000105060                font8x16
                0x0000000000105860                VBE_mode_info
                0x0000000000105868                backbuffer
                0x0000000000105870                text_mode_enabled
                0x0000000000105871                selected_style
                0x0000000000105872                text_size
 .data          0x0000000000105874       0x20 asm/interrupts.o
                0x0000000000105894                endOfKernelBinary = .

.bss            0x0000000000106000     0x1e78
                0x0000000000106000                bss = .
 *(.bss*)
 .bss           0x0000000000106000        0x0 exceptions.o
 .bss           0x0000000000106000        0x8 idtLoader.o
                0x0000000000106000                idt
 .bss           0x0000000000106008        0x0 irqDispatcher.o
 .bss           0x0000000000106008        0x0 kernel.o
 .bss           0x0000000000106008        0x8 lib.o
 .bss           0x0000000000106010        0x4 moduleLoader.o
 *fill*         0x0000000000106014        0xc 
 .bss           0x0000000000106020      0x8c4 registers.o
 .bss           0x00000000001068e4        0x4 syscalls.o
 *fill*         0x00000000001068e8       0x18 
 .bss           0x0000000000106900      0x103 drivers/audio.o
 *fill*         0x0000000000106a03       0x1d 
 .bss           0x0000000000106a20      0x400 drivers/keyboard.o
                0x0000000000106a20                buffer
                0x0000000000106e1c                size
                0x0000000000106e1d                head
                0x0000000000106e1e                tail
                0x0000000000106e1f                isShiftPressed
 .bss           0x0000000000106e20        0x0 drivers/mouse.o
 .bss           0x0000000000106e20        0x0 drivers/screen.o
 .bss           0x0000000000106e20        0x8 drivers/tick.o
 .bss           0x0000000000106e28        0x4 drivers/time.o
                0x0000000000106e28                ticksPerMs
 *fill*         0x0000000000106e2c       0x14 
 .bss           0x0000000000106e40     0x1008 drivers/video.o
                0x0000000000106e40                text_buffer
                0x0000000000107e40                cursor
                0x0000000000107e44                offset
 .bss           0x0000000000107e48        0x8 asm/interrupts.o
 .bss           0x0000000000107e50       0x28 asm/regs.o
                0x0000000000107e70                saved_stack_ptr
 *(EXCLUDE_FILE(*.o) COMMON)
                0x0000000000108000                . = ALIGN (0x1000)
                0x0000000000108000                endOfKernel = .
LOAD loader.o
LOAD exceptions.o
LOAD idtLoader.o
LOAD irqDispatcher.o
LOAD kernel.o
LOAD lib.o
LOAD moduleLoader.o
LOAD registers.o
LOAD syscalls.o
LOAD drivers/audio.o
LOAD drivers/keyboard.o
LOAD drivers/mouse.o
LOAD drivers/screen.o
LOAD drivers/tick.o
LOAD drivers/time.o
LOAD drivers/video.o
LOAD asm/audio.o
LOAD asm/interrupts.o
LOAD asm/keyboard.o
LOAD asm/libasm.o
LOAD asm/mouse.o
LOAD asm/regs.o
LOAD asm/time.o
LOAD asm/video.o
OUTPUT(kernel.bin binary)

.comment        0x0000000000000000      0x1e0
 .comment       0x0000000000000000       0x20 exceptions.o
 .comment       0x0000000000000020       0x20 idtLoader.o
 .comment       0x0000000000000040       0x20 irqDispatcher.o
 .comment       0x0000000000000060       0x20 kernel.o
 .comment       0x0000000000000080       0x20 lib.o
 .comment       0x00000000000000a0       0x20 moduleLoader.o
 .comment       0x00000000000000c0       0x20 registers.o
 .comment       0x00000000000000e0       0x20 syscalls.o
 .comment       0x0000000000000100       0x20 drivers/audio.o
 .comment       0x0000000000000120       0x20 drivers/keyboard.o
 .comment       0x0000000000000140       0x20 drivers/mouse.o
 .comment       0x0000000000000160       0x20 drivers/screen.o
 .comment       0x0000000000000180       0x20 drivers/tick.o
 .comment       0x00000000000001a0       0x20 drivers/time.o
 .comment       0x00000000000001c0       0x20 drivers/video.o

.note.GNU-stack
                0x0000000000000000        0x0
 .note.GNU-stack
                0x0000000000000000        0x0 exceptions.o
 .note.GNU-stack
                0x0000000000000000        0x0 idtLoader.o
 .note.GNU-stack
                0x0000000000000000        0x0 irqDispatcher.o
 .note.GNU-stack
                0x0000000000000000        0x0 kernel.o
 .note.GNU-stack
                0x0000000000000000        0x0 lib.o
 .note.GNU-stack
                0x0000000000000000        0x0 moduleLoader.o
 .note.GNU-stack
                0x0000000000000000        0x0 registers.o
 .note.GNU-stack
                0x0000000000000000        0x0 syscalls.o
 .note.GNU-stack
                0x0000000000000000        0x0 drivers/audio.o
 .note.GNU-stack
                0x0000000000000000        0x0 drivers/keyboard.o
 .note.GNU-stack
                0x0000000000000000        0x0 drivers/mouse.o
 .note.GNU-stack
                0x0000000000000000        0x0 drivers/screen.o
 .note.GNU-stack
                0x0000000000000000        0x0 drivers/tick.o
 .note.GNU-stack
                0x0000000000000000        0x0 drivers/time.o
 .note.GNU-stack
                0x0000000000000000        0x0 drivers/video.o
