
Memory Configuration

Name             Origin             Length             Attributes
*default*        0x0000000000000000 0xffffffffffffffff

Linker script and memory map


.text           0x0000000000100000     0x4444
                0x0000000000100000                text = .
 *(.text*)
 .text          0x0000000000100000       0x11 loader.o
                0x0000000000100000                loader
 .text          0x0000000000100011       0xa6 exceptions.o
                0x0000000000100011                exceptionDispatcher
 .text          0x00000000001000b7      0x155 idtLoader.o
                0x00000000001000b7                load_idt
 .text          0x000000000010020c       0x62 irqDispatcher.o
                0x000000000010020c                irqDispatcher
 .text          0x000000000010026e      0x224 kernel.o
                0x000000000010026e                getShellAddress
                0x0000000000100279                clearBSS
                0x00000000001002a1                getStackBase
                0x00000000001002c0                initializeKernelBinary
                0x0000000000100446                main
 .text          0x0000000000100492      0x2e4 lib.o
                0x0000000000100492                memset
                0x000000000010054d                memcpy
                0x0000000000100628                alloc
                0x0000000000100697                uintToBase
 .text          0x0000000000100776      0x19c moduleLoader.o
                0x0000000000100776                loadModules
 .text          0x0000000000100912      0x57a registers.o
                0x0000000000100912                printHexToBuffer
                0x0000000000100976                printHex16ToBuffer
                0x00000000001009a7                printHex64ToBuffer
                0x00000000001009f2                append
                0x0000000000100a51                appendChar
                0x0000000000100a98                DoArray
                0x0000000000100e5c                dump_registers
                0x0000000000100e81                get_register_dump
 .text          0x0000000000100e8c      0x5d3 syscalls.o
                0x0000000000100e8c                sysCallDispatcher
 .text          0x000000000010145f      0x23c drivers/keyboard.o
                0x000000000010145f                isFull
                0x0000000000101471                isKeyBufferEmpty
                0x0000000000101483                clearKeyBuffer
                0x000000000010149f                queue
                0x0000000000101523                getNextKey
                0x000000000010158e                keyboard_handler
 .text          0x000000000010169b        0x0 drivers/mouse.o
 .text          0x000000000010169b      0x2a1 drivers/screen.o
                0x000000000010169b                ncPrint
                0x0000000000101706                ncPrintChar
                0x000000000010174b                ncNewline
                0x0000000000101785                ncPrintDec
                0x00000000001017a5                ncPrintHex
                0x00000000001017c5                ncPrintBin
                0x00000000001017e5                ncPrintBase
                0x0000000000101815                ncDelChar
                0x00000000001018b5                ncClear
                0x0000000000101922                ncSetStyle
 .text          0x000000000010193c       0x47 drivers/tick.o
                0x000000000010193c                timer_handler
                0x0000000000101955                ticks_elapsed
                0x0000000000101962                seconds_elapsed
 .text          0x0000000000101983      0x125 drivers/time.o
                0x0000000000101983                calibrateMilis
                0x00000000001019f6                getMilisFromBoot
                0x0000000000101a17                getTime
 .text          0x0000000000101aa8     0x11e4 drivers/video.o
                0x0000000000101b5b                swapBuffers
                0x0000000000101baa                canvasMode
                0x0000000000101bc2                clearCanvas
                0x0000000000101bfd                drawPixel
                0x0000000000101c41                drawLine
                0x0000000000101d82                drawRectangle
                0x0000000000101e40                drawFilledRectangle
                0x00000000001020d0                drawCircle
                0x0000000000102199                drawFilledCircle
                0x0000000000102233                drawText
                0x000000000010244e                textMode
                0x000000000010248a                selectStyle
                0x00000000001024a4                clearTextBuffer
                0x00000000001028f8                print
                0x000000000010297f                printChar
                0x00000000001029ed                deleteChar
                0x0000000000102a52                scrollDown
                0x0000000000102ab3                scrollUp
                0x0000000000102b30                printHex64
                0x0000000000102ba4                printHex32
                0x0000000000102c16                printHex16
 *fill*         0x0000000000102c8c        0x4 
 .text          0x0000000000102c90      0x265 asm/interrupts.o
                0x0000000000102c90                _hlt
                0x0000000000102c93                _cli
                0x0000000000102c95                _sti
                0x0000000000102c97                picMasterMask
                0x0000000000102ca2                picSlaveMask
                0x0000000000102cad                _irq00Handler
                0x0000000000102ceb                _irq01Handler
                0x0000000000102d29                _irq02Handler
                0x0000000000102d67                _irq03Handler
                0x0000000000102da5                _irq04Handler
                0x0000000000102de3                _irq05Handler
                0x0000000000102e21                _exception0Handler
                0x0000000000102e5e                _exception6Handler
                0x0000000000102e9b                _sysCallHandler
                0x0000000000102ef2                haltcpu
 *fill*         0x0000000000102ef5        0xb 
 .text          0x0000000000102f00        0xa asm/keyboard.o
                0x0000000000102f00                get_keyboard_output
 *fill*         0x0000000000102f0a        0x6 
 .text          0x0000000000102f10       0x21 asm/libasm.o
                0x0000000000102f10                cpuVendor
 *fill*         0x0000000000102f31        0xf 
 .text          0x0000000000102f40       0xd5 asm/regs.o
                0x0000000000102f40                backupregs
                0x0000000000102f61                addregs
 *fill*         0x0000000000103015        0xb 
 .text          0x0000000000103020       0x3b asm/time.o
                0x0000000000103020                getMilis
                0x000000000010302a                getSeconds
                0x0000000000103031                getMinutes
                0x0000000000103038                getHour
                0x000000000010303f                getDayOfWeek
                0x0000000000103046                getDayOfMonth
                0x000000000010304d                getMonth
                0x0000000000103054                getYear
 *fill*         0x000000000010305b        0x5 
 .text          0x0000000000103060        0xf asm/video.o
                0x0000000000103060                vsync_wait
                0x0000000000104000                . = ALIGN (0x1000)
 *fill*         0x000000000010306f      0xf91 
                0x0000000000104000                rodata = .
 *(.rodata*)
 .rodata        0x0000000000104000       0x38 exceptions.o
 .rodata        0x0000000000104038       0xc9 kernel.o
 .rodata        0x0000000000104101       0x3d moduleLoader.o
 *fill*         0x000000000010413e        0x2 
 .rodata        0x0000000000104140      0x12d registers.o
 *fill*         0x000000000010426d        0x3 
 .rodata        0x0000000000104270       0xa9 syscalls.o
 *fill*         0x0000000000104319        0x7 
 .rodata        0x0000000000104320       0x7a drivers/keyboard.o
 *fill*         0x000000000010439a        0x6 
 .rodata        0x00000000001043a0       0x10 drivers/screen.o
 .rodata        0x00000000001043b0       0x94 drivers/video.o

.data           0x0000000000105000      0x894
                0x0000000000105000                data = .
 *(.data*)
 .data          0x0000000000105000        0x0 exceptions.o
 .data          0x0000000000105000        0x0 idtLoader.o
 .data          0x0000000000105000        0x0 irqDispatcher.o
 .data          0x0000000000105000        0x0 kernel.o
 .data          0x0000000000105000        0x0 lib.o
 .data          0x0000000000105000        0x0 moduleLoader.o
 .data          0x0000000000105000        0x0 registers.o
 .data          0x0000000000105000        0x0 syscalls.o
 .data          0x0000000000105000        0x0 drivers/keyboard.o
 .data          0x0000000000105000        0x0 drivers/mouse.o
 .data          0x0000000000105000       0x49 drivers/screen.o
 .data          0x0000000000105049        0x0 drivers/tick.o
 .data          0x0000000000105049        0x0 drivers/time.o
 *fill*         0x0000000000105049       0x17 
 .data          0x0000000000105060      0x814 drivers/video.o
                0x0000000000105060                font8x16
                0x0000000000105860                VBE_mode_info
                0x0000000000105868                backbuffer
                0x0000000000105870                text_mode_enabled
                0x0000000000105871                selected_style
                0x0000000000105872                text_size
 .data          0x0000000000105874       0x20 asm/interrupts.o
                0x0000000000105894                endOfKernelBinary = .

.bss            0x0000000000106000     0x1d50
                0x0000000000106000                bss = .
 *(.bss*)
 .bss           0x0000000000106000        0x0 exceptions.o
 .bss           0x0000000000106000        0x8 idtLoader.o
                0x0000000000106000                idt
 .bss           0x0000000000106008        0x0 irqDispatcher.o
 .bss           0x0000000000106008        0x0 kernel.o
 .bss           0x0000000000106008        0x8 lib.o
 .bss           0x0000000000106010        0x4 moduleLoader.o
 *fill*         0x0000000000106014        0xc 
 .bss           0x0000000000106020      0x8c4 registers.o
 .bss           0x00000000001068e4        0x4 syscalls.o
 *fill*         0x00000000001068e8       0x18 
 .bss           0x0000000000106900      0x400 drivers/keyboard.o
                0x0000000000106900                buffer
                0x0000000000106cfc                size
                0x0000000000106cfd                head
                0x0000000000106cfe                tail
                0x0000000000106cff                isShiftPressed
 .bss           0x0000000000106d00        0x0 drivers/mouse.o
 .bss           0x0000000000106d00        0x0 drivers/screen.o
 .bss           0x0000000000106d00        0x8 drivers/tick.o
 .bss           0x0000000000106d08        0x4 drivers/time.o
                0x0000000000106d08                ticksPerMs
 *fill*         0x0000000000106d0c       0x14 
 .bss           0x0000000000106d20     0x1008 drivers/video.o
                0x0000000000106d20                text_buffer
                0x0000000000107d20                cursor
                0x0000000000107d24                offset
 .bss           0x0000000000107d28        0x8 asm/interrupts.o
 .bss           0x0000000000107d30       0x20 asm/regs.o
 *(EXCLUDE_FILE(*.o) COMMON)
                0x0000000000108000                . = ALIGN (0x1000)
                0x0000000000108000                endOfKernel = .
LOAD loader.o
LOAD exceptions.o
LOAD idtLoader.o
LOAD irqDispatcher.o
LOAD kernel.o
LOAD lib.o
LOAD moduleLoader.o
LOAD registers.o
LOAD syscalls.o
LOAD drivers/keyboard.o
LOAD drivers/mouse.o
LOAD drivers/screen.o
LOAD drivers/tick.o
LOAD drivers/time.o
LOAD drivers/video.o
LOAD asm/interrupts.o
LOAD asm/keyboard.o
LOAD asm/libasm.o
LOAD asm/mouse.o
LOAD asm/regs.o
LOAD asm/time.o
LOAD asm/video.o
OUTPUT(kernel.bin binary)

.comment        0x0000000000000000      0x1c0
 .comment       0x0000000000000000       0x20 exceptions.o
 .comment       0x0000000000000020       0x20 idtLoader.o
 .comment       0x0000000000000040       0x20 irqDispatcher.o
 .comment       0x0000000000000060       0x20 kernel.o
 .comment       0x0000000000000080       0x20 lib.o
 .comment       0x00000000000000a0       0x20 moduleLoader.o
 .comment       0x00000000000000c0       0x20 registers.o
 .comment       0x00000000000000e0       0x20 syscalls.o
 .comment       0x0000000000000100       0x20 drivers/keyboard.o
 .comment       0x0000000000000120       0x20 drivers/mouse.o
 .comment       0x0000000000000140       0x20 drivers/screen.o
 .comment       0x0000000000000160       0x20 drivers/tick.o
 .comment       0x0000000000000180       0x20 drivers/time.o
 .comment       0x00000000000001a0       0x20 drivers/video.o

.note.GNU-stack
                0x0000000000000000        0x0
 .note.GNU-stack
                0x0000000000000000        0x0 exceptions.o
 .note.GNU-stack
                0x0000000000000000        0x0 idtLoader.o
 .note.GNU-stack
                0x0000000000000000        0x0 irqDispatcher.o
 .note.GNU-stack
                0x0000000000000000        0x0 kernel.o
 .note.GNU-stack
                0x0000000000000000        0x0 lib.o
 .note.GNU-stack
                0x0000000000000000        0x0 moduleLoader.o
 .note.GNU-stack
                0x0000000000000000        0x0 registers.o
 .note.GNU-stack
                0x0000000000000000        0x0 syscalls.o
 .note.GNU-stack
                0x0000000000000000        0x0 drivers/keyboard.o
 .note.GNU-stack
                0x0000000000000000        0x0 drivers/mouse.o
 .note.GNU-stack
                0x0000000000000000        0x0 drivers/screen.o
 .note.GNU-stack
                0x0000000000000000        0x0 drivers/tick.o
 .note.GNU-stack
                0x0000000000000000        0x0 drivers/time.o
 .note.GNU-stack
                0x0000000000000000        0x0 drivers/video.o
