
Memory Configuration

Name             Origin             Length             Attributes
*default*        0x0000000000000000 0xffffffffffffffff

Linker script and memory map


.text           0x0000000000100000     0x57f4
                0x0000000000100000                text = .
 *(.text*)
 .text          0x0000000000100000       0x11 loader.o
                0x0000000000100000                loader
 .text          0x0000000000100011      0x3c2 exceptions.o
                0x0000000000100011                exceptionDispatcher
 .text          0x00000000001003d3      0x155 idtLoader.o
                0x00000000001003d3                load_idt
 .text          0x0000000000100528       0x58 irqDispatcher.o
                0x0000000000100528                irqDispatcher
 .text          0x0000000000100580      0x365 kernel.o
                0x0000000000100580                getShellAddress
                0x000000000010058b                clearBSS
                0x00000000001005b3                getStackBase
                0x00000000001005d2                initializeKernelBinary
                0x0000000000100758                MusicSO
                0x00000000001007aa                imagenSO
                0x0000000000100833                sleep
                0x0000000000100871                main
 .text          0x00000000001008e5      0x2e4 lib.o
                0x00000000001008e5                memset
                0x00000000001009a0                memcpy
                0x0000000000100a7b                alloc
                0x0000000000100aea                uintToBase
 .text          0x0000000000100bc9      0x19c moduleLoader.o
                0x0000000000100bc9                loadModules
 .text          0x0000000000100d65      0x49e registers.o
                0x0000000000100d65                printHexToBuffer
                0x0000000000100dbf                printHex16ToBuffer
                0x0000000000100df0                printHex64ToBuffer
                0x0000000000100edc                printStruct
                0x00000000001011dd                dump_registers
                0x00000000001011f8                get_register_dump
 .text          0x0000000000101203      0x713 syscalls.o
                0x0000000000101203                sysCallDispatcher
 .text          0x0000000000101916      0x24e drivers/audio.o
                0x0000000000101921                isAudioBufferEmpty
                0x00000000001019f3                getNextAudioEvent
                0x0000000000101a5d                audio_timer_handler
                0x0000000000101afc                play_sound
                0x0000000000101b2d                clearAudioBuffer
 .text          0x0000000000101b64      0x24d drivers/keyboard.o
                0x0000000000101b64                isFull
                0x0000000000101b76                isKeyBufferEmpty
                0x0000000000101b88                clearKeyBuffer
                0x0000000000101ba4                queue
                0x0000000000101c28                getNextKey
                0x0000000000101ca9                keyboard_handler
 .text          0x0000000000101db1        0x0 drivers/mouse.o
 .text          0x0000000000101db1      0x2a1 drivers/screen.o
                0x0000000000101db1                ncPrint
                0x0000000000101e1c                ncPrintChar
                0x0000000000101e61                ncNewline
                0x0000000000101e9b                ncPrintDec
                0x0000000000101ebb                ncPrintHex
                0x0000000000101edb                ncPrintBin
                0x0000000000101efb                ncPrintBase
                0x0000000000101f2b                ncDelChar
                0x0000000000101fcb                ncClear
                0x0000000000102038                ncSetStyle
 .text          0x0000000000102052       0x51 drivers/tick.o
                0x0000000000102052                timer_handler
                0x0000000000102075                ticks_elapsed
                0x0000000000102082                seconds_elapsed
 .text          0x00000000001020a3      0x19a drivers/time.o
                0x00000000001020a3                calibrateMilis
                0x000000000010212c                getMilisFromBoot
                0x00000000001021c0                getTime
 .text          0x000000000010223d     0x18fe drivers/video.o
                0x00000000001023c6                swapBuffers
                0x000000000010240b                canvasMode
                0x0000000000102423                clearCanvas
                0x000000000010245e                drawPixel
                0x00000000001024a2                drawLine
                0x00000000001025e3                fillScreen
                0x0000000000102725                drawRectangle
                0x00000000001027e3                drawFilledRectangle
                0x0000000000102a73                drawCircle
                0x0000000000102b3c                drawFilledCircle
                0x0000000000102bd6                drawText
                0x0000000000102d6d                textMode
                0x0000000000102db3                selectStyle
                0x0000000000102dcd                setTextSize
                0x0000000000102e35                clearTextBuffer
                0x0000000000103625                print
                0x00000000001036ac                printChar
                0x0000000000103717                deleteChar
                0x000000000010378a                scrollDown
                0x00000000001037f0                scrollUp
                0x00000000001039df                printHex64
                0x0000000000103a53                printHex32
                0x0000000000103ac5                printHex16
 *fill*         0x0000000000103b3b        0x5 
 .text          0x0000000000103b40       0x51 asm/audio.o
                0x0000000000103b40                output_audio_start
                0x0000000000103b79                stop_audio
                0x0000000000103b82                start_T
 *fill*         0x0000000000103b91        0xf 
 .text          0x0000000000103ba0      0x2d1 asm/interrupts.o
                0x0000000000103ba0                _hlt
                0x0000000000103ba3                _cli
                0x0000000000103ba5                _sti
                0x0000000000103ba7                picMasterMask
                0x0000000000103bb2                picSlaveMask
                0x0000000000103bbd                _irq00Handler
                0x0000000000103c0d                _irq01Handler
                0x0000000000103c5d                _irq02Handler
                0x0000000000103cad                _irq03Handler
                0x0000000000103cfd                _irq04Handler
                0x0000000000103d4d                _irq05Handler
                0x0000000000103d9d                _exception0Handler
                0x0000000000103dda                _exception6Handler
                0x0000000000103e17                _sysCallHandler
                0x0000000000103e6e                haltcpu
 *fill*         0x0000000000103e71        0xf 
 .text          0x0000000000103e80        0xa asm/keyboard.o
                0x0000000000103e80                get_keyboard_output
 *fill*         0x0000000000103e8a        0x6 
 .text          0x0000000000103e90       0x78 asm/libasm.o
                0x0000000000103e90                cpuVendor
                0x0000000000103eb1                fast_memcpy
                0x0000000000103ecb                fast_memset
 *fill*         0x0000000000103f08        0x8 
 .text          0x0000000000103f10       0xe7 asm/regs.o
                0x0000000000103f10                addregs
 *fill*         0x0000000000103ff7        0x9 
 .text          0x0000000000104000       0x3b asm/time.o
                0x0000000000104000                getMilis
                0x000000000010400a                getSeconds
                0x0000000000104011                getMinutes
                0x0000000000104018                getHour
                0x000000000010401f                getDayOfWeek
                0x0000000000104026                getDayOfMonth
                0x000000000010402d                getMonth
                0x0000000000104034                getYear
 *fill*         0x000000000010403b        0x5 
 .text          0x0000000000104040        0x0 asm/video.o
                0x0000000000105000                . = ALIGN (0x1000)
 *fill*         0x0000000000104040      0xfc0 
                0x0000000000105000                rodata = .
 *(.rodata*)
 .rodata        0x0000000000105000      0x162 exceptions.o
 *fill*         0x0000000000105162        0x6 
 .rodata        0x0000000000105168      0x2f2 kernel.o
 .rodata        0x000000000010545a       0x3d moduleLoader.o
 *fill*         0x0000000000105497        0x1 
 .rodata        0x0000000000105498      0x11d registers.o
 *fill*         0x00000000001055b5        0x3 
 .rodata        0x00000000001055b8       0xd9 syscalls.o
 *fill*         0x0000000000105691        0xf 
 .rodata        0x00000000001056a0       0x7a drivers/keyboard.o
 *fill*         0x000000000010571a        0x6 
 .rodata        0x0000000000105720       0x10 drivers/screen.o
 .rodata        0x0000000000105730       0x30 drivers/time.o
 .rodata        0x0000000000105760       0x94 drivers/video.o

.data           0x0000000000106000      0x898
                0x0000000000106000                data = .
 *(.data*)
 .data          0x0000000000106000        0x0 exceptions.o
 .data          0x0000000000106000        0x0 idtLoader.o
 .data          0x0000000000106000        0x0 irqDispatcher.o
 .data          0x0000000000106000        0x0 kernel.o
 .data          0x0000000000106000        0x0 lib.o
 .data          0x0000000000106000        0x0 moduleLoader.o
 .data          0x0000000000106000        0x0 registers.o
 .data          0x0000000000106000        0x0 syscalls.o
 .data          0x0000000000106000        0x0 drivers/audio.o
 .data          0x0000000000106000        0x0 drivers/keyboard.o
 .data          0x0000000000106000        0x0 drivers/mouse.o
 .data          0x0000000000106000       0x49 drivers/screen.o
 .data          0x0000000000106049        0x0 drivers/tick.o
 .data          0x0000000000106049        0x0 drivers/time.o
 *fill*         0x0000000000106049       0x17 
 .data          0x0000000000106060      0x815 drivers/video.o
                0x0000000000106060                font8x16
                0x0000000000106860                VBE_mode_info
                0x0000000000106868                backbuffer
                0x0000000000106870                text_mode_enabled
                0x0000000000106874                selected_style
 *fill*         0x0000000000106875        0x3 
 .data          0x0000000000106878       0x20 asm/interrupts.o
                0x0000000000106898                endOfKernelBinary = .

.bss            0x0000000000107000     0x9d20
                0x0000000000107000                bss = .
 *(.bss*)
 .bss           0x0000000000107000        0x0 exceptions.o
 .bss           0x0000000000107000        0x8 idtLoader.o
                0x0000000000107000                idt
 .bss           0x0000000000107008        0x0 irqDispatcher.o
 .bss           0x0000000000107008        0x0 kernel.o
 .bss           0x0000000000107008        0x8 lib.o
 .bss           0x0000000000107010        0x4 moduleLoader.o
 *fill*         0x0000000000107014        0xc 
 .bss           0x0000000000107020      0x8c4 registers.o
 .bss           0x00000000001078e4        0x4 syscalls.o
 *fill*         0x00000000001078e8       0x18 
 .bss           0x0000000000107900      0xfa8 drivers/audio.o
 *fill*         0x00000000001088a8       0x18 
 .bss           0x00000000001088c0      0x404 drivers/keyboard.o
                0x00000000001088c0                buffer
                0x0000000000108cbc                size
                0x0000000000108cbd                head
                0x0000000000108cbe                tail
                0x0000000000108cbf                isShiftPressed
                0x0000000000108cc0                null
 .bss           0x0000000000108cc4        0x0 drivers/mouse.o
 .bss           0x0000000000108cc4        0x0 drivers/screen.o
 *fill*         0x0000000000108cc4        0x4 
 .bss           0x0000000000108cc8        0x8 drivers/tick.o
 .bss           0x0000000000108cd0        0x8 drivers/time.o
                0x0000000000108cd0                ticksPerMs
 *fill*         0x0000000000108cd8        0x8 
 .bss           0x0000000000108ce0     0x8008 drivers/video.o
                0x0000000000108ce0                text_buffer
                0x0000000000110ce0                cursor
                0x0000000000110ce4                offset
 .bss           0x0000000000110ce8        0x8 asm/interrupts.o
 .bss           0x0000000000110cf0       0x30 asm/regs.o
                0x0000000000110d10                saved_stack_ptr
                0x0000000000110d18                initial_saved_stack_ptr
 *(EXCLUDE_FILE(*.o) COMMON)
                0x0000000000111000                . = ALIGN (0x1000)
                0x0000000000111000                endOfKernel = .
LOAD loader.o
LOAD exceptions.o
LOAD idtLoader.o
LOAD irqDispatcher.o
LOAD kernel.o
LOAD lib.o
LOAD moduleLoader.o
LOAD registers.o
LOAD syscalls.o
LOAD drivers/audio.o
LOAD drivers/keyboard.o
LOAD drivers/mouse.o
LOAD drivers/screen.o
LOAD drivers/tick.o
LOAD drivers/time.o
LOAD drivers/video.o
LOAD asm/audio.o
LOAD asm/interrupts.o
LOAD asm/keyboard.o
LOAD asm/libasm.o
LOAD asm/mouse.o
LOAD asm/regs.o
LOAD asm/time.o
LOAD asm/video.o
OUTPUT(kernel.bin binary)

.comment        0x0000000000000000      0x1e0
 .comment       0x0000000000000000       0x20 exceptions.o
 .comment       0x0000000000000020       0x20 idtLoader.o
 .comment       0x0000000000000040       0x20 irqDispatcher.o
 .comment       0x0000000000000060       0x20 kernel.o
 .comment       0x0000000000000080       0x20 lib.o
 .comment       0x00000000000000a0       0x20 moduleLoader.o
 .comment       0x00000000000000c0       0x20 registers.o
 .comment       0x00000000000000e0       0x20 syscalls.o
 .comment       0x0000000000000100       0x20 drivers/audio.o
 .comment       0x0000000000000120       0x20 drivers/keyboard.o
 .comment       0x0000000000000140       0x20 drivers/mouse.o
 .comment       0x0000000000000160       0x20 drivers/screen.o
 .comment       0x0000000000000180       0x20 drivers/tick.o
 .comment       0x00000000000001a0       0x20 drivers/time.o
 .comment       0x00000000000001c0       0x20 drivers/video.o

.note.GNU-stack
                0x0000000000000000        0x0
 .note.GNU-stack
                0x0000000000000000        0x0 exceptions.o
 .note.GNU-stack
                0x0000000000000000        0x0 idtLoader.o
 .note.GNU-stack
                0x0000000000000000        0x0 irqDispatcher.o
 .note.GNU-stack
                0x0000000000000000        0x0 kernel.o
 .note.GNU-stack
                0x0000000000000000        0x0 lib.o
 .note.GNU-stack
                0x0000000000000000        0x0 moduleLoader.o
 .note.GNU-stack
                0x0000000000000000        0x0 registers.o
 .note.GNU-stack
                0x0000000000000000        0x0 syscalls.o
 .note.GNU-stack
                0x0000000000000000        0x0 drivers/audio.o
 .note.GNU-stack
                0x0000000000000000        0x0 drivers/keyboard.o
 .note.GNU-stack
                0x0000000000000000        0x0 drivers/mouse.o
 .note.GNU-stack
                0x0000000000000000        0x0 drivers/screen.o
 .note.GNU-stack
                0x0000000000000000        0x0 drivers/tick.o
 .note.GNU-stack
                0x0000000000000000        0x0 drivers/time.o
 .note.GNU-stack
                0x0000000000000000        0x0 drivers/video.o
