
There are no discarded input sections

Memory Configuration

Name             Origin             Length             Attributes
*default*        0x0000000000000000 0xffffffffffffffff

Linker script and memory map


.text           0x0000000000100000     0x7654
                0x0000000000100000                text = .
 *(.text*)
 .text          0x0000000000100000       0x11 loader.o
                0x0000000000100000                loader
 .text          0x0000000000100011      0x3b0 exceptions.o
                0x0000000000100011                exceptionDispatcher
 .text          0x00000000001003c1      0x155 idtLoader.o
                0x00000000001003c1                load_idt
 .text          0x0000000000100516       0x58 irqDispatcher.o
                0x0000000000100516                irqDispatcher
 .text          0x000000000010056e      0x680 kernel.o
                0x00000000001005af                clearBSS
                0x00000000001005d7                getStackBase
                0x00000000001005f6                initializeKernelBinary
                0x0000000000100791                sleep
                0x00000000001007cf                MusicSO
                0x0000000000100a98                yield_prueba
                0x0000000000100aa8                A
                0x0000000000100ac3                B
                0x0000000000100ade                main
 .text          0x0000000000100bee      0x357 lib.o
                0x0000000000100bee                memset
                0x0000000000100ca9                memcpy
                0x0000000000100d84                alloc
                0x0000000000100df3                uintToBase
                0x0000000000100ed2                strcpy
                0x0000000000100f15                strlen
 .text          0x0000000000100f45      0x270 moduleLoader.o
                0x0000000000100f45                loadModules
 .text          0x00000000001011b5     0x104f processes.o
                0x000000000010133e                initializeScheduler
                0x000000000010148d                scheduler
                0x00000000001016b3                create_process
                0x0000000000101d34                kill_process
                0x0000000000101d9e                exit_current_process
                0x0000000000101f57                wait_pid
                0x0000000000102065                yield
                0x0000000000102088                modify_process_priority_by_pid
                0x000000000010209a                block_process
                0x00000000001020e1                unblock_process
                0x0000000000102128                sleep_process
                0x000000000010213b                wait_for_process
                0x000000000010214e                get_processes
                0x0000000000102159                get_actual_pid
                0x0000000000102166                get_actual_process
 .text          0x0000000000102204      0x49e registers.o
                0x0000000000102204                printHexToBuffer
                0x000000000010225e                printHex16ToBuffer
                0x000000000010228f                printHex64ToBuffer
                0x000000000010237b                printStruct
                0x000000000010267c                dump_registers
                0x0000000000102697                get_register_dump
 .text          0x00000000001026a2      0x89d syscalls.o
                0x00000000001026a2                sysCallDispatcher
 .text          0x0000000000102f3f      0x2b7 drivers/audio.o
                0x0000000000102f53                isAudioBufferEmpty
                0x000000000010300e                getNextAudioEvent
                0x0000000000103067                audio_timer_handler
                0x0000000000103180                play_sound
                0x00000000001031b1                clearAudioBuffer
 .text          0x00000000001031f6      0x2ad drivers/keyboard.o
                0x00000000001031f6                isFull
                0x0000000000103208                isKeyBufferEmpty
                0x000000000010321a                clearKeyBuffer
                0x000000000010323d                keyboard_set_enabled
                0x000000000010326f                keyboard_is_enabled
                0x000000000010327c                queue
                0x0000000000103300                getNextKey
                0x0000000000103381                keyboard_handler
 .text          0x00000000001034a3      0x806 drivers/memoryBuddy.o
                0x0000000000103638                initializeMemoryManager
                0x000000000010391a                malloc
                0x0000000000103aaa                free
                0x0000000000103bfd                getTotalMemory
                0x0000000000103c1f                getUsedMemory
 .text          0x0000000000103ca9        0x0 drivers/memoryNaive.o
 .text          0x0000000000103ca9        0x0 drivers/memoryOwn.o
 .text          0x0000000000103ca9      0x2a1 drivers/screen.o
                0x0000000000103ca9                ncPrint
                0x0000000000103d14                ncPrintChar
                0x0000000000103d59                ncNewline
                0x0000000000103d93                ncPrintDec
                0x0000000000103db3                ncPrintHex
                0x0000000000103dd3                ncPrintBin
                0x0000000000103df3                ncPrintBase
                0x0000000000103e23                ncDelChar
                0x0000000000103ec3                ncClear
                0x0000000000103f30                ncSetStyle
 .text          0x0000000000103f4a       0x5b drivers/tick.o
                0x0000000000103f4a                timer_handler
                0x0000000000103f77                ticks_elapsed
                0x0000000000103f84                seconds_elapsed
 .text          0x0000000000103fa5      0x1bf drivers/time.o
                0x0000000000103fa5                calibrateMilis
                0x0000000000104053                getMilisFromBoot
                0x00000000001040e7                getTime
 .text          0x0000000000104164     0x1b89 drivers/video.o
                0x00000000001042ed                setFpsOverlayEnabled
                0x000000000010433d                swapBuffers
                0x00000000001043a5                canvasMode
                0x00000000001043bd                clearCanvas
                0x00000000001043f8                drawPixel
                0x0000000000104425                abs
                0x000000000010443c                drawLine
                0x000000000010457d                fillScreen
                0x00000000001046bf                drawRectangle
                0x000000000010477d                drawFilledRectangle
                0x0000000000104a12                drawCircle
                0x0000000000104adb                drawFilledCircle
                0x0000000000104b75                drawText
                0x0000000000104e4b                getScreenWidth
                0x0000000000104e5c                getScreenHeight
                0x0000000000104e6d                textMode
                0x0000000000104eb3                selectStyle
                0x0000000000104ecd                setTextSize
                0x0000000000104f35                clearTextBuffer
                0x0000000000105725                print
                0x00000000001057ac                printChar
                0x0000000000105817                deleteChar
                0x000000000010588a                scrollDown
                0x00000000001058f0                scrollUp
                0x0000000000105adf                printHex64
                0x0000000000105b53                printHex32
                0x0000000000105bc5                printHex16
                0x0000000000105c3b                printDec
 *fill*         0x0000000000105ced        0x3 
 .text          0x0000000000105cf0       0x51 asm/audio.o
                0x0000000000105cf0                output_audio_start
                0x0000000000105d29                stop_audio
                0x0000000000105d32                start_T
 *fill*         0x0000000000105d41        0xf 
 .text          0x0000000000105d50      0x2d9 asm/interrupts.o
                0x0000000000105d50                _hlt
                0x0000000000105d53                _cli
                0x0000000000105d55                _sti
                0x0000000000105d57                picMasterMask
                0x0000000000105d62                picSlaveMask
                0x0000000000105d6d                _irq00Handler
                0x0000000000105dbd                _irq01Handler
                0x0000000000105e0d                _irq02Handler
                0x0000000000105e5d                _irq03Handler
                0x0000000000105ead                _irq04Handler
                0x0000000000105efd                _irq05Handler
                0x0000000000105f4d                _exception0Handler
                0x0000000000105f8a                _exception6Handler
                0x0000000000105fc7                _sysCallHandler
                0x0000000000106026                haltcpu
 *fill*         0x0000000000106029        0x7 
 .text          0x0000000000106030        0xa asm/keyboard.o
                0x0000000000106030                get_keyboard_output
 *fill*         0x000000000010603a        0x6 
 .text          0x0000000000106040       0x82 asm/libasm.o
                0x0000000000106040                cpuVendor
                0x0000000000106061                fast_memcpy
                0x000000000010607b                fast_memset
                0x00000000001060b8                get_rsp
                0x00000000001060bc                set_rsp
                0x00000000001060c0                halt
 *fill*         0x00000000001060c2        0xe 
 .text          0x00000000001060d0       0x1f asm/processes.o
                0x00000000001060d0                trampoline
                0x00000000001060d4                switch_rsp
 *fill*         0x00000000001060ef        0x1 
 .text          0x00000000001060f0      0x115 asm/regs.o
                0x00000000001060f0                addregs
 *fill*         0x0000000000106205        0xb 
 .text          0x0000000000106210       0x3b asm/time.o
                0x0000000000106210                getRDTSC
                0x000000000010621a                getSeconds
                0x0000000000106221                getMinutes
                0x0000000000106228                getHour
                0x000000000010622f                getDayOfWeek
                0x0000000000106236                getDayOfMonth
                0x000000000010623d                getMonth
                0x0000000000106244                getYear
                0x0000000000107000                . = ALIGN (0x1000)
 *fill*         0x000000000010624b      0xdb5 
                0x0000000000107000                rodata = .
 *(.rodata*)
 .rodata        0x0000000000107000      0x166 exceptions.o
 *fill*         0x0000000000107166        0x2 
 .rodata        0x0000000000107168       0xdc kernel.o
 .rodata        0x0000000000107244       0x8c moduleLoader.o
 .rodata        0x00000000001072d0      0x11d registers.o
 *fill*         0x00000000001073ed        0x3 
 .rodata        0x00000000001073f0       0xfa syscalls.o
 *fill*         0x00000000001074ea       0x16 
 .rodata        0x0000000000107500       0x7a drivers/keyboard.o
 *fill*         0x000000000010757a        0x6 
 .rodata        0x0000000000107580       0x10 drivers/screen.o
 .rodata        0x0000000000107590       0x30 drivers/time.o
 .rodata        0x00000000001075c0       0x94 drivers/video.o

.data           0x0000000000108000      0x8ec
                0x0000000000108000                data = .
 *(.data*)
 .data          0x0000000000108000        0x0 exceptions.o
 .data          0x0000000000108000        0x0 idtLoader.o
 .data          0x0000000000108000        0x0 irqDispatcher.o
 .data          0x0000000000108000        0x8 kernel.o
                0x0000000000108000                ramAmount
 .data          0x0000000000108008        0x0 lib.o
 .data          0x0000000000108008        0x0 moduleLoader.o
 .data          0x0000000000108008       0x10 processes.o
                0x0000000000108008                pid_count
                0x0000000000108010                actual_index
 .data          0x0000000000108018        0x0 registers.o
 .data          0x0000000000108018        0x0 syscalls.o
 .data          0x0000000000108018        0x0 drivers/audio.o
 .data          0x0000000000108018        0x1 drivers/keyboard.o
 .data          0x0000000000108019        0x0 drivers/memoryBuddy.o
 .data          0x0000000000108019        0x0 drivers/memoryNaive.o
 .data          0x0000000000108019        0x0 drivers/memoryOwn.o
 *fill*         0x0000000000108019        0x7 
 .data          0x0000000000108020       0x49 drivers/screen.o
 .data          0x0000000000108069        0x0 drivers/tick.o
 .data          0x0000000000108069        0x0 drivers/time.o
 *fill*         0x0000000000108069       0x17 
 .data          0x0000000000108080      0x841 drivers/video.o
                0x0000000000108080                font8x16
                0x0000000000108880                VBE_mode_info
                0x0000000000108888                backbuffer
                0x0000000000108890                text_mode_enabled
                0x00000000001088c0                selected_style
 *fill*         0x00000000001088c1        0x3 
 .data          0x00000000001088c4       0x28 asm/interrupts.o
                0x00000000001088ec                endOfKernelBinary = .

.bss            0x0000000000109000     0xeef8
                0x0000000000109000                bss = .
 *(.bss*)
 .bss           0x0000000000109000        0x0 exceptions.o
 .bss           0x0000000000109000        0x8 idtLoader.o
                0x0000000000109000                idt
 .bss           0x0000000000109008        0x0 irqDispatcher.o
 .bss           0x0000000000109008        0x8 kernel.o
 .bss           0x0000000000109010        0x8 lib.o
 .bss           0x0000000000109018        0x0 moduleLoader.o
 *fill*         0x0000000000109018        0x8 
 .bss           0x0000000000109020     0x5c58 processes.o
                0x0000000000109020                proccess_count
                0x0000000000109040                processes
                0x000000000010c440                priority_lists
                0x000000000010ec40                priority_index
                0x000000000010ec68                actual_pid
                0x000000000010ec70                actual_process_start_time
 *fill*         0x000000000010ec78        0x8 
 .bss           0x000000000010ec80      0x8c4 registers.o
 .bss           0x000000000010f544        0x4 syscalls.o
 *fill*         0x000000000010f548       0x18 
 .bss           0x000000000010f560      0x40c drivers/audio.o
 *fill*         0x000000000010f96c       0x14 
 .bss           0x000000000010f980      0x404 drivers/keyboard.o
                0x000000000010f980                buffer
                0x000000000010fd7c                size
                0x000000000010fd7d                head
                0x000000000010fd7e                tail
                0x000000000010fd7f                isShiftPressed
                0x000000000010fd80                null
 *fill*         0x000000000010fd84       0x1c 
 .bss           0x000000000010fda0       0xe0 drivers/memoryBuddy.o
                0x000000000010fda0                initialized
                0x000000000010fda8                managed_memory_base
                0x000000000010fdb0                managed_memory_size
                0x000000000010fdc0                free_lists
                0x000000000010fe20                bitmaps
                0x000000000010fe78                page_orders
 .bss           0x000000000010fe80        0x0 drivers/memoryNaive.o
 .bss           0x000000000010fe80        0x0 drivers/memoryOwn.o
 .bss           0x000000000010fe80        0x0 drivers/screen.o
 .bss           0x000000000010fe80        0x8 drivers/tick.o
 .bss           0x000000000010fe88        0x8 drivers/time.o
                0x000000000010fe88                ticksPerMs
 *fill*         0x000000000010fe90       0x10 
 .bss           0x000000000010fea0     0x8020 drivers/video.o
                0x000000000010fea0                text_buffer
                0x0000000000117ea0                cursor
                0x0000000000117ea4                offset
 .bss           0x0000000000117ec0        0x8 asm/interrupts.o
 .bss           0x0000000000117ec8       0x30 asm/regs.o
                0x0000000000117ee8                saved_stack_ptr
                0x0000000000117ef0                initial_saved_stack_ptr
 *(EXCLUDE_FILE(*.o) COMMON)
                0x0000000000118000                . = ALIGN (0x1000)
                0x0000000000118000                endOfKernel = .
LOAD loader.o
LOAD exceptions.o
LOAD idtLoader.o
LOAD irqDispatcher.o
LOAD kernel.o
LOAD lib.o
LOAD moduleLoader.o
LOAD processes.o
LOAD registers.o
LOAD syscalls.o
LOAD drivers/audio.o
LOAD drivers/keyboard.o
LOAD drivers/memoryBuddy.o
LOAD drivers/memoryNaive.o
LOAD drivers/memoryOwn.o
LOAD drivers/screen.o
LOAD drivers/tick.o
LOAD drivers/time.o
LOAD drivers/video.o
LOAD asm/audio.o
LOAD asm/interrupts.o
LOAD asm/keyboard.o
LOAD asm/libasm.o
LOAD asm/processes.o
LOAD asm/regs.o
LOAD asm/time.o
OUTPUT(kernel.bin binary)

.comment        0x0000000000000000      0x240
 .comment       0x0000000000000000       0x20 exceptions.o
 .comment       0x0000000000000020       0x20 idtLoader.o
 .comment       0x0000000000000040       0x20 irqDispatcher.o
 .comment       0x0000000000000060       0x20 kernel.o
 .comment       0x0000000000000080       0x20 lib.o
 .comment       0x00000000000000a0       0x20 moduleLoader.o
 .comment       0x00000000000000c0       0x20 processes.o
 .comment       0x00000000000000e0       0x20 registers.o
 .comment       0x0000000000000100       0x20 syscalls.o
 .comment       0x0000000000000120       0x20 drivers/audio.o
 .comment       0x0000000000000140       0x20 drivers/keyboard.o
 .comment       0x0000000000000160       0x20 drivers/memoryBuddy.o
 .comment       0x0000000000000180       0x20 drivers/memoryNaive.o
 .comment       0x00000000000001a0       0x20 drivers/memoryOwn.o
 .comment       0x00000000000001c0       0x20 drivers/screen.o
 .comment       0x00000000000001e0       0x20 drivers/tick.o
 .comment       0x0000000000000200       0x20 drivers/time.o
 .comment       0x0000000000000220       0x20 drivers/video.o

.note.GNU-stack
                0x0000000000000000        0x0
 .note.GNU-stack
                0x0000000000000000        0x0 exceptions.o
 .note.GNU-stack
                0x0000000000000000        0x0 idtLoader.o
 .note.GNU-stack
                0x0000000000000000        0x0 irqDispatcher.o
 .note.GNU-stack
                0x0000000000000000        0x0 kernel.o
 .note.GNU-stack
                0x0000000000000000        0x0 lib.o
 .note.GNU-stack
                0x0000000000000000        0x0 moduleLoader.o
 .note.GNU-stack
                0x0000000000000000        0x0 processes.o
 .note.GNU-stack
                0x0000000000000000        0x0 registers.o
 .note.GNU-stack
                0x0000000000000000        0x0 syscalls.o
 .note.GNU-stack
                0x0000000000000000        0x0 drivers/audio.o
 .note.GNU-stack
                0x0000000000000000        0x0 drivers/keyboard.o
 .note.GNU-stack
                0x0000000000000000        0x0 drivers/memoryBuddy.o
 .note.GNU-stack
                0x0000000000000000        0x0 drivers/memoryNaive.o
 .note.GNU-stack
                0x0000000000000000        0x0 drivers/memoryOwn.o
 .note.GNU-stack
                0x0000000000000000        0x0 drivers/screen.o
 .note.GNU-stack
                0x0000000000000000        0x0 drivers/tick.o
 .note.GNU-stack
                0x0000000000000000        0x0 drivers/time.o
 .note.GNU-stack
                0x0000000000000000        0x0 drivers/video.o
