
Memory Configuration

Name             Origin             Length             Attributes
*default*        0x0000000000000000 0xffffffffffffffff

Linker script and memory map


.text           0x0000000000100000     0x47e0
                0x0000000000100000                text = .
 *(.text*)
 .text          0x0000000000100000       0x11 loader.o
                0x0000000000100000                loader
 .text          0x0000000000100011      0x3c2 exceptions.o
                0x0000000000100011                exceptionDispatcher
 .text          0x00000000001003d3      0x155 idtLoader.o
                0x00000000001003d3                load_idt
 .text          0x0000000000100528       0x62 irqDispatcher.o
                0x0000000000100528                irqDispatcher
 .text          0x000000000010058a      0x365 kernel.o
                0x000000000010058a                getShellAddress
                0x0000000000100595                clearBSS
                0x00000000001005bd                getStackBase
                0x00000000001005dc                initializeKernelBinary
                0x0000000000100762                MusicSO
                0x00000000001007b4                imagenSO
                0x000000000010083d                sleep
                0x000000000010087b                main
 .text          0x00000000001008ef      0x2e4 lib.o
                0x00000000001008ef                memset
                0x00000000001009aa                memcpy
                0x0000000000100a85                alloc
                0x0000000000100af4                uintToBase
 .text          0x0000000000100bd3      0x19c moduleLoader.o
                0x0000000000100bd3                loadModules
 .text          0x0000000000100d6f      0x573 registers.o
                0x0000000000100d6f                printHexToBuffer
                0x0000000000100dc9                printHex16ToBuffer
                0x0000000000100dfa                printHex64ToBuffer
                0x0000000000100ee6                DoArray
                0x00000000001012aa                dump_registers
                0x00000000001012d7                get_register_dump
 .text          0x00000000001012e2      0x6d4 syscalls.o
                0x00000000001012e2                sysCallDispatcher
 .text          0x00000000001019b6      0x24e drivers/audio.o
                0x00000000001019c1                isAudioBufferEmpty
                0x0000000000101a93                getNextAudioEvent
                0x0000000000101afd                audio_timer_handler
                0x0000000000101b9c                play_sound
                0x0000000000101bcd                clearAudioBuffer
 .text          0x0000000000101c04      0x23c drivers/keyboard.o
                0x0000000000101c04                isFull
                0x0000000000101c16                isKeyBufferEmpty
                0x0000000000101c28                clearKeyBuffer
                0x0000000000101c44                queue
                0x0000000000101cc8                getNextKey
                0x0000000000101d33                keyboard_handler
 .text          0x0000000000101e40        0x0 drivers/mouse.o
 .text          0x0000000000101e40      0x2a1 drivers/screen.o
                0x0000000000101e40                ncPrint
                0x0000000000101eab                ncPrintChar
                0x0000000000101ef0                ncNewline
                0x0000000000101f2a                ncPrintDec
                0x0000000000101f4a                ncPrintHex
                0x0000000000101f6a                ncPrintBin
                0x0000000000101f8a                ncPrintBase
                0x0000000000101fba                ncDelChar
                0x000000000010205a                ncClear
                0x00000000001020c7                ncSetStyle
 .text          0x00000000001020e1       0x51 drivers/tick.o
                0x00000000001020e1                timer_handler
                0x0000000000102104                ticks_elapsed
                0x0000000000102111                seconds_elapsed
 .text          0x0000000000102132      0x125 drivers/time.o
                0x0000000000102132                calibrateMilis
                0x00000000001021a5                getMilisFromBoot
                0x00000000001021c6                getTime
 .text          0x0000000000102257     0x140c drivers/video.o
                0x000000000010230a                swapBuffers
                0x0000000000102359                canvasMode
                0x0000000000102371                clearCanvas
                0x00000000001023ac                drawPixel
                0x00000000001023f0                drawLine
                0x0000000000102531                drawRectangle
                0x00000000001025ef                drawFilledRectangle
                0x000000000010287f                drawCircle
                0x0000000000102948                drawFilledCircle
                0x00000000001029e2                drawText
                0x0000000000102bfd                textMode
                0x0000000000102c39                selectStyle
                0x0000000000102c53                setTextSize
                0x0000000000102c99                clearTextBuffer
                0x00000000001032ad                print
                0x0000000000103339                printChar
                0x00000000001033ac                deleteChar
                0x000000000010341f                scrollDown
                0x0000000000103485                scrollUp
                0x0000000000103507                printHex64
                0x000000000010357b                printHex32
                0x00000000001035ed                printHex16
 *fill*         0x0000000000103663        0xd 
 .text          0x0000000000103670       0x51 asm/audio.o
                0x0000000000103670                output_audio_start
                0x00000000001036a9                stop_audio
                0x00000000001036b2                start_T
 *fill*         0x00000000001036c1        0xf 
 .text          0x00000000001036d0      0x295 asm/interrupts.o
                0x00000000001036d0                _hlt
                0x00000000001036d3                _cli
                0x00000000001036d5                _sti
                0x00000000001036d7                picMasterMask
                0x00000000001036e2                picSlaveMask
                0x00000000001036ed                _irq00Handler
                0x0000000000103733                _irq01Handler
                0x0000000000103779                _irq02Handler
                0x00000000001037bf                _irq03Handler
                0x0000000000103805                _irq04Handler
                0x000000000010384b                _irq05Handler
                0x0000000000103891                _exception0Handler
                0x00000000001038ce                _exception6Handler
                0x000000000010390b                _sysCallHandler
                0x0000000000103962                haltcpu
 *fill*         0x0000000000103965        0xb 
 .text          0x0000000000103970        0xa asm/keyboard.o
                0x0000000000103970                get_keyboard_output
 *fill*         0x000000000010397a        0x6 
 .text          0x0000000000103980       0x21 asm/libasm.o
                0x0000000000103980                cpuVendor
 *fill*         0x00000000001039a1        0xf 
 .text          0x00000000001039b0      0x109 asm/regs.o
                0x00000000001039b0                backupregs
                0x00000000001039d1                addregs
 *fill*         0x0000000000103ab9        0x7 
 .text          0x0000000000103ac0       0x3b asm/time.o
                0x0000000000103ac0                getMilis
                0x0000000000103aca                getSeconds
                0x0000000000103ad1                getMinutes
                0x0000000000103ad8                getHour
                0x0000000000103adf                getDayOfWeek
                0x0000000000103ae6                getDayOfMonth
                0x0000000000103aed                getMonth
                0x0000000000103af4                getYear
 *fill*         0x0000000000103afb        0x5 
 .text          0x0000000000103b00        0xf asm/video.o
                0x0000000000103b00                vsync_wait
                0x0000000000104000                . = ALIGN (0x1000)
 *fill*         0x0000000000103b0f      0x4f1 
                0x0000000000104000                rodata = .
 *(.rodata*)
 .rodata        0x0000000000104000      0x162 exceptions.o
 *fill*         0x0000000000104162        0x6 
 .rodata        0x0000000000104168      0x2f2 kernel.o
 .rodata        0x000000000010445a       0x3d moduleLoader.o
 *fill*         0x0000000000104497        0x1 
 .rodata        0x0000000000104498      0x12d registers.o
 *fill*         0x00000000001045c5        0x3 
 .rodata        0x00000000001045c8       0xd1 syscalls.o
 *fill*         0x0000000000104699        0x7 
 .rodata        0x00000000001046a0       0x7a drivers/keyboard.o
 *fill*         0x000000000010471a        0x6 
 .rodata        0x0000000000104720       0x10 drivers/screen.o
 .rodata        0x0000000000104730       0xb0 drivers/video.o

.data           0x0000000000105000      0x898
                0x0000000000105000                data = .
 *(.data*)
 .data          0x0000000000105000        0x0 exceptions.o
 .data          0x0000000000105000        0x0 idtLoader.o
 .data          0x0000000000105000        0x0 irqDispatcher.o
 .data          0x0000000000105000        0x0 kernel.o
 .data          0x0000000000105000        0x0 lib.o
 .data          0x0000000000105000        0x0 moduleLoader.o
 .data          0x0000000000105000        0x0 registers.o
 .data          0x0000000000105000        0x0 syscalls.o
 .data          0x0000000000105000        0x0 drivers/audio.o
 .data          0x0000000000105000        0x0 drivers/keyboard.o
 .data          0x0000000000105000        0x0 drivers/mouse.o
 .data          0x0000000000105000       0x49 drivers/screen.o
 .data          0x0000000000105049        0x0 drivers/tick.o
 .data          0x0000000000105049        0x0 drivers/time.o
 *fill*         0x0000000000105049       0x17 
 .data          0x0000000000105060      0x815 drivers/video.o
                0x0000000000105060                font8x16
                0x0000000000105860                VBE_mode_info
                0x0000000000105868                backbuffer
                0x0000000000105870                text_mode_enabled
                0x0000000000105874                selected_style
 *fill*         0x0000000000105875        0x3 
 .data          0x0000000000105878       0x20 asm/interrupts.o
                0x0000000000105898                endOfKernelBinary = .

.bss            0x0000000000106000     0x2d18
                0x0000000000106000                bss = .
 *(.bss*)
 .bss           0x0000000000106000        0x0 exceptions.o
 .bss           0x0000000000106000        0x8 idtLoader.o
                0x0000000000106000                idt
 .bss           0x0000000000106008        0x0 irqDispatcher.o
 .bss           0x0000000000106008        0x0 kernel.o
 .bss           0x0000000000106008        0x8 lib.o
 .bss           0x0000000000106010        0x4 moduleLoader.o
 *fill*         0x0000000000106014        0xc 
 .bss           0x0000000000106020      0x8c4 registers.o
 .bss           0x00000000001068e4        0x4 syscalls.o
 *fill*         0x00000000001068e8       0x18 
 .bss           0x0000000000106900      0xfa8 drivers/audio.o
 *fill*         0x00000000001078a8       0x18 
 .bss           0x00000000001078c0      0x400 drivers/keyboard.o
                0x00000000001078c0                buffer
                0x0000000000107cbc                size
                0x0000000000107cbd                head
                0x0000000000107cbe                tail
                0x0000000000107cbf                isShiftPressed
 .bss           0x0000000000107cc0        0x0 drivers/mouse.o
 .bss           0x0000000000107cc0        0x0 drivers/screen.o
 .bss           0x0000000000107cc0        0x8 drivers/tick.o
 .bss           0x0000000000107cc8        0x4 drivers/time.o
                0x0000000000107cc8                ticksPerMs
 *fill*         0x0000000000107ccc       0x14 
 .bss           0x0000000000107ce0     0x1008 drivers/video.o
                0x0000000000107ce0                text_buffer
                0x0000000000108ce0                cursor
                0x0000000000108ce4                offset
 .bss           0x0000000000108ce8        0x8 asm/interrupts.o
 .bss           0x0000000000108cf0       0x28 asm/regs.o
                0x0000000000108d10                saved_stack_ptr
 *(EXCLUDE_FILE(*.o) COMMON)
                0x0000000000109000                . = ALIGN (0x1000)
                0x0000000000109000                endOfKernel = .
LOAD loader.o
LOAD exceptions.o
LOAD idtLoader.o
LOAD irqDispatcher.o
LOAD kernel.o
LOAD lib.o
LOAD moduleLoader.o
LOAD registers.o
LOAD syscalls.o
LOAD drivers/audio.o
LOAD drivers/keyboard.o
LOAD drivers/mouse.o
LOAD drivers/screen.o
LOAD drivers/tick.o
LOAD drivers/time.o
LOAD drivers/video.o
LOAD asm/audio.o
LOAD asm/interrupts.o
LOAD asm/keyboard.o
LOAD asm/libasm.o
LOAD asm/mouse.o
LOAD asm/regs.o
LOAD asm/time.o
LOAD asm/video.o
OUTPUT(kernel.bin binary)

.comment        0x0000000000000000      0x1e0
 .comment       0x0000000000000000       0x20 exceptions.o
 .comment       0x0000000000000020       0x20 idtLoader.o
 .comment       0x0000000000000040       0x20 irqDispatcher.o
 .comment       0x0000000000000060       0x20 kernel.o
 .comment       0x0000000000000080       0x20 lib.o
 .comment       0x00000000000000a0       0x20 moduleLoader.o
 .comment       0x00000000000000c0       0x20 registers.o
 .comment       0x00000000000000e0       0x20 syscalls.o
 .comment       0x0000000000000100       0x20 drivers/audio.o
 .comment       0x0000000000000120       0x20 drivers/keyboard.o
 .comment       0x0000000000000140       0x20 drivers/mouse.o
 .comment       0x0000000000000160       0x20 drivers/screen.o
 .comment       0x0000000000000180       0x20 drivers/tick.o
 .comment       0x00000000000001a0       0x20 drivers/time.o
 .comment       0x00000000000001c0       0x20 drivers/video.o

.note.GNU-stack
                0x0000000000000000        0x0
 .note.GNU-stack
                0x0000000000000000        0x0 exceptions.o
 .note.GNU-stack
                0x0000000000000000        0x0 idtLoader.o
 .note.GNU-stack
                0x0000000000000000        0x0 irqDispatcher.o
 .note.GNU-stack
                0x0000000000000000        0x0 kernel.o
 .note.GNU-stack
                0x0000000000000000        0x0 lib.o
 .note.GNU-stack
                0x0000000000000000        0x0 moduleLoader.o
 .note.GNU-stack
                0x0000000000000000        0x0 registers.o
 .note.GNU-stack
                0x0000000000000000        0x0 syscalls.o
 .note.GNU-stack
                0x0000000000000000        0x0 drivers/audio.o
 .note.GNU-stack
                0x0000000000000000        0x0 drivers/keyboard.o
 .note.GNU-stack
                0x0000000000000000        0x0 drivers/mouse.o
 .note.GNU-stack
                0x0000000000000000        0x0 drivers/screen.o
 .note.GNU-stack
                0x0000000000000000        0x0 drivers/tick.o
 .note.GNU-stack
                0x0000000000000000        0x0 drivers/time.o
 .note.GNU-stack
                0x0000000000000000        0x0 drivers/video.o
