
Memory Configuration

Name             Origin             Length             Attributes
*default*        0x0000000000000000 0xffffffffffffffff

Linker script and memory map


.text           0x0000000000100000     0x4820
                0x0000000000100000                text = .
 *(.text*)
 .text          0x0000000000100000       0x11 loader.o
                0x0000000000100000                loader
 .text          0x0000000000100011      0x3c2 exceptions.o
                0x0000000000100011                exceptionDispatcher
 .text          0x00000000001003d3      0x155 idtLoader.o
                0x00000000001003d3                load_idt
 .text          0x0000000000100528       0x58 irqDispatcher.o
                0x0000000000100528                irqDispatcher
 .text          0x0000000000100580      0x365 kernel.o
                0x0000000000100580                getShellAddress
                0x000000000010058b                clearBSS
                0x00000000001005b3                getStackBase
                0x00000000001005d2                initializeKernelBinary
                0x0000000000100758                MusicSO
                0x00000000001007aa                imagenSO
                0x0000000000100833                sleep
                0x0000000000100871                main
 .text          0x00000000001008e5      0x2e4 lib.o
                0x00000000001008e5                memset
                0x00000000001009a0                memcpy
                0x0000000000100a7b                alloc
                0x0000000000100aea                uintToBase
 .text          0x0000000000100bc9      0x19c moduleLoader.o
                0x0000000000100bc9                loadModules
 .text          0x0000000000100d65      0x49e registers.o
                0x0000000000100d65                printHexToBuffer
                0x0000000000100dbf                printHex16ToBuffer
                0x0000000000100df0                printHex64ToBuffer
                0x0000000000100edc                printStruct
                0x00000000001011dd                dump_registers
                0x00000000001011f8                get_register_dump
 .text          0x0000000000101203      0x713 syscalls.o
                0x0000000000101203                sysCallDispatcher
 .text          0x0000000000101916      0x24e drivers/audio.o
                0x0000000000101921                isAudioBufferEmpty
                0x00000000001019f3                getNextAudioEvent
                0x0000000000101a5d                audio_timer_handler
                0x0000000000101afc                play_sound
                0x0000000000101b2d                clearAudioBuffer
 .text          0x0000000000101b64      0x24d drivers/keyboard.o
                0x0000000000101b64                isFull
                0x0000000000101b76                isKeyBufferEmpty
                0x0000000000101b88                clearKeyBuffer
                0x0000000000101ba4                queue
                0x0000000000101c28                getNextKey
                0x0000000000101ca9                keyboard_handler
 .text          0x0000000000101db1        0x0 drivers/mouse.o
 .text          0x0000000000101db1      0x2a1 drivers/screen.o
                0x0000000000101db1                ncPrint
                0x0000000000101e1c                ncPrintChar
                0x0000000000101e61                ncNewline
                0x0000000000101e9b                ncPrintDec
                0x0000000000101ebb                ncPrintHex
                0x0000000000101edb                ncPrintBin
                0x0000000000101efb                ncPrintBase
                0x0000000000101f2b                ncDelChar
                0x0000000000101fcb                ncClear
                0x0000000000102038                ncSetStyle
 .text          0x0000000000102052       0x51 drivers/tick.o
                0x0000000000102052                timer_handler
                0x0000000000102075                ticks_elapsed
                0x0000000000102082                seconds_elapsed
 .text          0x00000000001020a3      0x19a drivers/time.o
                0x00000000001020a3                calibrateMilis
                0x000000000010212c                getMilisFromBoot
                0x00000000001021c0                getTime
 .text          0x000000000010223d     0x1893 drivers/video.o
                0x00000000001022f0                swapBuffers
                0x0000000000102335                canvasMode
                0x000000000010234d                clearCanvas
                0x0000000000102388                drawPixel
                0x00000000001023cc                drawLine
                0x000000000010250d                fillScreen
                0x000000000010264f                drawRectangle
                0x000000000010270d                drawFilledRectangle
                0x000000000010299d                drawCircle
                0x0000000000102a66                drawFilledCircle
                0x0000000000102b00                drawText
                0x0000000000102d1b                textMode
                0x0000000000102d57                selectStyle
                0x0000000000102d71                setTextSize
                0x0000000000102dd9                clearTextBuffer
                0x0000000000103442                print
                0x00000000001034c9                printChar
                0x0000000000103534                deleteChar
                0x00000000001035a7                scrollDown
                0x000000000010360d                scrollUp
                0x0000000000103974                printHex64
                0x00000000001039e8                printHex32
                0x0000000000103a5a                printHex16
 .text          0x0000000000103ad0       0x51 asm/audio.o
                0x0000000000103ad0                output_audio_start
                0x0000000000103b09                stop_audio
                0x0000000000103b12                start_T
 *fill*         0x0000000000103b21        0xf 
 .text          0x0000000000103b30      0x2d1 asm/interrupts.o
                0x0000000000103b30                _hlt
                0x0000000000103b33                _cli
                0x0000000000103b35                _sti
                0x0000000000103b37                picMasterMask
                0x0000000000103b42                picSlaveMask
                0x0000000000103b4d                _irq00Handler
                0x0000000000103b9d                _irq01Handler
                0x0000000000103bed                _irq02Handler
                0x0000000000103c3d                _irq03Handler
                0x0000000000103c8d                _irq04Handler
                0x0000000000103cdd                _irq05Handler
                0x0000000000103d2d                _exception0Handler
                0x0000000000103d6a                _exception6Handler
                0x0000000000103da7                _sysCallHandler
                0x0000000000103dfe                haltcpu
 *fill*         0x0000000000103e01        0xf 
 .text          0x0000000000103e10        0xa asm/keyboard.o
                0x0000000000103e10                get_keyboard_output
 *fill*         0x0000000000103e1a        0x6 
 .text          0x0000000000103e20       0x78 asm/libasm.o
                0x0000000000103e20                cpuVendor
                0x0000000000103e41                fast_memcpy
                0x0000000000103e5b                fast_memset
 *fill*         0x0000000000103e98        0x8 
 .text          0x0000000000103ea0       0xe7 asm/regs.o
                0x0000000000103ea0                addregs
 *fill*         0x0000000000103f87        0x9 
 .text          0x0000000000103f90       0x3b asm/time.o
                0x0000000000103f90                getMilis
                0x0000000000103f9a                getSeconds
                0x0000000000103fa1                getMinutes
                0x0000000000103fa8                getHour
                0x0000000000103faf                getDayOfWeek
                0x0000000000103fb6                getDayOfMonth
                0x0000000000103fbd                getMonth
                0x0000000000103fc4                getYear
 *fill*         0x0000000000103fcb        0x5 
 .text          0x0000000000103fd0        0x0 asm/video.o
                0x0000000000104000                . = ALIGN (0x1000)
 *fill*         0x0000000000103fd0       0x30 
                0x0000000000104000                rodata = .
 *(.rodata*)
 .rodata        0x0000000000104000      0x162 exceptions.o
 *fill*         0x0000000000104162        0x6 
 .rodata        0x0000000000104168      0x2f2 kernel.o
 .rodata        0x000000000010445a       0x3d moduleLoader.o
 *fill*         0x0000000000104497        0x1 
 .rodata        0x0000000000104498      0x11d registers.o
 *fill*         0x00000000001045b5        0x3 
 .rodata        0x00000000001045b8       0xd9 syscalls.o
 *fill*         0x0000000000104691        0xf 
 .rodata        0x00000000001046a0       0x7a drivers/keyboard.o
 *fill*         0x000000000010471a        0x6 
 .rodata        0x0000000000104720       0x10 drivers/screen.o
 .rodata        0x0000000000104730       0x30 drivers/time.o
 .rodata        0x0000000000104760       0xc0 drivers/video.o

.data           0x0000000000105000      0x898
                0x0000000000105000                data = .
 *(.data*)
 .data          0x0000000000105000        0x0 exceptions.o
 .data          0x0000000000105000        0x0 idtLoader.o
 .data          0x0000000000105000        0x0 irqDispatcher.o
 .data          0x0000000000105000        0x0 kernel.o
 .data          0x0000000000105000        0x0 lib.o
 .data          0x0000000000105000        0x0 moduleLoader.o
 .data          0x0000000000105000        0x0 registers.o
 .data          0x0000000000105000        0x0 syscalls.o
 .data          0x0000000000105000        0x0 drivers/audio.o
 .data          0x0000000000105000        0x0 drivers/keyboard.o
 .data          0x0000000000105000        0x0 drivers/mouse.o
 .data          0x0000000000105000       0x49 drivers/screen.o
 .data          0x0000000000105049        0x0 drivers/tick.o
 .data          0x0000000000105049        0x0 drivers/time.o
 *fill*         0x0000000000105049       0x17 
 .data          0x0000000000105060      0x815 drivers/video.o
                0x0000000000105060                font8x16
                0x0000000000105860                VBE_mode_info
                0x0000000000105868                backbuffer
                0x0000000000105870                text_mode_enabled
                0x0000000000105874                selected_style
 *fill*         0x0000000000105875        0x3 
 .data          0x0000000000105878       0x20 asm/interrupts.o
                0x0000000000105898                endOfKernelBinary = .

.bss            0x0000000000106000     0x9d20
                0x0000000000106000                bss = .
 *(.bss*)
 .bss           0x0000000000106000        0x0 exceptions.o
 .bss           0x0000000000106000        0x8 idtLoader.o
                0x0000000000106000                idt
 .bss           0x0000000000106008        0x0 irqDispatcher.o
 .bss           0x0000000000106008        0x0 kernel.o
 .bss           0x0000000000106008        0x8 lib.o
 .bss           0x0000000000106010        0x4 moduleLoader.o
 *fill*         0x0000000000106014        0xc 
 .bss           0x0000000000106020      0x8c4 registers.o
 .bss           0x00000000001068e4        0x4 syscalls.o
 *fill*         0x00000000001068e8       0x18 
 .bss           0x0000000000106900      0xfa8 drivers/audio.o
 *fill*         0x00000000001078a8       0x18 
 .bss           0x00000000001078c0      0x404 drivers/keyboard.o
                0x00000000001078c0                buffer
                0x0000000000107cbc                size
                0x0000000000107cbd                head
                0x0000000000107cbe                tail
                0x0000000000107cbf                isShiftPressed
                0x0000000000107cc0                null
 .bss           0x0000000000107cc4        0x0 drivers/mouse.o
 .bss           0x0000000000107cc4        0x0 drivers/screen.o
 *fill*         0x0000000000107cc4        0x4 
 .bss           0x0000000000107cc8        0x8 drivers/tick.o
 .bss           0x0000000000107cd0        0x8 drivers/time.o
                0x0000000000107cd0                ticksPerMs
 *fill*         0x0000000000107cd8        0x8 
 .bss           0x0000000000107ce0     0x8008 drivers/video.o
                0x0000000000107ce0                text_buffer
                0x000000000010fce0                cursor
                0x000000000010fce4                offset
 .bss           0x000000000010fce8        0x8 asm/interrupts.o
 .bss           0x000000000010fcf0       0x30 asm/regs.o
                0x000000000010fd10                saved_stack_ptr
                0x000000000010fd18                initial_saved_stack_ptr
 *(EXCLUDE_FILE(*.o) COMMON)
                0x0000000000110000                . = ALIGN (0x1000)
                0x0000000000110000                endOfKernel = .
LOAD loader.o
LOAD exceptions.o
LOAD idtLoader.o
LOAD irqDispatcher.o
LOAD kernel.o
LOAD lib.o
LOAD moduleLoader.o
LOAD registers.o
LOAD syscalls.o
LOAD drivers/audio.o
LOAD drivers/keyboard.o
LOAD drivers/mouse.o
LOAD drivers/screen.o
LOAD drivers/tick.o
LOAD drivers/time.o
LOAD drivers/video.o
LOAD asm/audio.o
LOAD asm/interrupts.o
LOAD asm/keyboard.o
LOAD asm/libasm.o
LOAD asm/mouse.o
LOAD asm/regs.o
LOAD asm/time.o
LOAD asm/video.o
OUTPUT(kernel.bin binary)

.comment        0x0000000000000000      0x1e0
 .comment       0x0000000000000000       0x20 exceptions.o
 .comment       0x0000000000000020       0x20 idtLoader.o
 .comment       0x0000000000000040       0x20 irqDispatcher.o
 .comment       0x0000000000000060       0x20 kernel.o
 .comment       0x0000000000000080       0x20 lib.o
 .comment       0x00000000000000a0       0x20 moduleLoader.o
 .comment       0x00000000000000c0       0x20 registers.o
 .comment       0x00000000000000e0       0x20 syscalls.o
 .comment       0x0000000000000100       0x20 drivers/audio.o
 .comment       0x0000000000000120       0x20 drivers/keyboard.o
 .comment       0x0000000000000140       0x20 drivers/mouse.o
 .comment       0x0000000000000160       0x20 drivers/screen.o
 .comment       0x0000000000000180       0x20 drivers/tick.o
 .comment       0x00000000000001a0       0x20 drivers/time.o
 .comment       0x00000000000001c0       0x20 drivers/video.o

.note.GNU-stack
                0x0000000000000000        0x0
 .note.GNU-stack
                0x0000000000000000        0x0 exceptions.o
 .note.GNU-stack
                0x0000000000000000        0x0 idtLoader.o
 .note.GNU-stack
                0x0000000000000000        0x0 irqDispatcher.o
 .note.GNU-stack
                0x0000000000000000        0x0 kernel.o
 .note.GNU-stack
                0x0000000000000000        0x0 lib.o
 .note.GNU-stack
                0x0000000000000000        0x0 moduleLoader.o
 .note.GNU-stack
                0x0000000000000000        0x0 registers.o
 .note.GNU-stack
                0x0000000000000000        0x0 syscalls.o
 .note.GNU-stack
                0x0000000000000000        0x0 drivers/audio.o
 .note.GNU-stack
                0x0000000000000000        0x0 drivers/keyboard.o
 .note.GNU-stack
                0x0000000000000000        0x0 drivers/mouse.o
 .note.GNU-stack
                0x0000000000000000        0x0 drivers/screen.o
 .note.GNU-stack
                0x0000000000000000        0x0 drivers/tick.o
 .note.GNU-stack
                0x0000000000000000        0x0 drivers/time.o
 .note.GNU-stack
                0x0000000000000000        0x0 drivers/video.o
