
Memory Configuration

Name             Origin             Length             Attributes
*default*        0x0000000000000000 0xffffffffffffffff

Linker script and memory map


.text           0x0000000000100000     0x4820
                0x0000000000100000                text = .
 *(.text*)
 .text          0x0000000000100000       0x11 loader.o
                0x0000000000100000                loader
 .text          0x0000000000100011      0x3c2 exceptions.o
                0x0000000000100011                exceptionDispatcher
 .text          0x00000000001003d3      0x155 idtLoader.o
                0x00000000001003d3                load_idt
 .text          0x0000000000100528       0x58 irqDispatcher.o
                0x0000000000100528                irqDispatcher
 .text          0x0000000000100580      0x365 kernel.o
                0x0000000000100580                getShellAddress
                0x000000000010058b                clearBSS
                0x00000000001005b3                getStackBase
                0x00000000001005d2                initializeKernelBinary
                0x0000000000100758                MusicSO
                0x00000000001007aa                imagenSO
                0x0000000000100833                sleep
                0x0000000000100871                main
 .text          0x00000000001008e5      0x2e4 lib.o
                0x00000000001008e5                memset
                0x00000000001009a0                memcpy
                0x0000000000100a7b                alloc
                0x0000000000100aea                uintToBase
 .text          0x0000000000100bc9      0x19c moduleLoader.o
                0x0000000000100bc9                loadModules
 .text          0x0000000000100d65      0x49e registers.o
                0x0000000000100d65                printHexToBuffer
                0x0000000000100dbf                printHex16ToBuffer
                0x0000000000100df0                printHex64ToBuffer
                0x0000000000100edc                printStruct
                0x00000000001011dd                dump_registers
                0x00000000001011f8                get_register_dump
 .text          0x0000000000101203      0x6d4 syscalls.o
                0x0000000000101203                sysCallDispatcher
 .text          0x00000000001018d7      0x24e drivers/audio.o
                0x00000000001018e2                isAudioBufferEmpty
                0x00000000001019b4                getNextAudioEvent
                0x0000000000101a1e                audio_timer_handler
                0x0000000000101abd                play_sound
                0x0000000000101aee                clearAudioBuffer
 .text          0x0000000000101b25      0x24d drivers/keyboard.o
                0x0000000000101b25                isFull
                0x0000000000101b37                isKeyBufferEmpty
                0x0000000000101b49                clearKeyBuffer
                0x0000000000101b65                queue
                0x0000000000101be9                getNextKey
                0x0000000000101c6a                keyboard_handler
 .text          0x0000000000101d72        0x0 drivers/mouse.o
 .text          0x0000000000101d72      0x2a1 drivers/screen.o
                0x0000000000101d72                ncPrint
                0x0000000000101ddd                ncPrintChar
                0x0000000000101e22                ncNewline
                0x0000000000101e5c                ncPrintDec
                0x0000000000101e7c                ncPrintHex
                0x0000000000101e9c                ncPrintBin
                0x0000000000101ebc                ncPrintBase
                0x0000000000101eec                ncDelChar
                0x0000000000101f8c                ncClear
                0x0000000000101ff9                ncSetStyle
 .text          0x0000000000102013       0x51 drivers/tick.o
                0x0000000000102013                timer_handler
                0x0000000000102036                ticks_elapsed
                0x0000000000102043                seconds_elapsed
 .text          0x0000000000102064      0x19a drivers/time.o
                0x0000000000102064                calibrateMilis
                0x00000000001020ed                getMilisFromBoot
                0x0000000000102181                getTime
 .text          0x00000000001021fe     0x1751 drivers/video.o
                0x00000000001022b1                swapBuffers
                0x00000000001022f6                canvasMode
                0x000000000010230e                clearCanvas
                0x0000000000102349                drawPixel
                0x000000000010238d                drawLine
                0x00000000001024ce                drawRectangle
                0x000000000010258c                drawFilledRectangle
                0x000000000010281c                drawCircle
                0x00000000001028e5                drawFilledCircle
                0x000000000010297f                drawText
                0x0000000000102b9a                textMode
                0x0000000000102bd6                selectStyle
                0x0000000000102bf0                setTextSize
                0x0000000000102c58                clearTextBuffer
                0x00000000001032c1                print
                0x0000000000103348                printChar
                0x00000000001033b3                deleteChar
                0x0000000000103426                scrollDown
                0x000000000010348c                scrollUp
                0x00000000001037f3                printHex64
                0x0000000000103867                printHex32
                0x00000000001038d9                printHex16
 *fill*         0x000000000010394f        0x1 
 .text          0x0000000000103950       0x51 asm/audio.o
                0x0000000000103950                output_audio_start
                0x0000000000103989                stop_audio
                0x0000000000103992                start_T
 *fill*         0x00000000001039a1        0xf 
 .text          0x00000000001039b0      0x2d1 asm/interrupts.o
                0x00000000001039b0                _hlt
                0x00000000001039b3                _cli
                0x00000000001039b5                _sti
                0x00000000001039b7                picMasterMask
                0x00000000001039c2                picSlaveMask
                0x00000000001039cd                _irq00Handler
                0x0000000000103a1d                _irq01Handler
                0x0000000000103a6d                _irq02Handler
                0x0000000000103abd                _irq03Handler
                0x0000000000103b0d                _irq04Handler
                0x0000000000103b5d                _irq05Handler
                0x0000000000103bad                _exception0Handler
                0x0000000000103bea                _exception6Handler
                0x0000000000103c27                _sysCallHandler
                0x0000000000103c7e                haltcpu
 *fill*         0x0000000000103c81        0xf 
 .text          0x0000000000103c90        0xa asm/keyboard.o
                0x0000000000103c90                get_keyboard_output
 *fill*         0x0000000000103c9a        0x6 
 .text          0x0000000000103ca0       0x39 asm/libasm.o
                0x0000000000103ca0                cpuVendor
                0x0000000000103cc1                fast_memcpy
 *fill*         0x0000000000103cd9        0x7 
 .text          0x0000000000103ce0       0xe7 asm/regs.o
                0x0000000000103ce0                addregs
 *fill*         0x0000000000103dc7        0x9 
 .text          0x0000000000103dd0       0x3b asm/time.o
                0x0000000000103dd0                getMilis
                0x0000000000103dda                getSeconds
                0x0000000000103de1                getMinutes
                0x0000000000103de8                getHour
                0x0000000000103def                getDayOfWeek
                0x0000000000103df6                getDayOfMonth
                0x0000000000103dfd                getMonth
                0x0000000000103e04                getYear
 *fill*         0x0000000000103e0b        0x5 
 .text          0x0000000000103e10        0xf asm/video.o
                0x0000000000103e10                vsync_wait
                0x0000000000104000                . = ALIGN (0x1000)
 *fill*         0x0000000000103e1f      0x1e1 
                0x0000000000104000                rodata = .
 *(.rodata*)
 .rodata        0x0000000000104000      0x162 exceptions.o
 *fill*         0x0000000000104162        0x6 
 .rodata        0x0000000000104168      0x2f2 kernel.o
 .rodata        0x000000000010445a       0x3d moduleLoader.o
 *fill*         0x0000000000104497        0x1 
 .rodata        0x0000000000104498      0x11d registers.o
 *fill*         0x00000000001045b5        0x3 
 .rodata        0x00000000001045b8       0xd1 syscalls.o
 *fill*         0x0000000000104689       0x17 
 .rodata        0x00000000001046a0       0x7a drivers/keyboard.o
 *fill*         0x000000000010471a        0x6 
 .rodata        0x0000000000104720       0x10 drivers/screen.o
 .rodata        0x0000000000104730       0x30 drivers/time.o
 .rodata        0x0000000000104760       0xc0 drivers/video.o

.note.gnu.property
                0x0000000000104820       0x20
 .note.gnu.property
                0x0000000000104820       0x20 drivers/mouse.o

.data           0x0000000000105000      0x898
                0x0000000000105000                data = .
 *(.data*)
 .data          0x0000000000105000        0x0 exceptions.o
 .data          0x0000000000105000        0x0 idtLoader.o
 .data          0x0000000000105000        0x0 irqDispatcher.o
 .data          0x0000000000105000        0x0 kernel.o
 .data          0x0000000000105000        0x0 lib.o
 .data          0x0000000000105000        0x0 moduleLoader.o
 .data          0x0000000000105000        0x0 registers.o
 .data          0x0000000000105000        0x0 syscalls.o
 .data          0x0000000000105000        0x0 drivers/audio.o
 .data          0x0000000000105000        0x0 drivers/keyboard.o
 .data          0x0000000000105000        0x0 drivers/mouse.o
 .data          0x0000000000105000       0x49 drivers/screen.o
 .data          0x0000000000105049        0x0 drivers/tick.o
 .data          0x0000000000105049        0x0 drivers/time.o
 *fill*         0x0000000000105049       0x17 
 .data          0x0000000000105060      0x815 drivers/video.o
                0x0000000000105060                font8x16
                0x0000000000105860                VBE_mode_info
                0x0000000000105868                backbuffer
                0x0000000000105870                text_mode_enabled
                0x0000000000105874                selected_style
 *fill*         0x0000000000105875        0x3 
 .data          0x0000000000105878       0x20 asm/interrupts.o
                0x0000000000105898                endOfKernelBinary = .

.bss            0x0000000000106000     0x9d20
                0x0000000000106000                bss = .
 *(.bss*)
 .bss           0x0000000000106000        0x0 exceptions.o
 .bss           0x0000000000106000        0x8 idtLoader.o
                0x0000000000106000                idt
 .bss           0x0000000000106008        0x0 irqDispatcher.o
 .bss           0x0000000000106008        0x0 kernel.o
 .bss           0x0000000000106008        0x8 lib.o
 .bss           0x0000000000106010        0x4 moduleLoader.o
 *fill*         0x0000000000106014        0xc 
 .bss           0x0000000000106020      0x8c4 registers.o
 .bss           0x00000000001068e4        0x4 syscalls.o
 *fill*         0x00000000001068e8       0x18 
 .bss           0x0000000000106900      0xfa8 drivers/audio.o
 *fill*         0x00000000001078a8       0x18 
 .bss           0x00000000001078c0      0x404 drivers/keyboard.o
                0x00000000001078c0                buffer
                0x0000000000107cbc                size
                0x0000000000107cbd                head
                0x0000000000107cbe                tail
                0x0000000000107cbf                isShiftPressed
                0x0000000000107cc0                null
 .bss           0x0000000000107cc4        0x0 drivers/mouse.o
 .bss           0x0000000000107cc4        0x0 drivers/screen.o
 *fill*         0x0000000000107cc4        0x4 
 .bss           0x0000000000107cc8        0x8 drivers/tick.o
 .bss           0x0000000000107cd0        0x8 drivers/time.o
                0x0000000000107cd0                ticksPerMs
 *fill*         0x0000000000107cd8        0x8 
 .bss           0x0000000000107ce0     0x8008 drivers/video.o
                0x0000000000107ce0                text_buffer
                0x000000000010fce0                cursor
                0x000000000010fce4                offset
 .bss           0x000000000010fce8        0x8 asm/interrupts.o
 .bss           0x000000000010fcf0       0x30 asm/regs.o
                0x000000000010fd10                saved_stack_ptr
                0x000000000010fd18                initial_saved_stack_ptr
 *(EXCLUDE_FILE(*.o) COMMON)
                0x0000000000110000                . = ALIGN (0x1000)
                0x0000000000110000                endOfKernel = .
LOAD loader.o
LOAD exceptions.o
LOAD idtLoader.o
LOAD irqDispatcher.o
LOAD kernel.o
LOAD lib.o
LOAD moduleLoader.o
LOAD registers.o
LOAD syscalls.o
LOAD drivers/audio.o
LOAD drivers/keyboard.o
LOAD drivers/mouse.o
LOAD drivers/screen.o
LOAD drivers/tick.o
LOAD drivers/time.o
LOAD drivers/video.o
LOAD asm/audio.o
LOAD asm/interrupts.o
LOAD asm/keyboard.o
LOAD asm/libasm.o
LOAD asm/mouse.o
LOAD asm/regs.o
LOAD asm/time.o
LOAD asm/video.o
OUTPUT(kernel.bin binary)

.comment        0x0000000000000000      0x1ec
 .comment       0x0000000000000000       0x20 exceptions.o
 .comment       0x0000000000000020       0x20 idtLoader.o
 .comment       0x0000000000000040       0x20 irqDispatcher.o
 .comment       0x0000000000000060       0x20 kernel.o
 .comment       0x0000000000000080       0x20 lib.o
 .comment       0x00000000000000a0       0x20 moduleLoader.o
 .comment       0x00000000000000c0       0x20 registers.o
 .comment       0x00000000000000e0       0x20 syscalls.o
 .comment       0x0000000000000100       0x20 drivers/audio.o
 .comment       0x0000000000000120       0x20 drivers/keyboard.o
 .comment       0x0000000000000140       0x2c drivers/mouse.o
 .comment       0x000000000000016c       0x20 drivers/screen.o
 .comment       0x000000000000018c       0x20 drivers/tick.o
 .comment       0x00000000000001ac       0x20 drivers/time.o
 .comment       0x00000000000001cc       0x20 drivers/video.o

.note.GNU-stack
                0x0000000000000000        0x0
 .note.GNU-stack
                0x0000000000000000        0x0 exceptions.o
 .note.GNU-stack
                0x0000000000000000        0x0 idtLoader.o
 .note.GNU-stack
                0x0000000000000000        0x0 irqDispatcher.o
 .note.GNU-stack
                0x0000000000000000        0x0 kernel.o
 .note.GNU-stack
                0x0000000000000000        0x0 lib.o
 .note.GNU-stack
                0x0000000000000000        0x0 moduleLoader.o
 .note.GNU-stack
                0x0000000000000000        0x0 registers.o
 .note.GNU-stack
                0x0000000000000000        0x0 syscalls.o
 .note.GNU-stack
                0x0000000000000000        0x0 drivers/audio.o
 .note.GNU-stack
                0x0000000000000000        0x0 drivers/keyboard.o
 .note.GNU-stack
                0x0000000000000000        0x0 drivers/mouse.o
 .note.GNU-stack
                0x0000000000000000        0x0 drivers/screen.o
 .note.GNU-stack
                0x0000000000000000        0x0 drivers/tick.o
 .note.GNU-stack
                0x0000000000000000        0x0 drivers/time.o
 .note.GNU-stack
                0x0000000000000000        0x0 drivers/video.o
