
Memory Configuration

Name             Origin             Length             Attributes
*default*        0x0000000000000000 0xffffffffffffffff

Linker script and memory map


.text           0x0000000000100000     0x47f0
                0x0000000000100000                text = .
 *(.text*)
 .text          0x0000000000100000       0x11 loader.o
                0x0000000000100000                loader
 .text          0x0000000000100011      0x3c2 exceptions.o
                0x0000000000100011                exceptionDispatcher
 .text          0x00000000001003d3      0x155 idtLoader.o
                0x00000000001003d3                load_idt
 .text          0x0000000000100528       0x58 irqDispatcher.o
                0x0000000000100528                irqDispatcher
 .text          0x0000000000100580      0x365 kernel.o
                0x0000000000100580                getShellAddress
                0x000000000010058b                clearBSS
                0x00000000001005b3                getStackBase
                0x00000000001005d2                initializeKernelBinary
                0x0000000000100758                MusicSO
                0x00000000001007aa                imagenSO
                0x0000000000100833                sleep
                0x0000000000100871                main
 .text          0x00000000001008e5      0x2e4 lib.o
                0x00000000001008e5                memset
                0x00000000001009a0                memcpy
                0x0000000000100a7b                alloc
                0x0000000000100aea                uintToBase
 .text          0x0000000000100bc9      0x19c moduleLoader.o
                0x0000000000100bc9                loadModules
 .text          0x0000000000100d65      0x4a6 registers.o
                0x0000000000100d65                printHexToBuffer
                0x0000000000100dbf                printHex16ToBuffer
                0x0000000000100df0                printHex64ToBuffer
                0x0000000000100edc                DoArray
                0x00000000001011dd                dump_registers
                0x0000000000101200                get_register_dump
 .text          0x000000000010120b      0x6d4 syscalls.o
                0x000000000010120b                sysCallDispatcher
 .text          0x00000000001018df      0x24e drivers/audio.o
                0x00000000001018ea                isAudioBufferEmpty
                0x00000000001019bc                getNextAudioEvent
                0x0000000000101a26                audio_timer_handler
                0x0000000000101ac5                play_sound
                0x0000000000101af6                clearAudioBuffer
 .text          0x0000000000101b2d      0x23c drivers/keyboard.o
                0x0000000000101b2d                isFull
                0x0000000000101b3f                isKeyBufferEmpty
                0x0000000000101b51                clearKeyBuffer
                0x0000000000101b6d                queue
                0x0000000000101bf1                getNextKey
                0x0000000000101c5c                keyboard_handler
 .text          0x0000000000101d69        0x0 drivers/mouse.o
 .text          0x0000000000101d69      0x2a1 drivers/screen.o
                0x0000000000101d69                ncPrint
                0x0000000000101dd4                ncPrintChar
                0x0000000000101e19                ncNewline
                0x0000000000101e53                ncPrintDec
                0x0000000000101e73                ncPrintHex
                0x0000000000101e93                ncPrintBin
                0x0000000000101eb3                ncPrintBase
                0x0000000000101ee3                ncDelChar
                0x0000000000101f83                ncClear
                0x0000000000101ff0                ncSetStyle
 .text          0x000000000010200a       0x51 drivers/tick.o
                0x000000000010200a                timer_handler
                0x000000000010202d                ticks_elapsed
                0x000000000010203a                seconds_elapsed
 .text          0x000000000010205b      0x125 drivers/time.o
                0x000000000010205b                calibrateMilis
                0x00000000001020ce                getMilisFromBoot
                0x00000000001020ef                getTime
 .text          0x0000000000102180     0x1756 drivers/video.o
                0x0000000000102233                swapBuffers
                0x000000000010227d                canvasMode
                0x0000000000102295                clearCanvas
                0x00000000001022d0                drawPixel
                0x0000000000102314                drawLine
                0x0000000000102455                drawRectangle
                0x0000000000102513                drawFilledRectangle
                0x00000000001027a3                drawCircle
                0x000000000010286c                drawFilledCircle
                0x0000000000102906                drawText
                0x0000000000102b21                textMode
                0x0000000000102b5d                selectStyle
                0x0000000000102b77                setTextSize
                0x0000000000102bdf                clearTextBuffer
                0x0000000000103248                print
                0x00000000001032cf                printChar
                0x000000000010333a                deleteChar
                0x00000000001033ad                scrollDown
                0x0000000000103413                scrollUp
                0x000000000010377a                printHex64
                0x00000000001037ee                printHex32
                0x0000000000103860                printHex16
 *fill*         0x00000000001038d6        0xa 
 .text          0x00000000001038e0       0x51 asm/audio.o
                0x00000000001038e0                output_audio_start
                0x0000000000103919                stop_audio
                0x0000000000103922                start_T
 *fill*         0x0000000000103931        0xf 
 .text          0x0000000000103940      0x2c5 asm/interrupts.o
                0x0000000000103940                _hlt
                0x0000000000103943                _cli
                0x0000000000103945                _sti
                0x0000000000103947                picMasterMask
                0x0000000000103952                picSlaveMask
                0x000000000010395d                _irq00Handler
                0x00000000001039ab                _irq01Handler
                0x00000000001039f9                _irq02Handler
                0x0000000000103a47                _irq03Handler
                0x0000000000103a95                _irq04Handler
                0x0000000000103ae3                _irq05Handler
                0x0000000000103b31                _exception0Handler
                0x0000000000103b6e                _exception6Handler
                0x0000000000103bab                _sysCallHandler
                0x0000000000103c02                haltcpu
 *fill*         0x0000000000103c05        0xb 
 .text          0x0000000000103c10        0xa asm/keyboard.o
                0x0000000000103c10                get_keyboard_output
 *fill*         0x0000000000103c1a        0x6 
 .text          0x0000000000103c20       0x39 asm/libasm.o
                0x0000000000103c20                cpuVendor
                0x0000000000103c41                fast_memcpy
 *fill*         0x0000000000103c59        0x7 
 .text          0x0000000000103c60       0xe7 asm/regs.o
                0x0000000000103c60                addregs
 *fill*         0x0000000000103d47        0x9 
 .text          0x0000000000103d50       0x3b asm/time.o
                0x0000000000103d50                getMilis
                0x0000000000103d5a                getSeconds
                0x0000000000103d61                getMinutes
                0x0000000000103d68                getHour
                0x0000000000103d6f                getDayOfWeek
                0x0000000000103d76                getDayOfMonth
                0x0000000000103d7d                getMonth
                0x0000000000103d84                getYear
 *fill*         0x0000000000103d8b        0x5 
 .text          0x0000000000103d90        0xf asm/video.o
                0x0000000000103d90                vsync_wait
                0x0000000000104000                . = ALIGN (0x1000)
 *fill*         0x0000000000103d9f      0x261 
                0x0000000000104000                rodata = .
 *(.rodata*)
 .rodata        0x0000000000104000      0x162 exceptions.o
 *fill*         0x0000000000104162        0x6 
 .rodata        0x0000000000104168      0x2f2 kernel.o
 .rodata        0x000000000010445a       0x3d moduleLoader.o
 *fill*         0x0000000000104497        0x1 
 .rodata        0x0000000000104498      0x11d registers.o
 *fill*         0x00000000001045b5        0x3 
 .rodata        0x00000000001045b8       0xd1 syscalls.o
 *fill*         0x0000000000104689       0x17 
 .rodata        0x00000000001046a0       0x7a drivers/keyboard.o
 *fill*         0x000000000010471a        0x6 
 .rodata        0x0000000000104720       0x10 drivers/screen.o
 .rodata        0x0000000000104730       0xc0 drivers/video.o

.data           0x0000000000105000      0x898
                0x0000000000105000                data = .
 *(.data*)
 .data          0x0000000000105000        0x0 exceptions.o
 .data          0x0000000000105000        0x0 idtLoader.o
 .data          0x0000000000105000        0x0 irqDispatcher.o
 .data          0x0000000000105000        0x0 kernel.o
 .data          0x0000000000105000        0x0 lib.o
 .data          0x0000000000105000        0x0 moduleLoader.o
 .data          0x0000000000105000        0x0 registers.o
 .data          0x0000000000105000        0x0 syscalls.o
 .data          0x0000000000105000        0x0 drivers/audio.o
 .data          0x0000000000105000        0x0 drivers/keyboard.o
 .data          0x0000000000105000        0x0 drivers/mouse.o
 .data          0x0000000000105000       0x49 drivers/screen.o
 .data          0x0000000000105049        0x0 drivers/tick.o
 .data          0x0000000000105049        0x0 drivers/time.o
 *fill*         0x0000000000105049       0x17 
 .data          0x0000000000105060      0x815 drivers/video.o
                0x0000000000105060                font8x16
                0x0000000000105860                VBE_mode_info
                0x0000000000105868                backbuffer
                0x0000000000105870                text_mode_enabled
                0x0000000000105874                selected_style
 *fill*         0x0000000000105875        0x3 
 .data          0x0000000000105878       0x20 asm/interrupts.o
                0x0000000000105898                endOfKernelBinary = .

.bss            0x0000000000106000     0x9d20
                0x0000000000106000                bss = .
 *(.bss*)
 .bss           0x0000000000106000        0x0 exceptions.o
 .bss           0x0000000000106000        0x8 idtLoader.o
                0x0000000000106000                idt
 .bss           0x0000000000106008        0x0 irqDispatcher.o
 .bss           0x0000000000106008        0x0 kernel.o
 .bss           0x0000000000106008        0x8 lib.o
 .bss           0x0000000000106010        0x4 moduleLoader.o
 *fill*         0x0000000000106014        0xc 
 .bss           0x0000000000106020      0x8c4 registers.o
 .bss           0x00000000001068e4        0x4 syscalls.o
 *fill*         0x00000000001068e8       0x18 
 .bss           0x0000000000106900      0xfa8 drivers/audio.o
 *fill*         0x00000000001078a8       0x18 
 .bss           0x00000000001078c0      0x400 drivers/keyboard.o
                0x00000000001078c0                buffer
                0x0000000000107cbc                size
                0x0000000000107cbd                head
                0x0000000000107cbe                tail
                0x0000000000107cbf                isShiftPressed
 .bss           0x0000000000107cc0        0x0 drivers/mouse.o
 .bss           0x0000000000107cc0        0x0 drivers/screen.o
 .bss           0x0000000000107cc0        0x8 drivers/tick.o
 .bss           0x0000000000107cc8        0x4 drivers/time.o
                0x0000000000107cc8                ticksPerMs
 *fill*         0x0000000000107ccc       0x14 
 .bss           0x0000000000107ce0     0x8008 drivers/video.o
                0x0000000000107ce0                text_buffer
                0x000000000010fce0                cursor
                0x000000000010fce4                offset
 .bss           0x000000000010fce8        0x8 asm/interrupts.o
 .bss           0x000000000010fcf0       0x30 asm/regs.o
                0x000000000010fd10                saved_stack_ptr
                0x000000000010fd18                initial_saved_stack_ptr
 *(EXCLUDE_FILE(*.o) COMMON)
                0x0000000000110000                . = ALIGN (0x1000)
                0x0000000000110000                endOfKernel = .
LOAD loader.o
LOAD exceptions.o
LOAD idtLoader.o
LOAD irqDispatcher.o
LOAD kernel.o
LOAD lib.o
LOAD moduleLoader.o
LOAD registers.o
LOAD syscalls.o
LOAD drivers/audio.o
LOAD drivers/keyboard.o
LOAD drivers/mouse.o
LOAD drivers/screen.o
LOAD drivers/tick.o
LOAD drivers/time.o
LOAD drivers/video.o
LOAD asm/audio.o
LOAD asm/interrupts.o
LOAD asm/keyboard.o
LOAD asm/libasm.o
LOAD asm/mouse.o
LOAD asm/regs.o
LOAD asm/time.o
LOAD asm/video.o
OUTPUT(kernel.bin binary)

.comment        0x0000000000000000      0x1e0
 .comment       0x0000000000000000       0x20 exceptions.o
 .comment       0x0000000000000020       0x20 idtLoader.o
 .comment       0x0000000000000040       0x20 irqDispatcher.o
 .comment       0x0000000000000060       0x20 kernel.o
 .comment       0x0000000000000080       0x20 lib.o
 .comment       0x00000000000000a0       0x20 moduleLoader.o
 .comment       0x00000000000000c0       0x20 registers.o
 .comment       0x00000000000000e0       0x20 syscalls.o
 .comment       0x0000000000000100       0x20 drivers/audio.o
 .comment       0x0000000000000120       0x20 drivers/keyboard.o
 .comment       0x0000000000000140       0x20 drivers/mouse.o
 .comment       0x0000000000000160       0x20 drivers/screen.o
 .comment       0x0000000000000180       0x20 drivers/tick.o
 .comment       0x00000000000001a0       0x20 drivers/time.o
 .comment       0x00000000000001c0       0x20 drivers/video.o

.note.GNU-stack
                0x0000000000000000        0x0
 .note.GNU-stack
                0x0000000000000000        0x0 exceptions.o
 .note.GNU-stack
                0x0000000000000000        0x0 idtLoader.o
 .note.GNU-stack
                0x0000000000000000        0x0 irqDispatcher.o
 .note.GNU-stack
                0x0000000000000000        0x0 kernel.o
 .note.GNU-stack
                0x0000000000000000        0x0 lib.o
 .note.GNU-stack
                0x0000000000000000        0x0 moduleLoader.o
 .note.GNU-stack
                0x0000000000000000        0x0 registers.o
 .note.GNU-stack
                0x0000000000000000        0x0 syscalls.o
 .note.GNU-stack
                0x0000000000000000        0x0 drivers/audio.o
 .note.GNU-stack
                0x0000000000000000        0x0 drivers/keyboard.o
 .note.GNU-stack
                0x0000000000000000        0x0 drivers/mouse.o
 .note.GNU-stack
                0x0000000000000000        0x0 drivers/screen.o
 .note.GNU-stack
                0x0000000000000000        0x0 drivers/tick.o
 .note.GNU-stack
                0x0000000000000000        0x0 drivers/time.o
 .note.GNU-stack
                0x0000000000000000        0x0 drivers/video.o
