
There are no discarded input sections

Memory Configuration

Name             Origin             Length             Attributes
*default*        0x0000000000000000 0xffffffffffffffff

Linker script and memory map


.text           0x0000000000100000     0x86da
                0x0000000000100000                text = .
 *(.text*)
 .text          0x0000000000100000       0x11 dist/loader.o
                0x0000000000100000                loader
 .text          0x0000000000100011      0x806 dist/modules/memory/memoryBuddy.o
                0x00000000001001a6                initializeMemoryManager
                0x0000000000100488                malloc
                0x0000000000100618                free
                0x000000000010076b                getTotalMemory
                0x000000000010078d                getUsedMemory
 .text          0x0000000000100817        0x0 dist/modules/memory/memoryOwn.o
 .text          0x0000000000100817        0x0 dist/modules/memory/memoryNaive.o
 .text          0x0000000000100817      0x3f8 dist/modules/interruptions/exceptions.o
                0x0000000000100817                exceptionDispatcher
 .text          0x0000000000100c0f       0x58 dist/modules/interruptions/irqDispatcher.o
                0x0000000000100c0f                irqDispatcher
 .text          0x0000000000100c67      0x155 dist/modules/interruptions/idtLoader.o
                0x0000000000100c67                load_idt
 .text          0x0000000000100dbc      0x270 dist/modules/loader/moduleLoader.o
                0x0000000000100dbc                loadModules
 .text          0x000000000010102c      0x6f1 dist/modules/comunication/pipes.o
                0x00000000001011a5                create_pipe
 .text          0x000000000010171d      0xe8f dist/modules/terminal/terminal.o
                0x000000000010171d                selectStyle
                0x0000000000101737                setTextSize
                0x000000000010179f                textMode
                0x00000000001017e8                clearTextBuffer
                0x000000000010183f                print
                0x00000000001018c9                printChar
                0x0000000000101937                deleteChar
                0x00000000001019aa                scrollDown
                0x0000000000101a13                scrollUp
                0x0000000000101a98                printHex64
                0x0000000000101b0c                printHex32
                0x0000000000101b7e                printHex16
                0x0000000000101bf4                printDec
                0x0000000000102251                get_foreground_pid
                0x000000000010225e                set_foreground_pid
                0x000000000010228b                write_terminal_fd
                0x0000000000102368                read_terminal_fd
                0x00000000001024d0                close_terminal_fd
                0x000000000010252d                create_terminal_fd
                0x0000000000102579                get_terminal_fd
                0x0000000000102586                initialize_terminal
 .text          0x00000000001025ac     0x11c7 dist/modules/processes/processes.o
                0x0000000000102729                initializeScheduler
                0x0000000000102878                scheduler
                0x0000000000102a8b                create_process
                0x0000000000103449                kill_process
                0x00000000001034fa                exit_current_process
                0x000000000010354d                wait_pid
                0x0000000000103639                yield
                0x000000000010365c                modify_process_priority_by_pid
                0x000000000010366e                block_process
                0x00000000001036af                unblock_process
                0x00000000001036f0                sleep_process
                0x0000000000103703                wait_for_process
                0x0000000000103716                get_processes
                0x0000000000103721                get_actual_pid
                0x000000000010372e                get_actual_process
 .text          0x0000000000103773      0x49e dist/modules/processes/registers.o
                0x0000000000103773                printHexToBuffer
                0x00000000001037cd                printHex16ToBuffer
                0x00000000001037fe                printHex64ToBuffer
                0x00000000001038ea                printStruct
                0x0000000000103beb                dump_registers
                0x0000000000103c06                get_register_dump
 .text          0x0000000000103c11      0x2e8 dist/modules/lib/lib.o
                0x0000000000103c11                memset
                0x0000000000103ccc                memcpy
                0x0000000000103da7                uintToBase
                0x0000000000103e86                strcpy
                0x0000000000103ec9                strlen
 .text          0x0000000000103ef9      0xb9d dist/modules/syscalls.o
                0x0000000000103f56                sysCallDispatcher
 .text          0x0000000000104a96      0x662 dist/kernel.o
                0x0000000000104ad7                clearBSS
                0x0000000000104aff                getStackBase
                0x0000000000104b1e                initializeKernelBinary
                0x0000000000104cb9                sleep
                0x0000000000104cf7                MusicSO
                0x0000000000104fc0                main
 .text          0x00000000001050f8      0x2a1 dist/drivers/screen.o
                0x00000000001050f8                ncPrint
                0x0000000000105163                ncPrintChar
                0x00000000001051a8                ncNewline
                0x00000000001051e2                ncPrintDec
                0x0000000000105202                ncPrintHex
                0x0000000000105222                ncPrintBin
                0x0000000000105242                ncPrintBase
                0x0000000000105272                ncDelChar
                0x0000000000105312                ncClear
                0x000000000010537f                ncSetStyle
 .text          0x0000000000105399      0x1bf dist/drivers/time.o
                0x0000000000105399                calibrateMilis
                0x0000000000105447                getMilisFromBoot
                0x00000000001054db                getTime
 .text          0x0000000000105558     0x10f5 dist/drivers/video.o
                0x0000000000105558                getCharWidth
                0x000000000010558b                getMaxCols
                0x00000000001055e7                getMaxRows
                0x000000000010562e                isTextMode
                0x000000000010563b                setTextMode
                0x0000000000105708                setFpsOverlayEnabled
                0x0000000000105758                swapBuffers
                0x00000000001057c0                canvasMode
                0x00000000001057d8                clearCanvas
                0x0000000000105813                drawPixel
                0x0000000000105840                abs
                0x0000000000105857                drawLine
                0x0000000000105998                fillScreen
                0x0000000000105ada                drawRectangle
                0x0000000000105b98                drawFilledRectangle
                0x0000000000105e2d                drawCircle
                0x0000000000105ef6                drawFilledCircle
                0x0000000000105f90                drawText
                0x0000000000106127                drawStyledChar
                0x0000000000106404                getScreenWidth
                0x0000000000106415                getScreenHeight
 .text          0x000000000010664d       0x5b dist/drivers/tick.o
                0x000000000010664d                timer_handler
                0x000000000010667a                ticks_elapsed
                0x0000000000106687                seconds_elapsed
 .text          0x00000000001066a8      0x2b7 dist/drivers/audio.o
                0x00000000001066bc                isAudioBufferEmpty
                0x0000000000106777                getNextAudioEvent
                0x00000000001067d0                audio_timer_handler
                0x00000000001068e9                play_sound
                0x000000000010691a                clearAudioBuffer
 .text          0x000000000010695f      0x2ad dist/drivers/keyboard.o
                0x000000000010695f                isFull
                0x0000000000106971                isKeyBufferEmpty
                0x0000000000106983                clearKeyBuffer
                0x00000000001069a6                keyboard_set_enabled
                0x00000000001069d8                keyboard_is_enabled
                0x00000000001069e5                queue
                0x0000000000106a69                getNextKey
                0x0000000000106aea                keyboard_handler
 *fill*         0x0000000000106c0c        0x4 
 .text          0x0000000000106c10       0x51 dist/asm/audio.o
                0x0000000000106c10                output_audio_start
                0x0000000000106c49                stop_audio
                0x0000000000106c52                start_T
 *fill*         0x0000000000106c61        0xf 
 .text          0x0000000000106c70      0x2d9 dist/asm/interrupts.o
                0x0000000000106c70                _hlt
                0x0000000000106c73                _cli
                0x0000000000106c75                _sti
                0x0000000000106c77                picMasterMask
                0x0000000000106c82                picSlaveMask
                0x0000000000106c8d                _irq00Handler
                0x0000000000106cdd                _irq01Handler
                0x0000000000106d2d                _irq02Handler
                0x0000000000106d7d                _irq03Handler
                0x0000000000106dcd                _irq04Handler
                0x0000000000106e1d                _irq05Handler
                0x0000000000106e6d                _exception0Handler
                0x0000000000106eaa                _exception6Handler
                0x0000000000106ee7                _sysCallHandler
                0x0000000000106f46                haltcpu
 *fill*         0x0000000000106f49        0x7 
 .text          0x0000000000106f50        0xa dist/asm/keyboard.o
                0x0000000000106f50                get_keyboard_output
 *fill*         0x0000000000106f5a        0x6 
 .text          0x0000000000106f60       0x82 dist/asm/libasm.o
                0x0000000000106f60                cpuVendor
                0x0000000000106f81                fast_memcpy
                0x0000000000106f9b                fast_memset
                0x0000000000106fd8                get_rsp
                0x0000000000106fdc                set_rsp
                0x0000000000106fe0                halt
 *fill*         0x0000000000106fe2        0xe 
 .text          0x0000000000106ff0      0x115 dist/asm/regs.o
                0x0000000000106ff0                addregs
 *fill*         0x0000000000107105        0xb 
 .text          0x0000000000107110       0x3b dist/asm/time.o
                0x0000000000107110                getRDTSC
                0x000000000010711a                getSeconds
                0x0000000000107121                getMinutes
                0x0000000000107128                getHour
                0x000000000010712f                getDayOfWeek
                0x0000000000107136                getDayOfMonth
                0x000000000010713d                getMonth
                0x0000000000107144                getYear
 *fill*         0x000000000010714b        0x5 
 .text          0x0000000000107150       0x1f dist/asm/processes.o
                0x0000000000107150                trampoline
                0x0000000000107154                switch_rsp
                0x0000000000108000                . = ALIGN (0x1000)
 *fill*         0x000000000010716f      0xe91 
                0x0000000000108000                rodata = .
 *(.rodata*)
 .rodata        0x0000000000108000      0x184 dist/modules/interruptions/exceptions.o
 .rodata        0x0000000000108184       0x8a dist/modules/loader/moduleLoader.o
 .rodata        0x000000000010820e       0x16 dist/modules/terminal/terminal.o
 *fill*         0x0000000000108224        0x4 
 .rodata        0x0000000000108228      0x11d dist/modules/processes/registers.o
 *fill*         0x0000000000108345        0x3 
 .rodata        0x0000000000108348      0x118 dist/modules/syscalls.o
 .rodata        0x0000000000108460      0x122 dist/kernel.o
 *fill*         0x0000000000108582        0x6 
 .rodata        0x0000000000108588       0x10 dist/drivers/screen.o
 *fill*         0x0000000000108598        0x8 
 .rodata        0x00000000001085a0       0x30 dist/drivers/time.o
 .rodata        0x00000000001085d0       0x80 dist/drivers/video.o
 *fill*         0x0000000000108650       0x10 
 .rodata        0x0000000000108660       0x7a dist/drivers/keyboard.o

.data           0x0000000000109000      0x94c
                0x0000000000109000                data = .
 *(.data*)
 .data          0x0000000000109000        0x0 dist/modules/memory/memoryBuddy.o
 .data          0x0000000000109000        0x0 dist/modules/memory/memoryOwn.o
 .data          0x0000000000109000        0x0 dist/modules/memory/memoryNaive.o
 .data          0x0000000000109000        0x0 dist/modules/interruptions/exceptions.o
 .data          0x0000000000109000        0x0 dist/modules/interruptions/irqDispatcher.o
 .data          0x0000000000109000        0x0 dist/modules/interruptions/idtLoader.o
 .data          0x0000000000109000        0x0 dist/modules/loader/moduleLoader.o
 .data          0x0000000000109000       0x38 dist/modules/comunication/pipes.o
 *fill*         0x0000000000109038        0x8 
 .data          0x0000000000109040       0x28 dist/modules/terminal/terminal.o
 .data          0x0000000000109068       0x10 dist/modules/processes/processes.o
                0x0000000000109068                pid_count
                0x0000000000109070                actual_index
 .data          0x0000000000109078        0x0 dist/modules/processes/registers.o
 .data          0x0000000000109078        0x0 dist/modules/lib/lib.o
 .data          0x0000000000109078        0x0 dist/modules/syscalls.o
 .data          0x0000000000109078        0x8 dist/kernel.o
                0x0000000000109078                ramAmount
 .data          0x0000000000109080       0x49 dist/drivers/screen.o
 .data          0x00000000001090c9        0x0 dist/drivers/time.o
 *fill*         0x00000000001090c9       0x17 
 .data          0x00000000001090e0      0x840 dist/drivers/video.o
                0x00000000001090e0                font8x16
                0x00000000001098e0                VBE_mode_info
                0x00000000001098e8                backbuffer
 .data          0x0000000000109920        0x0 dist/drivers/tick.o
 .data          0x0000000000109920        0x0 dist/drivers/audio.o
 .data          0x0000000000109920        0x1 dist/drivers/keyboard.o
 *fill*         0x0000000000109921        0x3 
 .data          0x0000000000109924       0x28 dist/asm/interrupts.o
                0x000000000010994c                endOfKernelBinary = .

.bss            0x000000000010a000    0x132dc
                0x000000000010a000                bss = .
 *(.bss*)
 .bss           0x000000000010a000       0xe0 dist/modules/memory/memoryBuddy.o
                0x000000000010a000                initialized
                0x000000000010a008                managed_memory_base
                0x000000000010a010                managed_memory_size
                0x000000000010a020                free_lists
                0x000000000010a080                bitmaps
                0x000000000010a0d8                page_orders
 .bss           0x000000000010a0e0        0x0 dist/modules/memory/memoryOwn.o
 .bss           0x000000000010a0e0        0x0 dist/modules/memory/memoryNaive.o
 .bss           0x000000000010a0e0        0x0 dist/modules/interruptions/exceptions.o
 .bss           0x000000000010a0e0        0x0 dist/modules/interruptions/irqDispatcher.o
 .bss           0x000000000010a0e0        0x8 dist/modules/interruptions/idtLoader.o
                0x000000000010a0e0                idt
 .bss           0x000000000010a0e8        0x0 dist/modules/loader/moduleLoader.o
 .bss           0x000000000010a0e8        0x0 dist/modules/comunication/pipes.o
 *fill*         0x000000000010a0e8       0x18 
 .bss           0x000000000010a100     0x8020 dist/modules/terminal/terminal.o
 .bss           0x0000000000112120     0xa058 dist/modules/processes/processes.o
                0x0000000000112120                proccess_count
                0x0000000000112140                processes
                0x0000000000119940                priority_lists
                0x000000000011c140                priority_index
                0x000000000011c168                actual_pid
                0x000000000011c170                actual_process_start_time
 *fill*         0x000000000011c178        0x8 
 .bss           0x000000000011c180      0x8c4 dist/modules/processes/registers.o
 .bss           0x000000000011ca44        0x0 dist/modules/lib/lib.o
 .bss           0x000000000011ca44        0x4 dist/modules/syscalls.o
 .bss           0x000000000011ca48        0x8 dist/kernel.o
 .bss           0x000000000011ca50        0x0 dist/drivers/screen.o
 .bss           0x000000000011ca50        0x8 dist/drivers/time.o
                0x000000000011ca50                ticksPerMs
 .bss           0x000000000011ca58       0x18 dist/drivers/video.o
 .bss           0x000000000011ca70        0x8 dist/drivers/tick.o
 *fill*         0x000000000011ca78        0x8 
 .bss           0x000000000011ca80      0x40c dist/drivers/audio.o
 *fill*         0x000000000011ce8c       0x14 
 .bss           0x000000000011cea0      0x404 dist/drivers/keyboard.o
                0x000000000011cea0                buffer
                0x000000000011d29c                size
                0x000000000011d29d                head
                0x000000000011d29e                tail
                0x000000000011d29f                isShiftPressed
                0x000000000011d2a0                null
 .bss           0x000000000011d2a4        0x8 dist/asm/interrupts.o
 .bss           0x000000000011d2ac       0x30 dist/asm/regs.o
                0x000000000011d2cc                saved_stack_ptr
                0x000000000011d2d4                initial_saved_stack_ptr
 *(EXCLUDE_FILE(*.o) COMMON)
                0x000000000011e000                . = ALIGN (0x1000)
                0x000000000011e000                endOfKernel = .
LOAD dist/loader.o
LOAD dist/modules/memory/memoryBuddy.o
LOAD dist/modules/memory/memoryOwn.o
LOAD dist/modules/memory/memoryNaive.o
LOAD dist/modules/interruptions/exceptions.o
LOAD dist/modules/interruptions/irqDispatcher.o
LOAD dist/modules/interruptions/idtLoader.o
LOAD dist/modules/loader/moduleLoader.o
LOAD dist/modules/comunication/pipes.o
LOAD dist/modules/terminal/terminal.o
LOAD dist/modules/processes/processes.o
LOAD dist/modules/processes/registers.o
LOAD dist/modules/lib/lib.o
LOAD dist/modules/syscalls.o
LOAD dist/kernel.o
LOAD dist/drivers/screen.o
LOAD dist/drivers/time.o
LOAD dist/drivers/video.o
LOAD dist/drivers/tick.o
LOAD dist/drivers/audio.o
LOAD dist/drivers/keyboard.o
LOAD dist/asm/audio.o
LOAD dist/asm/interrupts.o
LOAD dist/asm/keyboard.o
LOAD dist/asm/libasm.o
LOAD dist/asm/regs.o
LOAD dist/asm/time.o
LOAD dist/asm/processes.o
OUTPUT(kernel.bin binary)

.comment        0x0000000000000000      0x280
 .comment       0x0000000000000000       0x20 dist/modules/memory/memoryBuddy.o
 .comment       0x0000000000000020       0x20 dist/modules/memory/memoryOwn.o
 .comment       0x0000000000000040       0x20 dist/modules/memory/memoryNaive.o
 .comment       0x0000000000000060       0x20 dist/modules/interruptions/exceptions.o
 .comment       0x0000000000000080       0x20 dist/modules/interruptions/irqDispatcher.o
 .comment       0x00000000000000a0       0x20 dist/modules/interruptions/idtLoader.o
 .comment       0x00000000000000c0       0x20 dist/modules/loader/moduleLoader.o
 .comment       0x00000000000000e0       0x20 dist/modules/comunication/pipes.o
 .comment       0x0000000000000100       0x20 dist/modules/terminal/terminal.o
 .comment       0x0000000000000120       0x20 dist/modules/processes/processes.o
 .comment       0x0000000000000140       0x20 dist/modules/processes/registers.o
 .comment       0x0000000000000160       0x20 dist/modules/lib/lib.o
 .comment       0x0000000000000180       0x20 dist/modules/syscalls.o
 .comment       0x00000000000001a0       0x20 dist/kernel.o
 .comment       0x00000000000001c0       0x20 dist/drivers/screen.o
 .comment       0x00000000000001e0       0x20 dist/drivers/time.o
 .comment       0x0000000000000200       0x20 dist/drivers/video.o
 .comment       0x0000000000000220       0x20 dist/drivers/tick.o
 .comment       0x0000000000000240       0x20 dist/drivers/audio.o
 .comment       0x0000000000000260       0x20 dist/drivers/keyboard.o

.note.GNU-stack
                0x0000000000000000        0x0
 .note.GNU-stack
                0x0000000000000000        0x0 dist/modules/memory/memoryBuddy.o
 .note.GNU-stack
                0x0000000000000000        0x0 dist/modules/memory/memoryOwn.o
 .note.GNU-stack
                0x0000000000000000        0x0 dist/modules/memory/memoryNaive.o
 .note.GNU-stack
                0x0000000000000000        0x0 dist/modules/interruptions/exceptions.o
 .note.GNU-stack
                0x0000000000000000        0x0 dist/modules/interruptions/irqDispatcher.o
 .note.GNU-stack
                0x0000000000000000        0x0 dist/modules/interruptions/idtLoader.o
 .note.GNU-stack
                0x0000000000000000        0x0 dist/modules/loader/moduleLoader.o
 .note.GNU-stack
                0x0000000000000000        0x0 dist/modules/comunication/pipes.o
 .note.GNU-stack
                0x0000000000000000        0x0 dist/modules/terminal/terminal.o
 .note.GNU-stack
                0x0000000000000000        0x0 dist/modules/processes/processes.o
 .note.GNU-stack
                0x0000000000000000        0x0 dist/modules/processes/registers.o
 .note.GNU-stack
                0x0000000000000000        0x0 dist/modules/lib/lib.o
 .note.GNU-stack
                0x0000000000000000        0x0 dist/modules/syscalls.o
 .note.GNU-stack
                0x0000000000000000        0x0 dist/kernel.o
 .note.GNU-stack
                0x0000000000000000        0x0 dist/drivers/screen.o
 .note.GNU-stack
                0x0000000000000000        0x0 dist/drivers/time.o
 .note.GNU-stack
                0x0000000000000000        0x0 dist/drivers/video.o
 .note.GNU-stack
                0x0000000000000000        0x0 dist/drivers/tick.o
 .note.GNU-stack
                0x0000000000000000        0x0 dist/drivers/audio.o
 .note.GNU-stack
                0x0000000000000000        0x0 dist/drivers/keyboard.o
