
Memory Configuration

Name             Origin             Length             Attributes
*default*        0x0000000000000000 0xffffffffffffffff

Linker script and memory map


.text           0x0000000000100000     0x3310
                0x0000000000100000                text = .
 *(.text*)
 .text          0x0000000000100000       0x11 loader.o
                0x0000000000100000                loader
 .text          0x0000000000100011       0xa6 exceptions.o
                0x0000000000100011                exceptionDispatcher
 .text          0x00000000001000b7      0x155 idtLoader.o
                0x00000000001000b7                load_idt
 .text          0x000000000010020c       0x58 irqDispatcher.o
                0x000000000010020c                irqDispatcher
 .text          0x0000000000100264      0x224 kernel.o
                0x0000000000100264                getShellAddress
                0x000000000010026f                clearBSS
                0x0000000000100297                getStackBase
                0x00000000001002b6                initializeKernelBinary
                0x000000000010043c                main
 .text          0x0000000000100488      0x2e4 lib.o
                0x0000000000100488                memset
                0x0000000000100543                memcpy
                0x000000000010061e                alloc
                0x000000000010068d                uintToBase
 .text          0x000000000010076c      0x19c moduleLoader.o
                0x000000000010076c                loadModules
 .text          0x0000000000100908      0x5a8 syscalls.o
                0x0000000000100908                sysCallDispatcher
 .text          0x0000000000100eb0      0x21b drivers/keyboard.o
                0x0000000000100eb0                isFull
                0x0000000000100ec2                isKeyBufferEmpty
                0x0000000000100ed4                clearKeyBuffer
                0x0000000000100ef0                queue
                0x0000000000100f74                getNextKey
                0x0000000000100fdf                keyboard_handler
 .text          0x00000000001010cb        0x0 drivers/mouse.o
 .text          0x00000000001010cb      0x2a1 drivers/screen.o
                0x00000000001010cb                ncPrint
                0x0000000000101136                ncPrintChar
                0x000000000010117b                ncNewline
                0x00000000001011b5                ncPrintDec
                0x00000000001011d5                ncPrintHex
                0x00000000001011f5                ncPrintBin
                0x0000000000101215                ncPrintBase
                0x0000000000101245                ncDelChar
                0x00000000001012e5                ncClear
                0x0000000000101352                ncSetStyle
 .text          0x000000000010136c       0x47 drivers/tick.o
                0x000000000010136c                timer_handler
                0x0000000000101385                ticks_elapsed
                0x0000000000101392                seconds_elapsed
 .text          0x00000000001013b3      0x125 drivers/time.o
                0x00000000001013b3                calibrateMilis
                0x0000000000101426                getMilisFromBoot
                0x0000000000101447                getTime
 .text          0x00000000001014d8     0x1088 drivers/video.o
                0x000000000010158b                swapBuffers
                0x00000000001015da                canvasMode
                0x00000000001015f2                clearCanvas
                0x000000000010162d                drawPixel
                0x0000000000101671                drawLine
                0x00000000001017b2                drawRectangle
                0x0000000000101870                drawFilledRectangle
                0x0000000000101b00                drawCircle
                0x0000000000101bc9                drawFilledCircle
                0x0000000000101c63                drawText
                0x0000000000101e7e                textMode
                0x0000000000101eba                selectStyle
                0x0000000000101ed4                clearTextBuffer
                0x0000000000102328                print
                0x00000000001023af                printChar
                0x000000000010241d                deleteChar
                0x0000000000102482                scrollDown
                0x00000000001024e3                scrollUp
 .text          0x0000000000102560      0x265 asm/interrupts.o
                0x0000000000102560                _hlt
                0x0000000000102563                _cli
                0x0000000000102565                _sti
                0x0000000000102567                picMasterMask
                0x0000000000102572                picSlaveMask
                0x000000000010257d                _irq00Handler
                0x00000000001025bb                _irq01Handler
                0x00000000001025f9                _irq02Handler
                0x0000000000102637                _irq03Handler
                0x0000000000102675                _irq04Handler
                0x00000000001026b3                _irq05Handler
                0x00000000001026f1                _exception0Handler
                0x000000000010272e                _exception6Handler
                0x000000000010276b                _sysCallHandler
                0x00000000001027c2                haltcpu
 *fill*         0x00000000001027c5        0xb 
 .text          0x00000000001027d0        0xa asm/keyboard.o
                0x00000000001027d0                get_keyboard_output
 *fill*         0x00000000001027da        0x6 
 .text          0x00000000001027e0       0x21 asm/libasm.o
                0x00000000001027e0                cpuVendor
 *fill*         0x0000000000102801        0xf 
 .text          0x0000000000102810       0x3b asm/time.o
                0x0000000000102810                getMilis
                0x000000000010281a                getSeconds
                0x0000000000102821                getMinutes
                0x0000000000102828                getHour
                0x000000000010282f                getDayOfWeek
                0x0000000000102836                getDayOfMonth
                0x000000000010283d                getMonth
                0x0000000000102844                getYear
 *fill*         0x000000000010284b        0x5 
 .text          0x0000000000102850        0xf asm/video.o
                0x0000000000102850                vsync_wait
                0x0000000000103000                . = ALIGN (0x1000)
 *fill*         0x000000000010285f      0x7a1 
                0x0000000000103000                rodata = .
 *(.rodata*)
 .rodata        0x0000000000103000       0x38 exceptions.o
 .rodata        0x0000000000103038       0xc9 kernel.o
 .rodata        0x0000000000103101       0x3d moduleLoader.o
 *fill*         0x000000000010313e        0x2 
 .rodata        0x0000000000103140       0xa1 syscalls.o
 *fill*         0x00000000001031e1       0x1f 
 .rodata        0x0000000000103200       0x7a drivers/keyboard.o
 *fill*         0x000000000010327a        0x6 
 .rodata        0x0000000000103280       0x10 drivers/screen.o
 .rodata        0x0000000000103290       0x80 drivers/video.o

.data           0x0000000000104000      0x894
                0x0000000000104000                data = .
 *(.data*)
 .data          0x0000000000104000        0x0 exceptions.o
 .data          0x0000000000104000        0x0 idtLoader.o
 .data          0x0000000000104000        0x0 irqDispatcher.o
 .data          0x0000000000104000        0x0 kernel.o
 .data          0x0000000000104000        0x0 lib.o
 .data          0x0000000000104000        0x0 moduleLoader.o
 .data          0x0000000000104000        0x0 syscalls.o
 .data          0x0000000000104000        0x0 drivers/keyboard.o
 .data          0x0000000000104000        0x0 drivers/mouse.o
 .data          0x0000000000104000       0x49 drivers/screen.o
 .data          0x0000000000104049        0x0 drivers/tick.o
 .data          0x0000000000104049        0x0 drivers/time.o
 *fill*         0x0000000000104049       0x17 
 .data          0x0000000000104060      0x812 drivers/video.o
                0x0000000000104060                font8x16
                0x0000000000104860                VBE_mode_info
                0x0000000000104868                backbuffer
                0x0000000000104870                text_mode_enabled
                0x0000000000104871                selected_style
 *fill*         0x0000000000104872        0x2 
 .data          0x0000000000104874       0x20 asm/interrupts.o
                0x0000000000104894                endOfKernelBinary = .

.bss            0x0000000000105000     0x1450
                0x0000000000105000                bss = .
 *(.bss*)
 .bss           0x0000000000105000        0x0 exceptions.o
 .bss           0x0000000000105000        0x8 idtLoader.o
                0x0000000000105000                idt
 .bss           0x0000000000105008        0x0 irqDispatcher.o
 .bss           0x0000000000105008        0x0 kernel.o
 .bss           0x0000000000105008        0x8 lib.o
 .bss           0x0000000000105010        0x4 moduleLoader.o
 .bss           0x0000000000105014        0x4 syscalls.o
 *fill*         0x0000000000105018        0x8 
 .bss           0x0000000000105020      0x400 drivers/keyboard.o
                0x0000000000105020                buffer
                0x000000000010541c                size
                0x000000000010541d                head
                0x000000000010541e                tail
                0x000000000010541f                isShiftPressed
 .bss           0x0000000000105420        0x0 drivers/mouse.o
 .bss           0x0000000000105420        0x0 drivers/screen.o
 .bss           0x0000000000105420        0x8 drivers/tick.o
 .bss           0x0000000000105428        0x4 drivers/time.o
                0x0000000000105428                ticksPerMs
 *fill*         0x000000000010542c       0x14 
 .bss           0x0000000000105440     0x1008 drivers/video.o
                0x0000000000105440                text_buffer
                0x0000000000106440                cursor
                0x0000000000106444                offset
 .bss           0x0000000000106448        0x8 asm/interrupts.o
 *(EXCLUDE_FILE(*.o) COMMON)
                0x0000000000107000                . = ALIGN (0x1000)
                0x0000000000107000                endOfKernel = .
LOAD loader.o
LOAD exceptions.o
LOAD idtLoader.o
LOAD irqDispatcher.o
LOAD kernel.o
LOAD lib.o
LOAD moduleLoader.o
LOAD syscalls.o
LOAD drivers/keyboard.o
LOAD drivers/mouse.o
LOAD drivers/screen.o
LOAD drivers/tick.o
LOAD drivers/time.o
LOAD drivers/video.o
LOAD asm/interrupts.o
LOAD asm/keyboard.o
LOAD asm/libasm.o
LOAD asm/mouse.o
LOAD asm/time.o
LOAD asm/video.o
OUTPUT(kernel.bin binary)

.comment        0x0000000000000000      0x1a0
 .comment       0x0000000000000000       0x20 exceptions.o
 .comment       0x0000000000000020       0x20 idtLoader.o
 .comment       0x0000000000000040       0x20 irqDispatcher.o
 .comment       0x0000000000000060       0x20 kernel.o
 .comment       0x0000000000000080       0x20 lib.o
 .comment       0x00000000000000a0       0x20 moduleLoader.o
 .comment       0x00000000000000c0       0x20 syscalls.o
 .comment       0x00000000000000e0       0x20 drivers/keyboard.o
 .comment       0x0000000000000100       0x20 drivers/mouse.o
 .comment       0x0000000000000120       0x20 drivers/screen.o
 .comment       0x0000000000000140       0x20 drivers/tick.o
 .comment       0x0000000000000160       0x20 drivers/time.o
 .comment       0x0000000000000180       0x20 drivers/video.o

.note.GNU-stack
                0x0000000000000000        0x0
 .note.GNU-stack
                0x0000000000000000        0x0 exceptions.o
 .note.GNU-stack
                0x0000000000000000        0x0 idtLoader.o
 .note.GNU-stack
                0x0000000000000000        0x0 irqDispatcher.o
 .note.GNU-stack
                0x0000000000000000        0x0 kernel.o
 .note.GNU-stack
                0x0000000000000000        0x0 lib.o
 .note.GNU-stack
                0x0000000000000000        0x0 moduleLoader.o
 .note.GNU-stack
                0x0000000000000000        0x0 syscalls.o
 .note.GNU-stack
                0x0000000000000000        0x0 drivers/keyboard.o
 .note.GNU-stack
                0x0000000000000000        0x0 drivers/mouse.o
 .note.GNU-stack
                0x0000000000000000        0x0 drivers/screen.o
 .note.GNU-stack
                0x0000000000000000        0x0 drivers/tick.o
 .note.GNU-stack
                0x0000000000000000        0x0 drivers/time.o
 .note.GNU-stack
                0x0000000000000000        0x0 drivers/video.o
