
Memory Configuration

Name             Origin             Length             Attributes
*default*        0x0000000000000000 0xffffffffffffffff

Linker script and memory map


.text           0x0000000000100000     0x55d4
                0x0000000000100000                text = .
 *(.text*)
 .text          0x0000000000100000       0x11 loader.o
                0x0000000000100000                loader
 .text          0x0000000000100011      0x3c2 exceptions.o
                0x0000000000100011                exceptionDispatcher
 .text          0x00000000001003d3      0x155 idtLoader.o
                0x00000000001003d3                load_idt
 .text          0x0000000000100528       0x58 irqDispatcher.o
                0x0000000000100528                irqDispatcher
 .text          0x0000000000100580      0x6e9 kernel.o
                0x00000000001005c1                getShellAddress
                0x00000000001005cc                clearBSS
                0x00000000001005f4                getStackBase
                0x0000000000100613                initializeKernelBinary
                0x0000000000100799                MusicSO
                0x0000000000100827                sleep
                0x0000000000100bd2                main
 .text          0x0000000000100c69      0x2e4 lib.o
                0x0000000000100c69                memset
                0x0000000000100d24                memcpy
                0x0000000000100dff                alloc
                0x0000000000100e6e                uintToBase
 .text          0x0000000000100f4d      0x19c moduleLoader.o
                0x0000000000100f4d                loadModules
 .text          0x00000000001010e9      0x49e registers.o
                0x00000000001010e9                printHexToBuffer
                0x0000000000101143                printHex16ToBuffer
                0x0000000000101174                printHex64ToBuffer
                0x0000000000101260                printStruct
                0x0000000000101561                dump_registers
                0x000000000010157c                get_register_dump
 .text          0x0000000000101587      0x763 syscalls.o
                0x0000000000101587                sysCallDispatcher
 .text          0x0000000000101cea      0x2f0 drivers/audio.o
                0x0000000000101cfe                isAudioBufferEmpty
                0x0000000000101ddf                getNextAudioEvent
                0x0000000000101e4b                audio_timer_handler
                0x0000000000101f64                play_sound
                0x0000000000101f95                clearAudioBuffer
 .text          0x0000000000101fda      0x2ad drivers/keyboard.o
                0x0000000000101fda                isFull
                0x0000000000101fec                isKeyBufferEmpty
                0x0000000000101ffe                clearKeyBuffer
                0x0000000000102021                keyboard_set_enabled
                0x0000000000102053                keyboard_is_enabled
                0x0000000000102060                queue
                0x00000000001020e4                getNextKey
                0x0000000000102165                keyboard_handler
 .text          0x0000000000102287        0x0 drivers/mouse.o
 .text          0x0000000000102287      0x2a1 drivers/screen.o
                0x0000000000102287                ncPrint
                0x00000000001022f2                ncPrintChar
                0x0000000000102337                ncNewline
                0x0000000000102371                ncPrintDec
                0x0000000000102391                ncPrintHex
                0x00000000001023b1                ncPrintBin
                0x00000000001023d1                ncPrintBase
                0x0000000000102401                ncDelChar
                0x00000000001024a1                ncClear
                0x000000000010250e                ncSetStyle
 .text          0x0000000000102528       0x51 drivers/tick.o
                0x0000000000102528                timer_handler
                0x000000000010254b                ticks_elapsed
                0x0000000000102558                seconds_elapsed
 .text          0x0000000000102579      0x1bf drivers/time.o
                0x0000000000102579                calibrateMilis
                0x0000000000102627                getMilisFromBoot
                0x00000000001026bb                getTime
 .text          0x0000000000102738     0x1ad7 drivers/video.o
                0x00000000001028c1                setFpsOverlayEnabled
                0x0000000000102911                swapBuffers
                0x0000000000102979                canvasMode
                0x0000000000102991                clearCanvas
                0x00000000001029cc                drawPixel
                0x0000000000102a10                drawLine
                0x0000000000102b51                fillScreen
                0x0000000000102c93                drawRectangle
                0x0000000000102d51                drawFilledRectangle
                0x0000000000102fe6                drawCircle
                0x00000000001030af                drawFilledCircle
                0x0000000000103149                drawText
                0x000000000010341f                getScreenWidth
                0x0000000000103430                getScreenHeight
                0x0000000000103441                textMode
                0x0000000000103487                selectStyle
                0x00000000001034a1                setTextSize
                0x0000000000103509                clearTextBuffer
                0x0000000000103cf9                print
                0x0000000000103d80                printChar
                0x0000000000103deb                deleteChar
                0x0000000000103e5e                scrollDown
                0x0000000000103ec4                scrollUp
                0x00000000001040b3                printHex64
                0x0000000000104127                printHex32
                0x0000000000104199                printHex16
 *fill*         0x000000000010420f        0x1 
 .text          0x0000000000104210       0x51 asm/audio.o
                0x0000000000104210                output_audio_start
                0x0000000000104249                stop_audio
                0x0000000000104252                start_T
 *fill*         0x0000000000104261        0xf 
 .text          0x0000000000104270      0x2d1 asm/interrupts.o
                0x0000000000104270                _hlt
                0x0000000000104273                _cli
                0x0000000000104275                _sti
                0x0000000000104277                picMasterMask
                0x0000000000104282                picSlaveMask
                0x000000000010428d                _irq00Handler
                0x00000000001042dd                _irq01Handler
                0x000000000010432d                _irq02Handler
                0x000000000010437d                _irq03Handler
                0x00000000001043cd                _irq04Handler
                0x000000000010441d                _irq05Handler
                0x000000000010446d                _exception0Handler
                0x00000000001044aa                _exception6Handler
                0x00000000001044e7                _sysCallHandler
                0x000000000010453e                haltcpu
 *fill*         0x0000000000104541        0xf 
 .text          0x0000000000104550        0xa asm/keyboard.o
                0x0000000000104550                get_keyboard_output
 *fill*         0x000000000010455a        0x6 
 .text          0x0000000000104560       0x78 asm/libasm.o
                0x0000000000104560                cpuVendor
                0x0000000000104581                fast_memcpy
                0x000000000010459b                fast_memset
 *fill*         0x00000000001045d8        0x8 
 .text          0x00000000001045e0      0x115 asm/regs.o
                0x00000000001045e0                addregs
 *fill*         0x00000000001046f5        0xb 
 .text          0x0000000000104700       0x3b asm/time.o
                0x0000000000104700                getRDTSC
                0x000000000010470a                getSeconds
                0x0000000000104711                getMinutes
                0x0000000000104718                getHour
                0x000000000010471f                getDayOfWeek
                0x0000000000104726                getDayOfMonth
                0x000000000010472d                getMonth
                0x0000000000104734                getYear
 *fill*         0x000000000010473b        0x5 
 .text          0x0000000000104740        0x0 asm/video.o
                0x0000000000105000                . = ALIGN (0x1000)
 *fill*         0x0000000000104740      0x8c0 
                0x0000000000105000                rodata = .
 *(.rodata*)
 .rodata        0x0000000000105000      0x162 exceptions.o
 *fill*         0x0000000000105162        0x6 
 .rodata        0x0000000000105168       0xd2 kernel.o
 .rodata        0x000000000010523a       0x3d moduleLoader.o
 *fill*         0x0000000000105277        0x1 
 .rodata        0x0000000000105278      0x11d registers.o
 *fill*         0x0000000000105395        0x3 
 .rodata        0x0000000000105398       0xe1 syscalls.o
 *fill*         0x0000000000105479        0x7 
 .rodata        0x0000000000105480       0x7a drivers/keyboard.o
 *fill*         0x00000000001054fa        0x6 
 .rodata        0x0000000000105500       0x10 drivers/screen.o
 .rodata        0x0000000000105510       0x30 drivers/time.o
 .rodata        0x0000000000105540       0x94 drivers/video.o

.data           0x0000000000106000      0x8e4
                0x0000000000106000                data = .
 *(.data*)
 .data          0x0000000000106000        0x0 exceptions.o
 .data          0x0000000000106000        0x0 idtLoader.o
 .data          0x0000000000106000        0x0 irqDispatcher.o
 .data          0x0000000000106000        0x0 kernel.o
 .data          0x0000000000106000        0x0 lib.o
 .data          0x0000000000106000        0x0 moduleLoader.o
 .data          0x0000000000106000        0x0 registers.o
 .data          0x0000000000106000        0x0 syscalls.o
 .data          0x0000000000106000        0x0 drivers/audio.o
 .data          0x0000000000106000        0x1 drivers/keyboard.o
 .data          0x0000000000106001        0x0 drivers/mouse.o
 *fill*         0x0000000000106001       0x1f 
 .data          0x0000000000106020       0x49 drivers/screen.o
 .data          0x0000000000106069        0x0 drivers/tick.o
 .data          0x0000000000106069        0x0 drivers/time.o
 *fill*         0x0000000000106069       0x17 
 .data          0x0000000000106080      0x841 drivers/video.o
                0x0000000000106080                font8x16
                0x0000000000106880                VBE_mode_info
                0x0000000000106888                backbuffer
                0x0000000000106890                text_mode_enabled
                0x00000000001068c0                selected_style
 *fill*         0x00000000001068c1        0x3 
 .data          0x00000000001068c4       0x20 asm/interrupts.o
                0x00000000001068e4                endOfKernelBinary = .

.bss            0x0000000000107000     0xacd8
                0x0000000000107000                bss = .
 *(.bss*)
 .bss           0x0000000000107000        0x0 exceptions.o
 .bss           0x0000000000107000        0x8 idtLoader.o
                0x0000000000107000                idt
 .bss           0x0000000000107008        0x0 irqDispatcher.o
 .bss           0x0000000000107008        0x0 kernel.o
 .bss           0x0000000000107008        0x8 lib.o
 .bss           0x0000000000107010        0x4 moduleLoader.o
 *fill*         0x0000000000107014        0xc 
 .bss           0x0000000000107020      0x8c4 registers.o
 .bss           0x00000000001078e4        0x4 syscalls.o
 *fill*         0x00000000001078e8       0x18 
 .bss           0x0000000000107900     0x1f4c drivers/audio.o
 *fill*         0x000000000010984c       0x14 
 .bss           0x0000000000109860      0x404 drivers/keyboard.o
                0x0000000000109860                buffer
                0x0000000000109c5c                size
                0x0000000000109c5d                head
                0x0000000000109c5e                tail
                0x0000000000109c5f                isShiftPressed
                0x0000000000109c60                null
 .bss           0x0000000000109c64        0x0 drivers/mouse.o
 .bss           0x0000000000109c64        0x0 drivers/screen.o
 *fill*         0x0000000000109c64        0x4 
 .bss           0x0000000000109c68        0x8 drivers/tick.o
 .bss           0x0000000000109c70        0x8 drivers/time.o
                0x0000000000109c70                ticksPerMs
 *fill*         0x0000000000109c78        0x8 
 .bss           0x0000000000109c80     0x8020 drivers/video.o
                0x0000000000109c80                text_buffer
                0x0000000000111c80                cursor
                0x0000000000111c84                offset
 .bss           0x0000000000111ca0        0x8 asm/interrupts.o
 .bss           0x0000000000111ca8       0x30 asm/regs.o
                0x0000000000111cc8                saved_stack_ptr
                0x0000000000111cd0                initial_saved_stack_ptr
 *(EXCLUDE_FILE(*.o) COMMON)
                0x0000000000112000                . = ALIGN (0x1000)
                0x0000000000112000                endOfKernel = .
LOAD loader.o
LOAD exceptions.o
LOAD idtLoader.o
LOAD irqDispatcher.o
LOAD kernel.o
LOAD lib.o
LOAD moduleLoader.o
LOAD registers.o
LOAD syscalls.o
LOAD drivers/audio.o
LOAD drivers/keyboard.o
LOAD drivers/mouse.o
LOAD drivers/screen.o
LOAD drivers/tick.o
LOAD drivers/time.o
LOAD drivers/video.o
LOAD asm/audio.o
LOAD asm/interrupts.o
LOAD asm/keyboard.o
LOAD asm/libasm.o
LOAD asm/mouse.o
LOAD asm/regs.o
LOAD asm/time.o
LOAD asm/video.o
OUTPUT(kernel.bin binary)

.comment        0x0000000000000000      0x1e0
 .comment       0x0000000000000000       0x20 exceptions.o
 .comment       0x0000000000000020       0x20 idtLoader.o
 .comment       0x0000000000000040       0x20 irqDispatcher.o
 .comment       0x0000000000000060       0x20 kernel.o
 .comment       0x0000000000000080       0x20 lib.o
 .comment       0x00000000000000a0       0x20 moduleLoader.o
 .comment       0x00000000000000c0       0x20 registers.o
 .comment       0x00000000000000e0       0x20 syscalls.o
 .comment       0x0000000000000100       0x20 drivers/audio.o
 .comment       0x0000000000000120       0x20 drivers/keyboard.o
 .comment       0x0000000000000140       0x20 drivers/mouse.o
 .comment       0x0000000000000160       0x20 drivers/screen.o
 .comment       0x0000000000000180       0x20 drivers/tick.o
 .comment       0x00000000000001a0       0x20 drivers/time.o
 .comment       0x00000000000001c0       0x20 drivers/video.o

.note.GNU-stack
                0x0000000000000000        0x0
 .note.GNU-stack
                0x0000000000000000        0x0 exceptions.o
 .note.GNU-stack
                0x0000000000000000        0x0 idtLoader.o
 .note.GNU-stack
                0x0000000000000000        0x0 irqDispatcher.o
 .note.GNU-stack
                0x0000000000000000        0x0 kernel.o
 .note.GNU-stack
                0x0000000000000000        0x0 lib.o
 .note.GNU-stack
                0x0000000000000000        0x0 moduleLoader.o
 .note.GNU-stack
                0x0000000000000000        0x0 registers.o
 .note.GNU-stack
                0x0000000000000000        0x0 syscalls.o
 .note.GNU-stack
                0x0000000000000000        0x0 drivers/audio.o
 .note.GNU-stack
                0x0000000000000000        0x0 drivers/keyboard.o
 .note.GNU-stack
                0x0000000000000000        0x0 drivers/mouse.o
 .note.GNU-stack
                0x0000000000000000        0x0 drivers/screen.o
 .note.GNU-stack
                0x0000000000000000        0x0 drivers/tick.o
 .note.GNU-stack
                0x0000000000000000        0x0 drivers/time.o
 .note.GNU-stack
                0x0000000000000000        0x0 drivers/video.o
