
There are no discarded input sections

Memory Configuration

Name             Origin             Length             Attributes
*default*        0x0000000000000000 0xffffffffffffffff

Linker script and memory map


.text           0x0000000000100000     0x6654
                0x0000000000100000                text = .
 *(.text*)
 .text          0x0000000000100000       0x11 loader.o
                0x0000000000100000                loader
 .text          0x0000000000100011      0x3be exceptions.o
                0x0000000000100011                exceptionDispatcher
 .text          0x00000000001003cf      0x155 idtLoader.o
                0x00000000001003cf                load_idt
 .text          0x0000000000100524       0x58 irqDispatcher.o
                0x0000000000100524                irqDispatcher
 .text          0x000000000010057c      0x63c kernel.o
                0x00000000001005bd                getShellAddress
                0x00000000001005c8                getShellRSP
                0x00000000001005d5                clearBSS
                0x00000000001005fd                getStackBase
                0x000000000010061c                initializeKernelBinary
                0x00000000001007b7                sleep
                0x00000000001007f5                MusicSO
                0x0000000000100abe                main
 .text          0x0000000000100bb8      0x2e4 lib.o
                0x0000000000100bb8                memset
                0x0000000000100c73                memcpy
                0x0000000000100d4e                alloc
                0x0000000000100dbd                uintToBase
 .text          0x0000000000100e9c      0x270 moduleLoader.o
                0x0000000000100e9c                loadModules
 .text          0x000000000010110c      0x49e registers.o
                0x000000000010110c                printHexToBuffer
                0x0000000000101166                printHex16ToBuffer
                0x0000000000101197                printHex64ToBuffer
                0x0000000000101283                printStruct
                0x0000000000101584                dump_registers
                0x000000000010159f                get_register_dump
 .text          0x00000000001015aa      0x7a2 syscalls.o
                0x00000000001015aa                sysCallDispatcher
 .text          0x0000000000101d4c      0x2b7 drivers/audio.o
                0x0000000000101d60                isAudioBufferEmpty
                0x0000000000101e1b                getNextAudioEvent
                0x0000000000101e74                audio_timer_handler
                0x0000000000101f8d                play_sound
                0x0000000000101fbe                clearAudioBuffer
 .text          0x0000000000102003      0x2ad drivers/keyboard.o
                0x0000000000102003                isFull
                0x0000000000102015                isKeyBufferEmpty
                0x0000000000102027                clearKeyBuffer
                0x000000000010204a                keyboard_set_enabled
                0x000000000010207c                keyboard_is_enabled
                0x0000000000102089                queue
                0x000000000010210d                getNextKey
                0x000000000010218e                keyboard_handler
 .text          0x00000000001022b0      0x806 drivers/memoryBuddy.o
                0x0000000000102445                initializeMemoryManager
                0x0000000000102727                malloc
                0x00000000001028b7                free
                0x0000000000102a0a                getTotalMemory
                0x0000000000102a2c                getUsedMemory
 .text          0x0000000000102ab6        0x0 drivers/memoryNaive.o
 .text          0x0000000000102ab6        0x0 drivers/memoryOwn.o
 .text          0x0000000000102ab6      0x2a1 drivers/screen.o
                0x0000000000102ab6                ncPrint
                0x0000000000102b21                ncPrintChar
                0x0000000000102b66                ncNewline
                0x0000000000102ba0                ncPrintDec
                0x0000000000102bc0                ncPrintHex
                0x0000000000102be0                ncPrintBin
                0x0000000000102c00                ncPrintBase
                0x0000000000102c30                ncDelChar
                0x0000000000102cd0                ncClear
                0x0000000000102d3d                ncSetStyle
 .text          0x0000000000102d57       0x51 drivers/tick.o
                0x0000000000102d57                timer_handler
                0x0000000000102d7a                ticks_elapsed
                0x0000000000102d87                seconds_elapsed
 .text          0x0000000000102da8      0x1bf drivers/time.o
                0x0000000000102da8                calibrateMilis
                0x0000000000102e56                getMilisFromBoot
                0x0000000000102eea                getTime
 .text          0x0000000000102f67     0x1b89 drivers/video.o
                0x00000000001030f0                setFpsOverlayEnabled
                0x0000000000103140                swapBuffers
                0x00000000001031a8                canvasMode
                0x00000000001031c0                clearCanvas
                0x00000000001031fb                drawPixel
                0x000000000010323f                drawLine
                0x0000000000103380                fillScreen
                0x00000000001034c2                drawRectangle
                0x0000000000103580                drawFilledRectangle
                0x0000000000103815                drawCircle
                0x00000000001038de                drawFilledCircle
                0x0000000000103978                drawText
                0x0000000000103c4e                getScreenWidth
                0x0000000000103c5f                getScreenHeight
                0x0000000000103c70                textMode
                0x0000000000103cb6                selectStyle
                0x0000000000103cd0                setTextSize
                0x0000000000103d38                clearTextBuffer
                0x0000000000104528                print
                0x00000000001045af                printChar
                0x000000000010461a                deleteChar
                0x000000000010468d                scrollDown
                0x00000000001046f3                scrollUp
                0x00000000001048e2                printHex64
                0x0000000000104956                printHex32
                0x00000000001049c8                printHex16
                0x0000000000104a3e                printDec
 .text          0x0000000000104af0       0x51 asm/audio.o
                0x0000000000104af0                output_audio_start
                0x0000000000104b29                stop_audio
                0x0000000000104b32                start_T
 *fill*         0x0000000000104b41        0xf 
 .text          0x0000000000104b50      0x2d1 asm/interrupts.o
                0x0000000000104b50                _hlt
                0x0000000000104b53                _cli
                0x0000000000104b55                _sti
                0x0000000000104b57                picMasterMask
                0x0000000000104b62                picSlaveMask
                0x0000000000104b6d                _irq00Handler
                0x0000000000104bbd                _irq01Handler
                0x0000000000104c0d                _irq02Handler
                0x0000000000104c5d                _irq03Handler
                0x0000000000104cad                _irq04Handler
                0x0000000000104cfd                _irq05Handler
                0x0000000000104d4d                _exception0Handler
                0x0000000000104d8a                _exception6Handler
                0x0000000000104dc7                _sysCallHandler
                0x0000000000104e1e                haltcpu
 *fill*         0x0000000000104e21        0xf 
 .text          0x0000000000104e30        0xa asm/keyboard.o
                0x0000000000104e30                get_keyboard_output
 *fill*         0x0000000000104e3a        0x6 
 .text          0x0000000000104e40       0x7c asm/libasm.o
                0x0000000000104e40                cpuVendor
                0x0000000000104e61                fast_memcpy
                0x0000000000104e7b                fast_memset
                0x0000000000104eb8                get_rsp
 *fill*         0x0000000000104ebc        0x4 
 .text          0x0000000000104ec0      0x115 asm/regs.o
                0x0000000000104ec0                addregs
 *fill*         0x0000000000104fd5        0xb 
 .text          0x0000000000104fe0       0x3b asm/time.o
                0x0000000000104fe0                getRDTSC
                0x0000000000104fea                getSeconds
                0x0000000000104ff1                getMinutes
                0x0000000000104ff8                getHour
                0x0000000000104fff                getDayOfWeek
                0x0000000000105006                getDayOfMonth
                0x000000000010500d                getMonth
                0x0000000000105014                getYear
                0x0000000000106000                . = ALIGN (0x1000)
 *fill*         0x000000000010501b      0xfe5 
                0x0000000000106000                rodata = .
 *(.rodata*)
 .rodata        0x0000000000106000      0x162 exceptions.o
 *fill*         0x0000000000106162        0x6 
 .rodata        0x0000000000106168      0x102 kernel.o
 .rodata        0x000000000010626a       0x8c moduleLoader.o
 *fill*         0x00000000001062f6        0x2 
 .rodata        0x00000000001062f8      0x11d registers.o
 *fill*         0x0000000000106415        0x3 
 .rodata        0x0000000000106418       0xda syscalls.o
 *fill*         0x00000000001064f2        0xe 
 .rodata        0x0000000000106500       0x7a drivers/keyboard.o
 *fill*         0x000000000010657a        0x6 
 .rodata        0x0000000000106580       0x10 drivers/screen.o
 .rodata        0x0000000000106590       0x30 drivers/time.o
 .rodata        0x00000000001065c0       0x94 drivers/video.o

.data           0x0000000000107000      0x8e4
                0x0000000000107000                data = .
 *(.data*)
 .data          0x0000000000107000        0x0 exceptions.o
 .data          0x0000000000107000        0x0 idtLoader.o
 .data          0x0000000000107000        0x0 irqDispatcher.o
 .data          0x0000000000107000        0x8 kernel.o
                0x0000000000107000                ramAmount
 .data          0x0000000000107008        0x0 lib.o
 .data          0x0000000000107008        0x0 moduleLoader.o
 .data          0x0000000000107008        0x0 registers.o
 .data          0x0000000000107008        0x0 syscalls.o
 .data          0x0000000000107008        0x0 drivers/audio.o
 .data          0x0000000000107008        0x1 drivers/keyboard.o
 .data          0x0000000000107009        0x0 drivers/memoryBuddy.o
 .data          0x0000000000107009        0x0 drivers/memoryNaive.o
 .data          0x0000000000107009        0x0 drivers/memoryOwn.o
 *fill*         0x0000000000107009       0x17 
 .data          0x0000000000107020       0x49 drivers/screen.o
 .data          0x0000000000107069        0x0 drivers/tick.o
 .data          0x0000000000107069        0x0 drivers/time.o
 *fill*         0x0000000000107069       0x17 
 .data          0x0000000000107080      0x841 drivers/video.o
                0x0000000000107080                font8x16
                0x0000000000107880                VBE_mode_info
                0x0000000000107888                backbuffer
                0x0000000000107890                text_mode_enabled
                0x00000000001078c0                selected_style
 *fill*         0x00000000001078c1        0x3 
 .data          0x00000000001078c4       0x20 asm/interrupts.o
                0x00000000001078e4                endOfKernelBinary = .

.bss            0x0000000000108000     0x9298
                0x0000000000108000                bss = .
 *(.bss*)
 .bss           0x0000000000108000        0x0 exceptions.o
 .bss           0x0000000000108000        0x8 idtLoader.o
                0x0000000000108000                idt
 .bss           0x0000000000108008        0x0 irqDispatcher.o
 .bss           0x0000000000108008       0x10 kernel.o
 .bss           0x0000000000108018        0x8 lib.o
 .bss           0x0000000000108020        0x0 moduleLoader.o
 .bss           0x0000000000108020      0x8c4 registers.o
 .bss           0x00000000001088e4        0x4 syscalls.o
 *fill*         0x00000000001088e8       0x18 
 .bss           0x0000000000108900      0x40c drivers/audio.o
 *fill*         0x0000000000108d0c       0x14 
 .bss           0x0000000000108d20      0x404 drivers/keyboard.o
                0x0000000000108d20                buffer
                0x000000000010911c                size
                0x000000000010911d                head
                0x000000000010911e                tail
                0x000000000010911f                isShiftPressed
                0x0000000000109120                null
 *fill*         0x0000000000109124       0x1c 
 .bss           0x0000000000109140       0xe0 drivers/memoryBuddy.o
                0x0000000000109140                initialized
                0x0000000000109148                managed_memory_base
                0x0000000000109150                managed_memory_size
                0x0000000000109160                free_lists
                0x00000000001091c0                bitmaps
                0x0000000000109218                page_orders
 .bss           0x0000000000109220        0x0 drivers/memoryNaive.o
 .bss           0x0000000000109220        0x0 drivers/memoryOwn.o
 .bss           0x0000000000109220        0x0 drivers/screen.o
 .bss           0x0000000000109220        0x8 drivers/tick.o
 .bss           0x0000000000109228        0x8 drivers/time.o
                0x0000000000109228                ticksPerMs
 *fill*         0x0000000000109230       0x10 
 .bss           0x0000000000109240     0x8020 drivers/video.o
                0x0000000000109240                text_buffer
                0x0000000000111240                cursor
                0x0000000000111244                offset
 .bss           0x0000000000111260        0x8 asm/interrupts.o
 .bss           0x0000000000111268       0x30 asm/regs.o
                0x0000000000111288                saved_stack_ptr
                0x0000000000111290                initial_saved_stack_ptr
 *(EXCLUDE_FILE(*.o) COMMON)
                0x0000000000112000                . = ALIGN (0x1000)
                0x0000000000112000                endOfKernel = .
LOAD loader.o
LOAD exceptions.o
LOAD idtLoader.o
LOAD irqDispatcher.o
LOAD kernel.o
LOAD lib.o
LOAD moduleLoader.o
LOAD registers.o
LOAD syscalls.o
LOAD drivers/audio.o
LOAD drivers/keyboard.o
LOAD drivers/memoryBuddy.o
LOAD drivers/memoryNaive.o
LOAD drivers/memoryOwn.o
LOAD drivers/screen.o
LOAD drivers/tick.o
LOAD drivers/time.o
LOAD drivers/video.o
LOAD asm/audio.o
LOAD asm/interrupts.o
LOAD asm/keyboard.o
LOAD asm/libasm.o
LOAD asm/regs.o
LOAD asm/time.o
OUTPUT(kernel.bin binary)

.comment        0x0000000000000000      0x220
 .comment       0x0000000000000000       0x20 exceptions.o
 .comment       0x0000000000000020       0x20 idtLoader.o
 .comment       0x0000000000000040       0x20 irqDispatcher.o
 .comment       0x0000000000000060       0x20 kernel.o
 .comment       0x0000000000000080       0x20 lib.o
 .comment       0x00000000000000a0       0x20 moduleLoader.o
 .comment       0x00000000000000c0       0x20 registers.o
 .comment       0x00000000000000e0       0x20 syscalls.o
 .comment       0x0000000000000100       0x20 drivers/audio.o
 .comment       0x0000000000000120       0x20 drivers/keyboard.o
 .comment       0x0000000000000140       0x20 drivers/memoryBuddy.o
 .comment       0x0000000000000160       0x20 drivers/memoryNaive.o
 .comment       0x0000000000000180       0x20 drivers/memoryOwn.o
 .comment       0x00000000000001a0       0x20 drivers/screen.o
 .comment       0x00000000000001c0       0x20 drivers/tick.o
 .comment       0x00000000000001e0       0x20 drivers/time.o
 .comment       0x0000000000000200       0x20 drivers/video.o

.note.GNU-stack
                0x0000000000000000        0x0
 .note.GNU-stack
                0x0000000000000000        0x0 exceptions.o
 .note.GNU-stack
                0x0000000000000000        0x0 idtLoader.o
 .note.GNU-stack
                0x0000000000000000        0x0 irqDispatcher.o
 .note.GNU-stack
                0x0000000000000000        0x0 kernel.o
 .note.GNU-stack
                0x0000000000000000        0x0 lib.o
 .note.GNU-stack
                0x0000000000000000        0x0 moduleLoader.o
 .note.GNU-stack
                0x0000000000000000        0x0 registers.o
 .note.GNU-stack
                0x0000000000000000        0x0 syscalls.o
 .note.GNU-stack
                0x0000000000000000        0x0 drivers/audio.o
 .note.GNU-stack
                0x0000000000000000        0x0 drivers/keyboard.o
 .note.GNU-stack
                0x0000000000000000        0x0 drivers/memoryBuddy.o
 .note.GNU-stack
                0x0000000000000000        0x0 drivers/memoryNaive.o
 .note.GNU-stack
                0x0000000000000000        0x0 drivers/memoryOwn.o
 .note.GNU-stack
                0x0000000000000000        0x0 drivers/screen.o
 .note.GNU-stack
                0x0000000000000000        0x0 drivers/tick.o
 .note.GNU-stack
                0x0000000000000000        0x0 drivers/time.o
 .note.GNU-stack
                0x0000000000000000        0x0 drivers/video.o
