
Memory Configuration

Name             Origin             Length             Attributes
*default*        0x0000000000000000 0xffffffffffffffff

Linker script and memory map


.text           0x0000000000100000     0x4444
                0x0000000000100000                text = .
 *(.text*)
 .text          0x0000000000100000       0x11 loader.o
                0x0000000000100000                loader
 .text          0x0000000000100011       0xa6 exceptions.o
                0x0000000000100011                exceptionDispatcher
 .text          0x00000000001000b7      0x155 idtLoader.o
                0x00000000001000b7                load_idt
 .text          0x000000000010020c       0x62 irqDispatcher.o
                0x000000000010020c                irqDispatcher
 .text          0x000000000010026e      0x224 kernel.o
                0x000000000010026e                getShellAddress
                0x0000000000100279                clearBSS
                0x00000000001002a1                getStackBase
                0x00000000001002c0                initializeKernelBinary
                0x0000000000100446                main
 .text          0x0000000000100492      0x2e4 lib.o
                0x0000000000100492                memset
                0x000000000010054d                memcpy
                0x0000000000100628                alloc
                0x0000000000100697                uintToBase
 .text          0x0000000000100776      0x19c moduleLoader.o
                0x0000000000100776                loadModules
 .text          0x0000000000100912      0x582 registers.o
                0x0000000000100912                printHexToBuffer
                0x0000000000100976                printHex16ToBuffer
                0x00000000001009a7                printHex64ToBuffer
                0x00000000001009f2                append
                0x0000000000100a51                appendChar
                0x0000000000100a98                DoArray
                0x0000000000100e5c                dump_registers
                0x0000000000100e89                get_register_dump
 .text          0x0000000000100e94      0x5d3 syscalls.o
                0x0000000000100e94                sysCallDispatcher
 .text          0x0000000000101467      0x23c drivers/keyboard.o
                0x0000000000101467                isFull
                0x0000000000101479                isKeyBufferEmpty
                0x000000000010148b                clearKeyBuffer
                0x00000000001014a7                queue
                0x000000000010152b                getNextKey
                0x0000000000101596                keyboard_handler
 .text          0x00000000001016a3        0x0 drivers/mouse.o
 .text          0x00000000001016a3      0x2a1 drivers/screen.o
                0x00000000001016a3                ncPrint
                0x000000000010170e                ncPrintChar
                0x0000000000101753                ncNewline
                0x000000000010178d                ncPrintDec
                0x00000000001017ad                ncPrintHex
                0x00000000001017cd                ncPrintBin
                0x00000000001017ed                ncPrintBase
                0x000000000010181d                ncDelChar
                0x00000000001018bd                ncClear
                0x000000000010192a                ncSetStyle
 .text          0x0000000000101944       0x47 drivers/tick.o
                0x0000000000101944                timer_handler
                0x000000000010195d                ticks_elapsed
                0x000000000010196a                seconds_elapsed
 .text          0x000000000010198b      0x125 drivers/time.o
                0x000000000010198b                calibrateMilis
                0x00000000001019fe                getMilisFromBoot
                0x0000000000101a1f                getTime
 .text          0x0000000000101ab0     0x11e4 drivers/video.o
                0x0000000000101b63                swapBuffers
                0x0000000000101bb2                canvasMode
                0x0000000000101bca                clearCanvas
                0x0000000000101c05                drawPixel
                0x0000000000101c49                drawLine
                0x0000000000101d8a                drawRectangle
                0x0000000000101e48                drawFilledRectangle
                0x00000000001020d8                drawCircle
                0x00000000001021a1                drawFilledCircle
                0x000000000010223b                drawText
                0x0000000000102456                textMode
                0x0000000000102492                selectStyle
                0x00000000001024ac                clearTextBuffer
                0x0000000000102900                print
                0x0000000000102987                printChar
                0x00000000001029f5                deleteChar
                0x0000000000102a5a                scrollDown
                0x0000000000102abb                scrollUp
                0x0000000000102b38                printHex64
                0x0000000000102bac                printHex32
                0x0000000000102c1e                printHex16
 *fill*         0x0000000000102c94        0xc 
 .text          0x0000000000102ca0      0x295 asm/interrupts.o
                0x0000000000102ca0                _hlt
                0x0000000000102ca3                _cli
                0x0000000000102ca5                _sti
                0x0000000000102ca7                picMasterMask
                0x0000000000102cb2                picSlaveMask
                0x0000000000102cbd                _irq00Handler
                0x0000000000102d03                _irq01Handler
                0x0000000000102d49                _irq02Handler
                0x0000000000102d8f                _irq03Handler
                0x0000000000102dd5                _irq04Handler
                0x0000000000102e1b                _irq05Handler
                0x0000000000102e61                _exception0Handler
                0x0000000000102e9e                _exception6Handler
                0x0000000000102edb                _sysCallHandler
                0x0000000000102f32                haltcpu
 *fill*         0x0000000000102f35        0xb 
 .text          0x0000000000102f40        0xa asm/keyboard.o
                0x0000000000102f40                get_keyboard_output
 *fill*         0x0000000000102f4a        0x6 
 .text          0x0000000000102f50       0x21 asm/libasm.o
                0x0000000000102f50                cpuVendor
 *fill*         0x0000000000102f71        0xf 
 .text          0x0000000000102f80      0x109 asm/regs.o
                0x0000000000102f80                backupregs
                0x0000000000102fa1                addregs
 *fill*         0x0000000000103089        0x7 
 .text          0x0000000000103090       0x3b asm/time.o
                0x0000000000103090                getMilis
                0x000000000010309a                getSeconds
                0x00000000001030a1                getMinutes
                0x00000000001030a8                getHour
                0x00000000001030af                getDayOfWeek
                0x00000000001030b6                getDayOfMonth
                0x00000000001030bd                getMonth
                0x00000000001030c4                getYear
 *fill*         0x00000000001030cb        0x5 
 .text          0x00000000001030d0        0xf asm/video.o
                0x00000000001030d0                vsync_wait
                0x0000000000104000                . = ALIGN (0x1000)
 *fill*         0x00000000001030df      0xf21 
                0x0000000000104000                rodata = .
 *(.rodata*)
 .rodata        0x0000000000104000       0x38 exceptions.o
 .rodata        0x0000000000104038       0xc9 kernel.o
 .rodata        0x0000000000104101       0x3d moduleLoader.o
 *fill*         0x000000000010413e        0x2 
 .rodata        0x0000000000104140      0x12d registers.o
 *fill*         0x000000000010426d        0x3 
 .rodata        0x0000000000104270       0xa9 syscalls.o
 *fill*         0x0000000000104319        0x7 
 .rodata        0x0000000000104320       0x7a drivers/keyboard.o
 *fill*         0x000000000010439a        0x6 
 .rodata        0x00000000001043a0       0x10 drivers/screen.o
 .rodata        0x00000000001043b0       0x94 drivers/video.o

.data           0x0000000000105000      0x894
                0x0000000000105000                data = .
 *(.data*)
 .data          0x0000000000105000        0x0 exceptions.o
 .data          0x0000000000105000        0x0 idtLoader.o
 .data          0x0000000000105000        0x0 irqDispatcher.o
 .data          0x0000000000105000        0x0 kernel.o
 .data          0x0000000000105000        0x0 lib.o
 .data          0x0000000000105000        0x0 moduleLoader.o
 .data          0x0000000000105000        0x0 registers.o
 .data          0x0000000000105000        0x0 syscalls.o
 .data          0x0000000000105000        0x0 drivers/keyboard.o
 .data          0x0000000000105000        0x0 drivers/mouse.o
 .data          0x0000000000105000       0x49 drivers/screen.o
 .data          0x0000000000105049        0x0 drivers/tick.o
 .data          0x0000000000105049        0x0 drivers/time.o
 *fill*         0x0000000000105049       0x17 
 .data          0x0000000000105060      0x814 drivers/video.o
                0x0000000000105060                font8x16
                0x0000000000105860                VBE_mode_info
                0x0000000000105868                backbuffer
                0x0000000000105870                text_mode_enabled
                0x0000000000105871                selected_style
                0x0000000000105872                text_size
 .data          0x0000000000105874       0x20 asm/interrupts.o
                0x0000000000105894                endOfKernelBinary = .

.bss            0x0000000000106000     0x1d58
                0x0000000000106000                bss = .
 *(.bss*)
 .bss           0x0000000000106000        0x0 exceptions.o
 .bss           0x0000000000106000        0x8 idtLoader.o
                0x0000000000106000                idt
 .bss           0x0000000000106008        0x0 irqDispatcher.o
 .bss           0x0000000000106008        0x0 kernel.o
 .bss           0x0000000000106008        0x8 lib.o
 .bss           0x0000000000106010        0x4 moduleLoader.o
 *fill*         0x0000000000106014        0xc 
 .bss           0x0000000000106020      0x8c4 registers.o
 .bss           0x00000000001068e4        0x4 syscalls.o
 *fill*         0x00000000001068e8       0x18 
 .bss           0x0000000000106900      0x400 drivers/keyboard.o
                0x0000000000106900                buffer
                0x0000000000106cfc                size
                0x0000000000106cfd                head
                0x0000000000106cfe                tail
                0x0000000000106cff                isShiftPressed
 .bss           0x0000000000106d00        0x0 drivers/mouse.o
 .bss           0x0000000000106d00        0x0 drivers/screen.o
 .bss           0x0000000000106d00        0x8 drivers/tick.o
 .bss           0x0000000000106d08        0x4 drivers/time.o
                0x0000000000106d08                ticksPerMs
 *fill*         0x0000000000106d0c       0x14 
 .bss           0x0000000000106d20     0x1008 drivers/video.o
                0x0000000000106d20                text_buffer
                0x0000000000107d20                cursor
                0x0000000000107d24                offset
 .bss           0x0000000000107d28        0x8 asm/interrupts.o
 .bss           0x0000000000107d30       0x28 asm/regs.o
                0x0000000000107d50                saved_stack_ptr
 *(EXCLUDE_FILE(*.o) COMMON)
                0x0000000000108000                . = ALIGN (0x1000)
                0x0000000000108000                endOfKernel = .
LOAD loader.o
LOAD exceptions.o
LOAD idtLoader.o
LOAD irqDispatcher.o
LOAD kernel.o
LOAD lib.o
LOAD moduleLoader.o
LOAD registers.o
LOAD syscalls.o
LOAD drivers/keyboard.o
LOAD drivers/mouse.o
LOAD drivers/screen.o
LOAD drivers/tick.o
LOAD drivers/time.o
LOAD drivers/video.o
LOAD asm/interrupts.o
LOAD asm/keyboard.o
LOAD asm/libasm.o
LOAD asm/mouse.o
LOAD asm/regs.o
LOAD asm/time.o
LOAD asm/video.o
OUTPUT(kernel.bin binary)

.comment        0x0000000000000000      0x1c0
 .comment       0x0000000000000000       0x20 exceptions.o
 .comment       0x0000000000000020       0x20 idtLoader.o
 .comment       0x0000000000000040       0x20 irqDispatcher.o
 .comment       0x0000000000000060       0x20 kernel.o
 .comment       0x0000000000000080       0x20 lib.o
 .comment       0x00000000000000a0       0x20 moduleLoader.o
 .comment       0x00000000000000c0       0x20 registers.o
 .comment       0x00000000000000e0       0x20 syscalls.o
 .comment       0x0000000000000100       0x20 drivers/keyboard.o
 .comment       0x0000000000000120       0x20 drivers/mouse.o
 .comment       0x0000000000000140       0x20 drivers/screen.o
 .comment       0x0000000000000160       0x20 drivers/tick.o
 .comment       0x0000000000000180       0x20 drivers/time.o
 .comment       0x00000000000001a0       0x20 drivers/video.o

.note.GNU-stack
                0x0000000000000000        0x0
 .note.GNU-stack
                0x0000000000000000        0x0 exceptions.o
 .note.GNU-stack
                0x0000000000000000        0x0 idtLoader.o
 .note.GNU-stack
                0x0000000000000000        0x0 irqDispatcher.o
 .note.GNU-stack
                0x0000000000000000        0x0 kernel.o
 .note.GNU-stack
                0x0000000000000000        0x0 lib.o
 .note.GNU-stack
                0x0000000000000000        0x0 moduleLoader.o
 .note.GNU-stack
                0x0000000000000000        0x0 registers.o
 .note.GNU-stack
                0x0000000000000000        0x0 syscalls.o
 .note.GNU-stack
                0x0000000000000000        0x0 drivers/keyboard.o
 .note.GNU-stack
                0x0000000000000000        0x0 drivers/mouse.o
 .note.GNU-stack
                0x0000000000000000        0x0 drivers/screen.o
 .note.GNU-stack
                0x0000000000000000        0x0 drivers/tick.o
 .note.GNU-stack
                0x0000000000000000        0x0 drivers/time.o
 .note.GNU-stack
                0x0000000000000000        0x0 drivers/video.o
